2026-05-26 17:02:06,342 - DEBUG - ProtectionChain: cannot import domain.WebController.protector.csrf.CSRF_protection: No module named 'domain.WebController'| extra=asctime='2026-05-26 17:02:06,342'
2026-05-26 17:02:06,342 - DEBUG - setup_security: loaded 0 handlers from domain.WebController.protector.csrf.CSRF_protection| extra=asctime='2026-05-26 17:02:06,342'
2026-05-26 17:02:06,342 - DEBUG - ProtectionChain: cannot import domain.WebController.protector.input.InputValidator: No module named 'domain.WebController'| extra=asctime='2026-05-26 17:02:06,342'
2026-05-26 17:02:06,342 - DEBUG - setup_security: loaded 0 handlers from domain.WebController.protector.input.InputValidator| extra=asctime='2026-05-26 17:02:06,342'
2026-05-26 17:02:06,358 - DEBUG - ProtectionChain: cannot import domain.WebController.protector.ratelimit.RateLimiter: No module named 'domain.WebController'| extra=asctime='2026-05-26 17:02:06,358'
2026-05-26 17:02:06,358 - DEBUG - setup_security: loaded 0 handlers from domain.WebController.protector.ratelimit.RateLimiter| extra=asctime='2026-05-26 17:02:06,358'
2026-05-26 17:02:06,358 - DEBUG - ProtectionChain: cannot import domain.WebController.protector.obsec.Obsecurity: No module named 'domain.WebController'| extra=asctime='2026-05-26 17:02:06,358'
2026-05-26 17:02:06,358 - DEBUG - setup_security: loaded 0 handlers from domain.WebController.protector.obsec.Obsecurity| extra=asctime='2026-05-26 17:02:06,358'
2026-05-26 17:06:15,135 - DEBUG - ProtectionChain: cannot import domain.WebController.protector.csrf.CSRF_protection: No module named 'domain.WebController'| extra=asctime='2026-05-26 17:06:15,135'
2026-05-26 17:06:15,151 - DEBUG - setup_security: loaded 0 handlers from domain.WebController.protector.csrf.CSRF_protection| extra=asctime='2026-05-26 17:06:15,151'
2026-05-26 17:06:15,151 - DEBUG - ProtectionChain: cannot import domain.WebController.protector.input.InputValidator: No module named 'domain.WebController'| extra=asctime='2026-05-26 17:06:15,151'
2026-05-26 17:06:15,151 - DEBUG - setup_security: loaded 0 handlers from domain.WebController.protector.input.InputValidator| extra=asctime='2026-05-26 17:06:15,151'
2026-05-26 17:06:15,151 - DEBUG - ProtectionChain: cannot import domain.WebController.protector.ratelimit.RateLimiter: No module named 'domain.WebController'| extra=asctime='2026-05-26 17:06:15,151'
2026-05-26 17:06:15,151 - DEBUG - setup_security: loaded 0 handlers from domain.WebController.protector.ratelimit.RateLimiter| extra=asctime='2026-05-26 17:06:15,151'
2026-05-26 17:06:15,151 - DEBUG - ProtectionChain: cannot import domain.WebController.protector.obsec.Obsecurity: No module named 'domain.WebController'| extra=asctime='2026-05-26 17:06:15,151'
2026-05-26 17:06:15,151 - DEBUG - setup_security: loaded 0 handlers from domain.WebController.protector.obsec.Obsecurity| extra=asctime='2026-05-26 17:06:15,151'
2026-05-26 17:12:22,840 - DEBUG - ProtectionChain: cannot import domain.WebController.protector.csrf.CSRF_protection: No module named 'domain.WebController'| extra=asctime='2026-05-26 17:12:22,840'
2026-05-26 17:12:22,840 - DEBUG - setup_security: loaded 0 handlers from domain.WebController.protector.csrf.CSRF_protection| extra=asctime='2026-05-26 17:12:22,840'
2026-05-26 17:12:22,840 - DEBUG - ProtectionChain: cannot import domain.WebController.protector.input.InputValidator: No module named 'domain.WebController'| extra=asctime='2026-05-26 17:12:22,840'
2026-05-26 17:12:22,840 - DEBUG - setup_security: loaded 0 handlers from domain.WebController.protector.input.InputValidator| extra=asctime='2026-05-26 17:12:22,840'
2026-05-26 17:12:22,840 - DEBUG - ProtectionChain: cannot import domain.WebController.protector.ratelimit.RateLimiter: No module named 'domain.WebController'| extra=asctime='2026-05-26 17:12:22,840'
2026-05-26 17:12:22,840 - DEBUG - setup_security: loaded 0 handlers from domain.WebController.protector.ratelimit.RateLimiter| extra=asctime='2026-05-26 17:12:22,840'
2026-05-26 17:12:22,840 - DEBUG - ProtectionChain: cannot import domain.WebController.protector.obsec.Obsecurity: No module named 'domain.WebController'| extra=asctime='2026-05-26 17:12:22,840'
2026-05-26 17:12:22,840 - DEBUG - setup_security: loaded 0 handlers from domain.WebController.protector.obsec.Obsecurity| extra=asctime='2026-05-26 17:12:22,840'
2026-05-26 17:12:32,167 - DEBUG - ProtectionChain: cannot import domain.WebController.protector.csrf.CSRF_protection: No module named 'domain.WebController'| extra=asctime='2026-05-26 17:12:32,167'
2026-05-26 17:12:32,167 - DEBUG - setup_security: loaded 0 handlers from domain.WebController.protector.csrf.CSRF_protection| extra=asctime='2026-05-26 17:12:32,167'
2026-05-26 17:12:32,167 - DEBUG - ProtectionChain: cannot import domain.WebController.protector.input.InputValidator: No module named 'domain.WebController'| extra=asctime='2026-05-26 17:12:32,167'
2026-05-26 17:12:32,167 - DEBUG - setup_security: loaded 0 handlers from domain.WebController.protector.input.InputValidator| extra=asctime='2026-05-26 17:12:32,167'
2026-05-26 17:12:32,167 - DEBUG - ProtectionChain: cannot import domain.WebController.protector.ratelimit.RateLimiter: No module named 'domain.WebController'| extra=asctime='2026-05-26 17:12:32,167'
2026-05-26 17:12:32,167 - DEBUG - setup_security: loaded 0 handlers from domain.WebController.protector.ratelimit.RateLimiter| extra=asctime='2026-05-26 17:12:32,167'
2026-05-26 17:12:32,167 - DEBUG - ProtectionChain: cannot import domain.WebController.protector.obsec.Obsecurity: No module named 'domain.WebController'| extra=asctime='2026-05-26 17:12:32,167'
2026-05-26 17:12:32,167 - DEBUG - setup_security: loaded 0 handlers from domain.WebController.protector.obsec.Obsecurity| extra=asctime='2026-05-26 17:12:32,167'
2026-05-26 17:13:10,126 - DEBUG - ProtectionChain: cannot import domain.WebController.protector.csrf.CSRF_protection: No module named 'domain.WebController'| extra=asctime='2026-05-26 17:13:10,126'
2026-05-26 17:13:10,126 - DEBUG - setup_security: loaded 0 handlers from domain.WebController.protector.csrf.CSRF_protection| extra=asctime='2026-05-26 17:13:10,126'
2026-05-26 17:13:10,126 - DEBUG - ProtectionChain: cannot import domain.WebController.protector.input.InputValidator: No module named 'domain.WebController'| extra=asctime='2026-05-26 17:13:10,126'
2026-05-26 17:13:10,126 - DEBUG - setup_security: loaded 0 handlers from domain.WebController.protector.input.InputValidator| extra=asctime='2026-05-26 17:13:10,126'
2026-05-26 17:13:10,126 - DEBUG - ProtectionChain: cannot import domain.WebController.protector.ratelimit.RateLimiter: No module named 'domain.WebController'| extra=asctime='2026-05-26 17:13:10,126'
2026-05-26 17:13:10,126 - DEBUG - setup_security: loaded 0 handlers from domain.WebController.protector.ratelimit.RateLimiter| extra=asctime='2026-05-26 17:13:10,126'
2026-05-26 17:13:10,126 - DEBUG - ProtectionChain: cannot import domain.WebController.protector.obsec.Obsecurity: No module named 'domain.WebController'| extra=asctime='2026-05-26 17:13:10,126'
2026-05-26 17:13:10,126 - DEBUG - setup_security: loaded 0 handlers from domain.WebController.protector.obsec.Obsecurity| extra=asctime='2026-05-26 17:13:10,126'
2026-05-26 17:13:22,278 - DEBUG - ProtectionChain: cannot import domain.WebController.protector.csrf.CSRF_protection: No module named 'domain.WebController'| extra=asctime='2026-05-26 17:13:22,278'
2026-05-26 17:13:22,278 - DEBUG - setup_security: loaded 0 handlers from domain.WebController.protector.csrf.CSRF_protection| extra=asctime='2026-05-26 17:13:22,278'
2026-05-26 17:13:22,278 - DEBUG - ProtectionChain: cannot import domain.WebController.protector.input.InputValidator: No module named 'domain.WebController'| extra=asctime='2026-05-26 17:13:22,278'
2026-05-26 17:13:22,278 - DEBUG - setup_security: loaded 0 handlers from domain.WebController.protector.input.InputValidator| extra=asctime='2026-05-26 17:13:22,278'
2026-05-26 17:13:22,278 - DEBUG - ProtectionChain: cannot import domain.WebController.protector.ratelimit.RateLimiter: No module named 'domain.WebController'| extra=asctime='2026-05-26 17:13:22,278'
2026-05-26 17:13:22,278 - DEBUG - setup_security: loaded 0 handlers from domain.WebController.protector.ratelimit.RateLimiter| extra=asctime='2026-05-26 17:13:22,278'
2026-05-26 17:13:22,278 - DEBUG - ProtectionChain: cannot import domain.WebController.protector.obsec.Obsecurity: No module named 'domain.WebController'| extra=asctime='2026-05-26 17:13:22,278'
2026-05-26 17:13:22,278 - DEBUG - setup_security: loaded 0 handlers from domain.WebController.protector.obsec.Obsecurity| extra=asctime='2026-05-26 17:13:22,278'
2026-05-26 17:15:10,000 - DEBUG - ProtectionChain: cannot import domain.WebController.protector.csrf.CSRF_protection: No module named 'domain.WebController'| extra=asctime='2026-05-26 17:15:10,000'
2026-05-26 17:15:10,000 - DEBUG - setup_security: loaded 0 handlers from domain.WebController.protector.csrf.CSRF_protection| extra=asctime='2026-05-26 17:15:10,000'
2026-05-26 17:15:10,000 - DEBUG - ProtectionChain: cannot import domain.WebController.protector.input.InputValidator: No module named 'domain.WebController'| extra=asctime='2026-05-26 17:15:10,000'
2026-05-26 17:15:10,000 - DEBUG - setup_security: loaded 0 handlers from domain.WebController.protector.input.InputValidator| extra=asctime='2026-05-26 17:15:10,000'
2026-05-26 17:15:10,000 - DEBUG - ProtectionChain: cannot import domain.WebController.protector.ratelimit.RateLimiter: No module named 'domain.WebController'| extra=asctime='2026-05-26 17:15:10,000'
2026-05-26 17:15:10,000 - DEBUG - setup_security: loaded 0 handlers from domain.WebController.protector.ratelimit.RateLimiter| extra=asctime='2026-05-26 17:15:10,000'
2026-05-26 17:15:10,000 - DEBUG - ProtectionChain: cannot import domain.WebController.protector.obsec.Obsecurity: No module named 'domain.WebController'| extra=asctime='2026-05-26 17:15:10,000'
2026-05-26 17:15:10,000 - DEBUG - setup_security: loaded 0 handlers from domain.WebController.protector.obsec.Obsecurity| extra=asctime='2026-05-26 17:15:10,000'
2026-05-26 17:15:40,837 - DEBUG - ProtectionChain: cannot import domain.WebController.protector.csrf.CSRF_protection: No module named 'domain.WebController'| extra=asctime='2026-05-26 17:15:40,837'
2026-05-26 17:15:40,837 - DEBUG - setup_security: loaded 0 handlers from domain.WebController.protector.csrf.CSRF_protection| extra=asctime='2026-05-26 17:15:40,837'
2026-05-26 17:15:40,837 - DEBUG - ProtectionChain: cannot import domain.WebController.protector.input.InputValidator: No module named 'domain.WebController'| extra=asctime='2026-05-26 17:15:40,837'
2026-05-26 17:15:40,837 - DEBUG - setup_security: loaded 0 handlers from domain.WebController.protector.input.InputValidator| extra=asctime='2026-05-26 17:15:40,837'
2026-05-26 17:15:40,837 - DEBUG - ProtectionChain: cannot import domain.WebController.protector.ratelimit.RateLimiter: No module named 'domain.WebController'| extra=asctime='2026-05-26 17:15:40,837'
2026-05-26 17:15:40,837 - DEBUG - setup_security: loaded 0 handlers from domain.WebController.protector.ratelimit.RateLimiter| extra=asctime='2026-05-26 17:15:40,837'
2026-05-26 17:15:40,837 - DEBUG - ProtectionChain: cannot import domain.WebController.protector.obsec.Obsecurity: No module named 'domain.WebController'| extra=asctime='2026-05-26 17:15:40,837'
2026-05-26 17:15:40,837 - DEBUG - setup_security: loaded 0 handlers from domain.WebController.protector.obsec.Obsecurity| extra=asctime='2026-05-26 17:15:40,837'
2026-05-26 17:17:20,441 - DEBUG - ProtectionChain: cannot import domain.WebController.protector.csrf.CSRF_protection: No module named 'domain.WebController'| extra=asctime='2026-05-26 17:17:20,441'
2026-05-26 17:17:20,441 - DEBUG - setup_security: loaded 0 handlers from domain.WebController.protector.csrf.CSRF_protection| extra=asctime='2026-05-26 17:17:20,441'
2026-05-26 17:17:20,441 - DEBUG - ProtectionChain: cannot import domain.WebController.protector.input.InputValidator: No module named 'domain.WebController'| extra=asctime='2026-05-26 17:17:20,441'
2026-05-26 17:17:20,441 - DEBUG - setup_security: loaded 0 handlers from domain.WebController.protector.input.InputValidator| extra=asctime='2026-05-26 17:17:20,441'
2026-05-26 17:17:20,441 - DEBUG - ProtectionChain: cannot import domain.WebController.protector.ratelimit.RateLimiter: No module named 'domain.WebController'| extra=asctime='2026-05-26 17:17:20,441'
2026-05-26 17:17:20,441 - DEBUG - setup_security: loaded 0 handlers from domain.WebController.protector.ratelimit.RateLimiter| extra=asctime='2026-05-26 17:17:20,441'
2026-05-26 17:17:20,441 - DEBUG - ProtectionChain: cannot import domain.WebController.protector.obsec.Obsecurity: No module named 'domain.WebController'| extra=asctime='2026-05-26 17:17:20,441'
2026-05-26 17:17:20,441 - DEBUG - setup_security: loaded 0 handlers from domain.WebController.protector.obsec.Obsecurity| extra=asctime='2026-05-26 17:17:20,441'
2026-05-26 17:17:47,992 - DEBUG - ProtectionChain: cannot import domain.WebController.protector.csrf.CSRF_protection: No module named 'domain.WebController'| extra=asctime='2026-05-26 17:17:47,992'
2026-05-26 17:17:47,992 - DEBUG - setup_security: loaded 0 handlers from domain.WebController.protector.csrf.CSRF_protection| extra=asctime='2026-05-26 17:17:47,992'
2026-05-26 17:17:47,992 - DEBUG - ProtectionChain: cannot import domain.WebController.protector.input.InputValidator: No module named 'domain.WebController'| extra=asctime='2026-05-26 17:17:47,992'
2026-05-26 17:17:47,992 - DEBUG - setup_security: loaded 0 handlers from domain.WebController.protector.input.InputValidator| extra=asctime='2026-05-26 17:17:47,992'
2026-05-26 17:17:47,992 - DEBUG - ProtectionChain: cannot import domain.WebController.protector.ratelimit.RateLimiter: No module named 'domain.WebController'| extra=asctime='2026-05-26 17:17:47,992'
2026-05-26 17:17:47,992 - DEBUG - setup_security: loaded 0 handlers from domain.WebController.protector.ratelimit.RateLimiter| extra=asctime='2026-05-26 17:17:47,992'
2026-05-26 17:17:47,992 - DEBUG - ProtectionChain: cannot import domain.WebController.protector.obsec.Obsecurity: No module named 'domain.WebController'| extra=asctime='2026-05-26 17:17:47,992'
2026-05-26 17:17:47,992 - DEBUG - setup_security: loaded 0 handlers from domain.WebController.protector.obsec.Obsecurity| extra=asctime='2026-05-26 17:17:47,992'
2026-05-26 17:17:58,674 - DEBUG - ProtectionChain: cannot import domain.WebController.protector.csrf.CSRF_protection: No module named 'domain.WebController'| extra=asctime='2026-05-26 17:17:58,674'
2026-05-26 17:17:58,674 - DEBUG - setup_security: loaded 0 handlers from domain.WebController.protector.csrf.CSRF_protection| extra=asctime='2026-05-26 17:17:58,674'
2026-05-26 17:17:58,674 - DEBUG - ProtectionChain: cannot import domain.WebController.protector.input.InputValidator: No module named 'domain.WebController'| extra=asctime='2026-05-26 17:17:58,674'
2026-05-26 17:17:58,674 - DEBUG - setup_security: loaded 0 handlers from domain.WebController.protector.input.InputValidator| extra=asctime='2026-05-26 17:17:58,674'
2026-05-26 17:17:58,674 - DEBUG - ProtectionChain: cannot import domain.WebController.protector.ratelimit.RateLimiter: No module named 'domain.WebController'| extra=asctime='2026-05-26 17:17:58,674'
2026-05-26 17:17:58,674 - DEBUG - setup_security: loaded 0 handlers from domain.WebController.protector.ratelimit.RateLimiter| extra=asctime='2026-05-26 17:17:58,674'
2026-05-26 17:17:58,674 - DEBUG - ProtectionChain: cannot import domain.WebController.protector.obsec.Obsecurity: No module named 'domain.WebController'| extra=asctime='2026-05-26 17:17:58,674'
2026-05-26 17:17:58,674 - DEBUG - setup_security: loaded 0 handlers from domain.WebController.protector.obsec.Obsecurity| extra=asctime='2026-05-26 17:17:58,674'
2026-05-26 17:18:07,593 - DEBUG - ProtectionChain: cannot import domain.WebController.protector.csrf.CSRF_protection: No module named 'domain.WebController'| extra=asctime='2026-05-26 17:18:07,593'
2026-05-26 17:18:07,593 - DEBUG - setup_security: loaded 0 handlers from domain.WebController.protector.csrf.CSRF_protection| extra=asctime='2026-05-26 17:18:07,593'
2026-05-26 17:18:07,608 - DEBUG - ProtectionChain: cannot import domain.WebController.protector.input.InputValidator: No module named 'domain.WebController'| extra=asctime='2026-05-26 17:18:07,608'
2026-05-26 17:18:07,608 - DEBUG - setup_security: loaded 0 handlers from domain.WebController.protector.input.InputValidator| extra=asctime='2026-05-26 17:18:07,608'
2026-05-26 17:18:07,608 - DEBUG - ProtectionChain: cannot import domain.WebController.protector.ratelimit.RateLimiter: No module named 'domain.WebController'| extra=asctime='2026-05-26 17:18:07,608'
2026-05-26 17:18:07,608 - DEBUG - setup_security: loaded 0 handlers from domain.WebController.protector.ratelimit.RateLimiter| extra=asctime='2026-05-26 17:18:07,608'
2026-05-26 17:18:07,608 - DEBUG - ProtectionChain: cannot import domain.WebController.protector.obsec.Obsecurity: No module named 'domain.WebController'| extra=asctime='2026-05-26 17:18:07,608'
2026-05-26 17:18:07,608 - DEBUG - setup_security: loaded 0 handlers from domain.WebController.protector.obsec.Obsecurity| extra=asctime='2026-05-26 17:18:07,608'
