2026-05-13 00:09:46,780 - DEBUG - ProtectionChain: cannot import domain.WebController.protector.csrf.CSRF_protection: No module named 'domain.WebController'| extra=asctime='2026-05-13 00:09:46,780'
2026-05-13 00:09:46,780 - DEBUG - setup_security: loaded 0 handlers from domain.WebController.protector.csrf.CSRF_protection| extra=asctime='2026-05-13 00:09:46,780'
2026-05-13 00:09:46,780 - DEBUG - ProtectionChain: cannot import domain.WebController.protector.input.InputValidator: No module named 'domain.WebController'| extra=asctime='2026-05-13 00:09:46,780'
2026-05-13 00:09:46,780 - DEBUG - setup_security: loaded 0 handlers from domain.WebController.protector.input.InputValidator| extra=asctime='2026-05-13 00:09:46,780'
2026-05-13 00:09:46,780 - DEBUG - ProtectionChain: cannot import domain.WebController.protector.ratelimit.RateLimiter: No module named 'domain.WebController'| extra=asctime='2026-05-13 00:09:46,780'
2026-05-13 00:09:46,780 - DEBUG - setup_security: loaded 0 handlers from domain.WebController.protector.ratelimit.RateLimiter| extra=asctime='2026-05-13 00:09:46,780'
2026-05-13 00:09:46,780 - DEBUG - ProtectionChain: cannot import domain.WebController.protector.obsec.Obsecurity: No module named 'domain.WebController'| extra=asctime='2026-05-13 00:09:46,780'
2026-05-13 00:09:46,780 - DEBUG - setup_security: loaded 0 handlers from domain.WebController.protector.obsec.Obsecurity| extra=asctime='2026-05-13 00:09:46,780'
2026-05-13 00:18:19,160 - DEBUG - ProtectionChain: cannot import domain.WebController.protector.csrf.CSRF_protection: No module named 'domain.WebController'| extra=asctime='2026-05-13 00:18:19,160'
2026-05-13 00:18:19,160 - DEBUG - setup_security: loaded 0 handlers from domain.WebController.protector.csrf.CSRF_protection| extra=asctime='2026-05-13 00:18:19,160'
2026-05-13 00:18:19,160 - DEBUG - ProtectionChain: cannot import domain.WebController.protector.input.InputValidator: No module named 'domain.WebController'| extra=asctime='2026-05-13 00:18:19,160'
2026-05-13 00:18:19,160 - DEBUG - setup_security: loaded 0 handlers from domain.WebController.protector.input.InputValidator| extra=asctime='2026-05-13 00:18:19,160'
2026-05-13 00:18:19,160 - DEBUG - ProtectionChain: cannot import domain.WebController.protector.ratelimit.RateLimiter: No module named 'domain.WebController'| extra=asctime='2026-05-13 00:18:19,160'
2026-05-13 00:18:19,160 - DEBUG - setup_security: loaded 0 handlers from domain.WebController.protector.ratelimit.RateLimiter| extra=asctime='2026-05-13 00:18:19,160'
2026-05-13 00:18:19,160 - DEBUG - ProtectionChain: cannot import domain.WebController.protector.obsec.Obsecurity: No module named 'domain.WebController'| extra=asctime='2026-05-13 00:18:19,160'
2026-05-13 00:18:19,160 - DEBUG - setup_security: loaded 0 handlers from domain.WebController.protector.obsec.Obsecurity| extra=asctime='2026-05-13 00:18:19,160'
2026-05-13 00:19:24,645 - DEBUG - ProtectionChain: cannot import domain.WebController.protector.csrf.CSRF_protection: No module named 'domain.WebController'| extra=asctime='2026-05-13 00:19:24,645'
2026-05-13 00:19:24,645 - DEBUG - setup_security: loaded 0 handlers from domain.WebController.protector.csrf.CSRF_protection| extra=asctime='2026-05-13 00:19:24,645'
2026-05-13 00:19:24,645 - DEBUG - ProtectionChain: cannot import domain.WebController.protector.input.InputValidator: No module named 'domain.WebController'| extra=asctime='2026-05-13 00:19:24,645'
2026-05-13 00:19:24,645 - DEBUG - setup_security: loaded 0 handlers from domain.WebController.protector.input.InputValidator| extra=asctime='2026-05-13 00:19:24,645'
2026-05-13 00:19:24,645 - DEBUG - ProtectionChain: cannot import domain.WebController.protector.ratelimit.RateLimiter: No module named 'domain.WebController'| extra=asctime='2026-05-13 00:19:24,645'
2026-05-13 00:19:24,645 - DEBUG - setup_security: loaded 0 handlers from domain.WebController.protector.ratelimit.RateLimiter| extra=asctime='2026-05-13 00:19:24,645'
2026-05-13 00:19:24,645 - DEBUG - ProtectionChain: cannot import domain.WebController.protector.obsec.Obsecurity: No module named 'domain.WebController'| extra=asctime='2026-05-13 00:19:24,645'
2026-05-13 00:19:24,645 - DEBUG - setup_security: loaded 0 handlers from domain.WebController.protector.obsec.Obsecurity| extra=asctime='2026-05-13 00:19:24,645'
2026-05-13 00:19:45,216 - DEBUG - ProtectionChain: cannot import domain.WebController.protector.csrf.CSRF_protection: No module named 'domain.WebController'| extra=asctime='2026-05-13 00:19:45,216'
2026-05-13 00:19:45,216 - DEBUG - setup_security: loaded 0 handlers from domain.WebController.protector.csrf.CSRF_protection| extra=asctime='2026-05-13 00:19:45,216'
2026-05-13 00:19:45,216 - DEBUG - ProtectionChain: cannot import domain.WebController.protector.input.InputValidator: No module named 'domain.WebController'| extra=asctime='2026-05-13 00:19:45,216'
2026-05-13 00:19:45,216 - DEBUG - setup_security: loaded 0 handlers from domain.WebController.protector.input.InputValidator| extra=asctime='2026-05-13 00:19:45,216'
2026-05-13 00:19:45,216 - DEBUG - ProtectionChain: cannot import domain.WebController.protector.ratelimit.RateLimiter: No module named 'domain.WebController'| extra=asctime='2026-05-13 00:19:45,216'
2026-05-13 00:19:45,216 - DEBUG - setup_security: loaded 0 handlers from domain.WebController.protector.ratelimit.RateLimiter| extra=asctime='2026-05-13 00:19:45,216'
2026-05-13 00:19:45,216 - DEBUG - ProtectionChain: cannot import domain.WebController.protector.obsec.Obsecurity: No module named 'domain.WebController'| extra=asctime='2026-05-13 00:19:45,216'
2026-05-13 00:19:45,216 - DEBUG - setup_security: loaded 0 handlers from domain.WebController.protector.obsec.Obsecurity| extra=asctime='2026-05-13 00:19:45,216'
2026-05-13 00:21:22,633 - DEBUG - ProtectionChain: cannot import domain.WebController.protector.csrf.CSRF_protection: No module named 'domain.WebController'| extra=asctime='2026-05-13 00:21:22,633'
2026-05-13 00:21:22,633 - DEBUG - setup_security: loaded 0 handlers from domain.WebController.protector.csrf.CSRF_protection| extra=asctime='2026-05-13 00:21:22,633'
2026-05-13 00:21:22,633 - DEBUG - ProtectionChain: cannot import domain.WebController.protector.input.InputValidator: No module named 'domain.WebController'| extra=asctime='2026-05-13 00:21:22,633'
2026-05-13 00:21:22,633 - DEBUG - setup_security: loaded 0 handlers from domain.WebController.protector.input.InputValidator| extra=asctime='2026-05-13 00:21:22,633'
2026-05-13 00:21:22,633 - DEBUG - ProtectionChain: cannot import domain.WebController.protector.ratelimit.RateLimiter: No module named 'domain.WebController'| extra=asctime='2026-05-13 00:21:22,633'
2026-05-13 00:21:22,633 - DEBUG - setup_security: loaded 0 handlers from domain.WebController.protector.ratelimit.RateLimiter| extra=asctime='2026-05-13 00:21:22,633'
2026-05-13 00:21:22,633 - DEBUG - ProtectionChain: cannot import domain.WebController.protector.obsec.Obsecurity: No module named 'domain.WebController'| extra=asctime='2026-05-13 00:21:22,633'
2026-05-13 00:21:22,633 - DEBUG - setup_security: loaded 0 handlers from domain.WebController.protector.obsec.Obsecurity| extra=asctime='2026-05-13 00:21:22,633'
