2026-05-14 15:49:18,003 - DEBUG - ProtectionChain: cannot import domain.WebController.protector.csrf.CSRF_protection: No module named 'domain.WebController'| extra=asctime='2026-05-14 15:49:18,003'
2026-05-14 15:49:18,003 - DEBUG - setup_security: loaded 0 handlers from domain.WebController.protector.csrf.CSRF_protection| extra=asctime='2026-05-14 15:49:18,003'
2026-05-14 15:49:18,005 - DEBUG - ProtectionChain: cannot import domain.WebController.protector.input.InputValidator: No module named 'domain.WebController'| extra=asctime='2026-05-14 15:49:18,005'
2026-05-14 15:49:18,005 - DEBUG - setup_security: loaded 0 handlers from domain.WebController.protector.input.InputValidator| extra=asctime='2026-05-14 15:49:18,005'
2026-05-14 15:49:18,005 - DEBUG - ProtectionChain: cannot import domain.WebController.protector.ratelimit.RateLimiter: No module named 'domain.WebController'| extra=asctime='2026-05-14 15:49:18,005'
2026-05-14 15:49:18,005 - DEBUG - setup_security: loaded 0 handlers from domain.WebController.protector.ratelimit.RateLimiter| extra=asctime='2026-05-14 15:49:18,005'
2026-05-14 15:49:18,005 - DEBUG - ProtectionChain: cannot import domain.WebController.protector.obsec.Obsecurity: No module named 'domain.WebController'| extra=asctime='2026-05-14 15:49:18,005'
2026-05-14 15:49:18,005 - DEBUG - setup_security: loaded 0 handlers from domain.WebController.protector.obsec.Obsecurity| extra=asctime='2026-05-14 15:49:18,005'
2026-05-14 16:00:42,853 - DEBUG - ProtectionChain: cannot import domain.WebController.protector.csrf.CSRF_protection: No module named 'domain.WebController'| extra=asctime='2026-05-14 16:00:42,853'
2026-05-14 16:00:42,853 - DEBUG - setup_security: loaded 0 handlers from domain.WebController.protector.csrf.CSRF_protection| extra=asctime='2026-05-14 16:00:42,853'
2026-05-14 16:00:42,853 - DEBUG - ProtectionChain: cannot import domain.WebController.protector.input.InputValidator: No module named 'domain.WebController'| extra=asctime='2026-05-14 16:00:42,853'
2026-05-14 16:00:42,853 - DEBUG - setup_security: loaded 0 handlers from domain.WebController.protector.input.InputValidator| extra=asctime='2026-05-14 16:00:42,853'
2026-05-14 16:00:42,853 - DEBUG - ProtectionChain: cannot import domain.WebController.protector.ratelimit.RateLimiter: No module named 'domain.WebController'| extra=asctime='2026-05-14 16:00:42,853'
2026-05-14 16:00:42,853 - DEBUG - setup_security: loaded 0 handlers from domain.WebController.protector.ratelimit.RateLimiter| extra=asctime='2026-05-14 16:00:42,853'
2026-05-14 16:00:42,853 - DEBUG - ProtectionChain: cannot import domain.WebController.protector.obsec.Obsecurity: No module named 'domain.WebController'| extra=asctime='2026-05-14 16:00:42,853'
2026-05-14 16:00:42,853 - DEBUG - setup_security: loaded 0 handlers from domain.WebController.protector.obsec.Obsecurity| extra=asctime='2026-05-14 16:00:42,853'
2026-05-14 16:02:37,367 - DEBUG - ProtectionChain: cannot import domain.WebController.protector.csrf.CSRF_protection: No module named 'domain.WebController'| extra=asctime='2026-05-14 16:02:37,367'
2026-05-14 16:02:37,367 - DEBUG - setup_security: loaded 0 handlers from domain.WebController.protector.csrf.CSRF_protection| extra=asctime='2026-05-14 16:02:37,367'
2026-05-14 16:02:37,369 - DEBUG - ProtectionChain: cannot import domain.WebController.protector.input.InputValidator: No module named 'domain.WebController'| extra=asctime='2026-05-14 16:02:37,369'
2026-05-14 16:02:37,369 - DEBUG - setup_security: loaded 0 handlers from domain.WebController.protector.input.InputValidator| extra=asctime='2026-05-14 16:02:37,369'
2026-05-14 16:02:37,369 - DEBUG - ProtectionChain: cannot import domain.WebController.protector.ratelimit.RateLimiter: No module named 'domain.WebController'| extra=asctime='2026-05-14 16:02:37,369'
2026-05-14 16:02:37,369 - DEBUG - setup_security: loaded 0 handlers from domain.WebController.protector.ratelimit.RateLimiter| extra=asctime='2026-05-14 16:02:37,369'
2026-05-14 16:02:37,372 - DEBUG - ProtectionChain: cannot import domain.WebController.protector.obsec.Obsecurity: No module named 'domain.WebController'| extra=asctime='2026-05-14 16:02:37,372'
2026-05-14 16:02:37,372 - DEBUG - setup_security: loaded 0 handlers from domain.WebController.protector.obsec.Obsecurity| extra=asctime='2026-05-14 16:02:37,372'
2026-05-14 16:04:21,683 - DEBUG - ProtectionChain: cannot import domain.WebController.protector.csrf.CSRF_protection: No module named 'domain.WebController'| extra=asctime='2026-05-14 16:04:21,683'
2026-05-14 16:04:21,683 - DEBUG - setup_security: loaded 0 handlers from domain.WebController.protector.csrf.CSRF_protection| extra=asctime='2026-05-14 16:04:21,683'
2026-05-14 16:04:21,683 - DEBUG - ProtectionChain: cannot import domain.WebController.protector.input.InputValidator: No module named 'domain.WebController'| extra=asctime='2026-05-14 16:04:21,683'
2026-05-14 16:04:21,683 - DEBUG - setup_security: loaded 0 handlers from domain.WebController.protector.input.InputValidator| extra=asctime='2026-05-14 16:04:21,683'
2026-05-14 16:04:21,683 - DEBUG - ProtectionChain: cannot import domain.WebController.protector.ratelimit.RateLimiter: No module named 'domain.WebController'| extra=asctime='2026-05-14 16:04:21,683'
2026-05-14 16:04:21,683 - DEBUG - setup_security: loaded 0 handlers from domain.WebController.protector.ratelimit.RateLimiter| extra=asctime='2026-05-14 16:04:21,683'
2026-05-14 16:04:21,683 - DEBUG - ProtectionChain: cannot import domain.WebController.protector.obsec.Obsecurity: No module named 'domain.WebController'| extra=asctime='2026-05-14 16:04:21,683'
2026-05-14 16:04:21,683 - DEBUG - setup_security: loaded 0 handlers from domain.WebController.protector.obsec.Obsecurity| extra=asctime='2026-05-14 16:04:21,683'
2026-05-14 16:05:31,176 - DEBUG - ProtectionChain: cannot import domain.WebController.protector.csrf.CSRF_protection: No module named 'domain.WebController'| extra=asctime='2026-05-14 16:05:31,176'
2026-05-14 16:05:31,176 - DEBUG - setup_security: loaded 0 handlers from domain.WebController.protector.csrf.CSRF_protection| extra=asctime='2026-05-14 16:05:31,176'
2026-05-14 16:05:31,178 - DEBUG - ProtectionChain: cannot import domain.WebController.protector.input.InputValidator: No module named 'domain.WebController'| extra=asctime='2026-05-14 16:05:31,178'
2026-05-14 16:05:31,178 - DEBUG - setup_security: loaded 0 handlers from domain.WebController.protector.input.InputValidator| extra=asctime='2026-05-14 16:05:31,178'
2026-05-14 16:05:31,178 - DEBUG - ProtectionChain: cannot import domain.WebController.protector.ratelimit.RateLimiter: No module named 'domain.WebController'| extra=asctime='2026-05-14 16:05:31,178'
2026-05-14 16:05:31,178 - DEBUG - setup_security: loaded 0 handlers from domain.WebController.protector.ratelimit.RateLimiter| extra=asctime='2026-05-14 16:05:31,178'
2026-05-14 16:05:31,178 - DEBUG - ProtectionChain: cannot import domain.WebController.protector.obsec.Obsecurity: No module named 'domain.WebController'| extra=asctime='2026-05-14 16:05:31,178'
2026-05-14 16:05:31,178 - DEBUG - setup_security: loaded 0 handlers from domain.WebController.protector.obsec.Obsecurity| extra=asctime='2026-05-14 16:05:31,178'
2026-05-14 16:06:34,543 - DEBUG - ProtectionChain: cannot import domain.WebController.protector.csrf.CSRF_protection: No module named 'domain.WebController'| extra=asctime='2026-05-14 16:06:34,543'
2026-05-14 16:06:34,543 - DEBUG - setup_security: loaded 0 handlers from domain.WebController.protector.csrf.CSRF_protection| extra=asctime='2026-05-14 16:06:34,543'
2026-05-14 16:06:34,543 - DEBUG - ProtectionChain: cannot import domain.WebController.protector.input.InputValidator: No module named 'domain.WebController'| extra=asctime='2026-05-14 16:06:34,543'
2026-05-14 16:06:34,543 - DEBUG - setup_security: loaded 0 handlers from domain.WebController.protector.input.InputValidator| extra=asctime='2026-05-14 16:06:34,543'
2026-05-14 16:06:34,543 - DEBUG - ProtectionChain: cannot import domain.WebController.protector.ratelimit.RateLimiter: No module named 'domain.WebController'| extra=asctime='2026-05-14 16:06:34,543'
2026-05-14 16:06:34,543 - DEBUG - setup_security: loaded 0 handlers from domain.WebController.protector.ratelimit.RateLimiter| extra=asctime='2026-05-14 16:06:34,543'
2026-05-14 16:06:34,543 - DEBUG - ProtectionChain: cannot import domain.WebController.protector.obsec.Obsecurity: No module named 'domain.WebController'| extra=asctime='2026-05-14 16:06:34,543'
2026-05-14 16:06:34,543 - DEBUG - setup_security: loaded 0 handlers from domain.WebController.protector.obsec.Obsecurity| extra=asctime='2026-05-14 16:06:34,543'
2026-05-14 16:06:56,231 - DEBUG - ProtectionChain: cannot import domain.WebController.protector.csrf.CSRF_protection: No module named 'domain.WebController'| extra=asctime='2026-05-14 16:06:56,231'
2026-05-14 16:06:56,231 - DEBUG - setup_security: loaded 0 handlers from domain.WebController.protector.csrf.CSRF_protection| extra=asctime='2026-05-14 16:06:56,231'
2026-05-14 16:06:56,231 - DEBUG - ProtectionChain: cannot import domain.WebController.protector.input.InputValidator: No module named 'domain.WebController'| extra=asctime='2026-05-14 16:06:56,231'
2026-05-14 16:06:56,231 - DEBUG - setup_security: loaded 0 handlers from domain.WebController.protector.input.InputValidator| extra=asctime='2026-05-14 16:06:56,231'
2026-05-14 16:06:56,231 - DEBUG - ProtectionChain: cannot import domain.WebController.protector.ratelimit.RateLimiter: No module named 'domain.WebController'| extra=asctime='2026-05-14 16:06:56,231'
2026-05-14 16:06:56,231 - DEBUG - setup_security: loaded 0 handlers from domain.WebController.protector.ratelimit.RateLimiter| extra=asctime='2026-05-14 16:06:56,231'
2026-05-14 16:06:56,231 - DEBUG - ProtectionChain: cannot import domain.WebController.protector.obsec.Obsecurity: No module named 'domain.WebController'| extra=asctime='2026-05-14 16:06:56,231'
2026-05-14 16:06:56,231 - DEBUG - setup_security: loaded 0 handlers from domain.WebController.protector.obsec.Obsecurity| extra=asctime='2026-05-14 16:06:56,231'
2026-05-14 16:08:27,638 - DEBUG - ProtectionChain: cannot import domain.WebController.protector.csrf.CSRF_protection: No module named 'domain.WebController'| extra=asctime='2026-05-14 16:08:27,638'
2026-05-14 16:08:27,638 - DEBUG - setup_security: loaded 0 handlers from domain.WebController.protector.csrf.CSRF_protection| extra=asctime='2026-05-14 16:08:27,638'
2026-05-14 16:08:27,638 - DEBUG - ProtectionChain: cannot import domain.WebController.protector.input.InputValidator: No module named 'domain.WebController'| extra=asctime='2026-05-14 16:08:27,638'
2026-05-14 16:08:27,638 - DEBUG - setup_security: loaded 0 handlers from domain.WebController.protector.input.InputValidator| extra=asctime='2026-05-14 16:08:27,638'
2026-05-14 16:08:27,646 - DEBUG - ProtectionChain: cannot import domain.WebController.protector.ratelimit.RateLimiter: No module named 'domain.WebController'| extra=asctime='2026-05-14 16:08:27,646'
2026-05-14 16:08:27,646 - DEBUG - setup_security: loaded 0 handlers from domain.WebController.protector.ratelimit.RateLimiter| extra=asctime='2026-05-14 16:08:27,646'
2026-05-14 16:08:27,648 - DEBUG - ProtectionChain: cannot import domain.WebController.protector.obsec.Obsecurity: No module named 'domain.WebController'| extra=asctime='2026-05-14 16:08:27,648'
2026-05-14 16:08:27,648 - DEBUG - setup_security: loaded 0 handlers from domain.WebController.protector.obsec.Obsecurity| extra=asctime='2026-05-14 16:08:27,648'
2026-05-14 16:09:02,190 - DEBUG - ProtectionChain: cannot import domain.WebController.protector.csrf.CSRF_protection: No module named 'domain.WebController'| extra=asctime='2026-05-14 16:09:02,190'
2026-05-14 16:09:02,190 - DEBUG - setup_security: loaded 0 handlers from domain.WebController.protector.csrf.CSRF_protection| extra=asctime='2026-05-14 16:09:02,190'
2026-05-14 16:09:02,190 - DEBUG - ProtectionChain: cannot import domain.WebController.protector.input.InputValidator: No module named 'domain.WebController'| extra=asctime='2026-05-14 16:09:02,190'
2026-05-14 16:09:02,190 - DEBUG - setup_security: loaded 0 handlers from domain.WebController.protector.input.InputValidator| extra=asctime='2026-05-14 16:09:02,190'
2026-05-14 16:09:02,198 - DEBUG - ProtectionChain: cannot import domain.WebController.protector.ratelimit.RateLimiter: No module named 'domain.WebController'| extra=asctime='2026-05-14 16:09:02,198'
2026-05-14 16:09:02,198 - DEBUG - setup_security: loaded 0 handlers from domain.WebController.protector.ratelimit.RateLimiter| extra=asctime='2026-05-14 16:09:02,198'
2026-05-14 16:09:02,200 - DEBUG - ProtectionChain: cannot import domain.WebController.protector.obsec.Obsecurity: No module named 'domain.WebController'| extra=asctime='2026-05-14 16:09:02,200'
2026-05-14 16:09:02,200 - DEBUG - setup_security: loaded 0 handlers from domain.WebController.protector.obsec.Obsecurity| extra=asctime='2026-05-14 16:09:02,200'
2026-05-14 16:10:55,063 - DEBUG - ProtectionChain: cannot import domain.WebController.protector.csrf.CSRF_protection: No module named 'domain.WebController'| extra=asctime='2026-05-14 16:10:55,063'
2026-05-14 16:10:55,063 - DEBUG - setup_security: loaded 0 handlers from domain.WebController.protector.csrf.CSRF_protection| extra=asctime='2026-05-14 16:10:55,063'
2026-05-14 16:10:55,063 - DEBUG - ProtectionChain: cannot import domain.WebController.protector.input.InputValidator: No module named 'domain.WebController'| extra=asctime='2026-05-14 16:10:55,063'
2026-05-14 16:10:55,063 - DEBUG - setup_security: loaded 0 handlers from domain.WebController.protector.input.InputValidator| extra=asctime='2026-05-14 16:10:55,063'
2026-05-14 16:10:55,063 - DEBUG - ProtectionChain: cannot import domain.WebController.protector.ratelimit.RateLimiter: No module named 'domain.WebController'| extra=asctime='2026-05-14 16:10:55,063'
2026-05-14 16:10:55,063 - DEBUG - setup_security: loaded 0 handlers from domain.WebController.protector.ratelimit.RateLimiter| extra=asctime='2026-05-14 16:10:55,063'
2026-05-14 16:10:55,063 - DEBUG - ProtectionChain: cannot import domain.WebController.protector.obsec.Obsecurity: No module named 'domain.WebController'| extra=asctime='2026-05-14 16:10:55,063'
2026-05-14 16:10:55,063 - DEBUG - setup_security: loaded 0 handlers from domain.WebController.protector.obsec.Obsecurity| extra=asctime='2026-05-14 16:10:55,063'
2026-05-14 16:18:38,879 - DEBUG - ProtectionChain: cannot import domain.WebController.protector.csrf.CSRF_protection: No module named 'domain.WebController'| extra=asctime='2026-05-14 16:18:38,879'
2026-05-14 16:18:38,879 - DEBUG - setup_security: loaded 0 handlers from domain.WebController.protector.csrf.CSRF_protection| extra=asctime='2026-05-14 16:18:38,879'
2026-05-14 16:18:38,879 - DEBUG - ProtectionChain: cannot import domain.WebController.protector.input.InputValidator: No module named 'domain.WebController'| extra=asctime='2026-05-14 16:18:38,879'
2026-05-14 16:18:38,879 - DEBUG - setup_security: loaded 0 handlers from domain.WebController.protector.input.InputValidator| extra=asctime='2026-05-14 16:18:38,879'
2026-05-14 16:18:38,879 - DEBUG - ProtectionChain: cannot import domain.WebController.protector.ratelimit.RateLimiter: No module named 'domain.WebController'| extra=asctime='2026-05-14 16:18:38,879'
2026-05-14 16:18:38,879 - DEBUG - setup_security: loaded 0 handlers from domain.WebController.protector.ratelimit.RateLimiter| extra=asctime='2026-05-14 16:18:38,879'
2026-05-14 16:18:38,887 - DEBUG - ProtectionChain: cannot import domain.WebController.protector.obsec.Obsecurity: No module named 'domain.WebController'| extra=asctime='2026-05-14 16:18:38,887'
2026-05-14 16:18:38,887 - DEBUG - setup_security: loaded 0 handlers from domain.WebController.protector.obsec.Obsecurity| extra=asctime='2026-05-14 16:18:38,887'
2026-05-14 16:19:33,924 - DEBUG - ProtectionChain: cannot import domain.WebController.protector.csrf.CSRF_protection: No module named 'domain.WebController'| extra=asctime='2026-05-14 16:19:33,924'
2026-05-14 16:19:33,924 - DEBUG - setup_security: loaded 0 handlers from domain.WebController.protector.csrf.CSRF_protection| extra=asctime='2026-05-14 16:19:33,924'
2026-05-14 16:19:33,924 - DEBUG - ProtectionChain: cannot import domain.WebController.protector.input.InputValidator: No module named 'domain.WebController'| extra=asctime='2026-05-14 16:19:33,924'
2026-05-14 16:19:33,924 - DEBUG - setup_security: loaded 0 handlers from domain.WebController.protector.input.InputValidator| extra=asctime='2026-05-14 16:19:33,924'
2026-05-14 16:19:33,924 - DEBUG - ProtectionChain: cannot import domain.WebController.protector.ratelimit.RateLimiter: No module named 'domain.WebController'| extra=asctime='2026-05-14 16:19:33,924'
2026-05-14 16:19:33,924 - DEBUG - setup_security: loaded 0 handlers from domain.WebController.protector.ratelimit.RateLimiter| extra=asctime='2026-05-14 16:19:33,924'
2026-05-14 16:19:33,924 - DEBUG - ProtectionChain: cannot import domain.WebController.protector.obsec.Obsecurity: No module named 'domain.WebController'| extra=asctime='2026-05-14 16:19:33,924'
2026-05-14 16:19:33,924 - DEBUG - setup_security: loaded 0 handlers from domain.WebController.protector.obsec.Obsecurity| extra=asctime='2026-05-14 16:19:33,924'
2026-05-14 16:22:15,112 - DEBUG - ProtectionChain: cannot import domain.WebController.protector.csrf.CSRF_protection: No module named 'domain.WebController'| extra=asctime='2026-05-14 16:22:15,112'
2026-05-14 16:22:15,112 - DEBUG - setup_security: loaded 0 handlers from domain.WebController.protector.csrf.CSRF_protection| extra=asctime='2026-05-14 16:22:15,112'
2026-05-14 16:22:15,112 - DEBUG - ProtectionChain: cannot import domain.WebController.protector.input.InputValidator: No module named 'domain.WebController'| extra=asctime='2026-05-14 16:22:15,112'
2026-05-14 16:22:15,112 - DEBUG - setup_security: loaded 0 handlers from domain.WebController.protector.input.InputValidator| extra=asctime='2026-05-14 16:22:15,112'
2026-05-14 16:22:15,112 - DEBUG - ProtectionChain: cannot import domain.WebController.protector.ratelimit.RateLimiter: No module named 'domain.WebController'| extra=asctime='2026-05-14 16:22:15,112'
2026-05-14 16:22:15,112 - DEBUG - setup_security: loaded 0 handlers from domain.WebController.protector.ratelimit.RateLimiter| extra=asctime='2026-05-14 16:22:15,112'
2026-05-14 16:22:15,112 - DEBUG - ProtectionChain: cannot import domain.WebController.protector.obsec.Obsecurity: No module named 'domain.WebController'| extra=asctime='2026-05-14 16:22:15,112'
2026-05-14 16:22:15,112 - DEBUG - setup_security: loaded 0 handlers from domain.WebController.protector.obsec.Obsecurity| extra=asctime='2026-05-14 16:22:15,112'
2026-05-14 16:22:24,486 - DEBUG - ProtectionChain: cannot import domain.WebController.protector.csrf.CSRF_protection: No module named 'domain.WebController'| extra=asctime='2026-05-14 16:22:24,486'
2026-05-14 16:22:24,486 - DEBUG - setup_security: loaded 0 handlers from domain.WebController.protector.csrf.CSRF_protection| extra=asctime='2026-05-14 16:22:24,486'
2026-05-14 16:22:24,486 - DEBUG - ProtectionChain: cannot import domain.WebController.protector.input.InputValidator: No module named 'domain.WebController'| extra=asctime='2026-05-14 16:22:24,486'
2026-05-14 16:22:24,486 - DEBUG - setup_security: loaded 0 handlers from domain.WebController.protector.input.InputValidator| extra=asctime='2026-05-14 16:22:24,486'
2026-05-14 16:22:24,486 - DEBUG - ProtectionChain: cannot import domain.WebController.protector.ratelimit.RateLimiter: No module named 'domain.WebController'| extra=asctime='2026-05-14 16:22:24,486'
2026-05-14 16:22:24,486 - DEBUG - setup_security: loaded 0 handlers from domain.WebController.protector.ratelimit.RateLimiter| extra=asctime='2026-05-14 16:22:24,486'
2026-05-14 16:22:24,486 - DEBUG - ProtectionChain: cannot import domain.WebController.protector.obsec.Obsecurity: No module named 'domain.WebController'| extra=asctime='2026-05-14 16:22:24,486'
2026-05-14 16:22:24,486 - DEBUG - setup_security: loaded 0 handlers from domain.WebController.protector.obsec.Obsecurity| extra=asctime='2026-05-14 16:22:24,486'
2026-05-14 16:27:21,598 - DEBUG - ProtectionChain: cannot import domain.WebController.protector.csrf.CSRF_protection: No module named 'domain.WebController'| extra=asctime='2026-05-14 16:27:21,598'
2026-05-14 16:27:21,599 - DEBUG - setup_security: loaded 0 handlers from domain.WebController.protector.csrf.CSRF_protection| extra=asctime='2026-05-14 16:27:21,599'
2026-05-14 16:27:21,602 - DEBUG - ProtectionChain: cannot import domain.WebController.protector.input.InputValidator: No module named 'domain.WebController'| extra=asctime='2026-05-14 16:27:21,602'
2026-05-14 16:27:21,609 - DEBUG - setup_security: loaded 0 handlers from domain.WebController.protector.input.InputValidator| extra=asctime='2026-05-14 16:27:21,609'
2026-05-14 16:27:21,612 - DEBUG - ProtectionChain: cannot import domain.WebController.protector.ratelimit.RateLimiter: No module named 'domain.WebController'| extra=asctime='2026-05-14 16:27:21,612'
2026-05-14 16:27:21,612 - DEBUG - setup_security: loaded 0 handlers from domain.WebController.protector.ratelimit.RateLimiter| extra=asctime='2026-05-14 16:27:21,612'
2026-05-14 16:27:21,613 - DEBUG - ProtectionChain: cannot import domain.WebController.protector.obsec.Obsecurity: No module named 'domain.WebController'| extra=asctime='2026-05-14 16:27:21,613'
2026-05-14 16:27:21,615 - DEBUG - setup_security: loaded 0 handlers from domain.WebController.protector.obsec.Obsecurity| extra=asctime='2026-05-14 16:27:21,615'
2026-05-14 17:28:42,337 - DEBUG - ProtectionChain: cannot import domain.WebController.protector.csrf.CSRF_protection: No module named 'domain.WebController'| extra=asctime='2026-05-14 17:28:42,337'
2026-05-14 17:28:42,389 - DEBUG - setup_security: loaded 0 handlers from domain.WebController.protector.csrf.CSRF_protection| extra=asctime='2026-05-14 17:28:42,389'
2026-05-14 17:28:42,389 - DEBUG - ProtectionChain: cannot import domain.WebController.protector.input.InputValidator: No module named 'domain.WebController'| extra=asctime='2026-05-14 17:28:42,389'
2026-05-14 17:28:42,389 - DEBUG - setup_security: loaded 0 handlers from domain.WebController.protector.input.InputValidator| extra=asctime='2026-05-14 17:28:42,389'
2026-05-14 17:28:42,397 - DEBUG - ProtectionChain: cannot import domain.WebController.protector.ratelimit.RateLimiter: No module named 'domain.WebController'| extra=asctime='2026-05-14 17:28:42,397'
2026-05-14 17:28:42,397 - DEBUG - setup_security: loaded 0 handlers from domain.WebController.protector.ratelimit.RateLimiter| extra=asctime='2026-05-14 17:28:42,397'
2026-05-14 17:28:42,397 - DEBUG - ProtectionChain: cannot import domain.WebController.protector.obsec.Obsecurity: No module named 'domain.WebController'| extra=asctime='2026-05-14 17:28:42,397'
2026-05-14 17:28:42,397 - DEBUG - setup_security: loaded 0 handlers from domain.WebController.protector.obsec.Obsecurity| extra=asctime='2026-05-14 17:28:42,397'
2026-05-14 21:42:29,828 - DEBUG - ProtectionChain: cannot import domain.WebController.protector.csrf.CSRF_protection: No module named 'domain.WebController'| extra=asctime='2026-05-14 21:42:29,828'
2026-05-14 21:42:30,000 - DEBUG - setup_security: loaded 0 handlers from domain.WebController.protector.csrf.CSRF_protection| extra=asctime='2026-05-14 21:42:30,000'
2026-05-14 21:42:30,000 - DEBUG - ProtectionChain: cannot import domain.WebController.protector.input.InputValidator: No module named 'domain.WebController'| extra=asctime='2026-05-14 21:42:30,000'
2026-05-14 21:42:30,000 - DEBUG - setup_security: loaded 0 handlers from domain.WebController.protector.input.InputValidator| extra=asctime='2026-05-14 21:42:30,000'
2026-05-14 21:42:30,000 - DEBUG - ProtectionChain: cannot import domain.WebController.protector.ratelimit.RateLimiter: No module named 'domain.WebController'| extra=asctime='2026-05-14 21:42:30,000'
2026-05-14 21:42:30,000 - DEBUG - setup_security: loaded 0 handlers from domain.WebController.protector.ratelimit.RateLimiter| extra=asctime='2026-05-14 21:42:30,000'
2026-05-14 21:42:30,000 - DEBUG - ProtectionChain: cannot import domain.WebController.protector.obsec.Obsecurity: No module named 'domain.WebController'| extra=asctime='2026-05-14 21:42:30,000'
2026-05-14 21:42:30,000 - DEBUG - setup_security: loaded 0 handlers from domain.WebController.protector.obsec.Obsecurity| extra=asctime='2026-05-14 21:42:30,000'
