2026-06-22 14:00:39,106 - DEBUG - ProtectionChain: cannot import domain.WebController.protector.csrf.CSRF_protection: No module named 'domain.WebController'| extra=asctime='2026-06-22 14:00:39,106'
2026-06-22 14:00:39,106 - DEBUG - setup_security: loaded 0 handlers from domain.WebController.protector.csrf.CSRF_protection| extra=asctime='2026-06-22 14:00:39,106'
2026-06-22 14:00:39,106 - DEBUG - ProtectionChain: cannot import domain.WebController.protector.input.InputValidator: No module named 'domain.WebController'| extra=asctime='2026-06-22 14:00:39,106'
2026-06-22 14:00:39,106 - DEBUG - setup_security: loaded 0 handlers from domain.WebController.protector.input.InputValidator| extra=asctime='2026-06-22 14:00:39,106'
2026-06-22 14:00:39,169 - DEBUG - ProtectionChain: cannot import domain.WebController.protector.ratelimit.RateLimiter: No module named 'domain.WebController'| extra=asctime='2026-06-22 14:00:39,169'
2026-06-22 14:00:39,169 - DEBUG - setup_security: loaded 0 handlers from domain.WebController.protector.ratelimit.RateLimiter| extra=asctime='2026-06-22 14:00:39,169'
2026-06-22 14:00:39,169 - DEBUG - ProtectionChain: cannot import domain.WebController.protector.obsec.Obsecurity: No module named 'domain.WebController'| extra=asctime='2026-06-22 14:00:39,169'
2026-06-22 14:00:39,169 - DEBUG - setup_security: loaded 0 handlers from domain.WebController.protector.obsec.Obsecurity| extra=asctime='2026-06-22 14:00:39,169'
2026-06-22 14:00:50,089 - DEBUG - ProtectionChain: cannot import domain.WebController.protector.csrf.CSRF_protection: No module named 'domain.WebController'| extra=asctime='2026-06-22 14:00:50,089'
2026-06-22 14:00:50,089 - DEBUG - setup_security: loaded 0 handlers from domain.WebController.protector.csrf.CSRF_protection| extra=asctime='2026-06-22 14:00:50,089'
2026-06-22 14:00:50,089 - DEBUG - ProtectionChain: cannot import domain.WebController.protector.input.InputValidator: No module named 'domain.WebController'| extra=asctime='2026-06-22 14:00:50,089'
2026-06-22 14:00:50,089 - DEBUG - setup_security: loaded 0 handlers from domain.WebController.protector.input.InputValidator| extra=asctime='2026-06-22 14:00:50,089'
2026-06-22 14:00:50,089 - DEBUG - ProtectionChain: cannot import domain.WebController.protector.ratelimit.RateLimiter: No module named 'domain.WebController'| extra=asctime='2026-06-22 14:00:50,089'
2026-06-22 14:00:50,089 - DEBUG - setup_security: loaded 0 handlers from domain.WebController.protector.ratelimit.RateLimiter| extra=asctime='2026-06-22 14:00:50,089'
2026-06-22 14:00:50,089 - DEBUG - ProtectionChain: cannot import domain.WebController.protector.obsec.Obsecurity: No module named 'domain.WebController'| extra=asctime='2026-06-22 14:00:50,089'
2026-06-22 14:00:50,089 - DEBUG - setup_security: loaded 0 handlers from domain.WebController.protector.obsec.Obsecurity| extra=asctime='2026-06-22 14:00:50,089'
2026-06-22 14:02:07,566 - DEBUG - ProtectionChain: cannot import domain.WebController.protector.csrf.CSRF_protection: No module named 'domain.WebController'| extra=asctime='2026-06-22 14:02:07,566'
2026-06-22 14:02:07,566 - DEBUG - setup_security: loaded 0 handlers from domain.WebController.protector.csrf.CSRF_protection| extra=asctime='2026-06-22 14:02:07,566'
2026-06-22 14:02:07,566 - DEBUG - ProtectionChain: cannot import domain.WebController.protector.input.InputValidator: No module named 'domain.WebController'| extra=asctime='2026-06-22 14:02:07,566'
2026-06-22 14:02:07,566 - DEBUG - setup_security: loaded 0 handlers from domain.WebController.protector.input.InputValidator| extra=asctime='2026-06-22 14:02:07,566'
2026-06-22 14:02:07,582 - DEBUG - ProtectionChain: cannot import domain.WebController.protector.ratelimit.RateLimiter: No module named 'domain.WebController'| extra=asctime='2026-06-22 14:02:07,582'
2026-06-22 14:02:07,582 - DEBUG - setup_security: loaded 0 handlers from domain.WebController.protector.ratelimit.RateLimiter| extra=asctime='2026-06-22 14:02:07,582'
2026-06-22 14:02:07,582 - DEBUG - ProtectionChain: cannot import domain.WebController.protector.obsec.Obsecurity: No module named 'domain.WebController'| extra=asctime='2026-06-22 14:02:07,582'
2026-06-22 14:02:07,582 - DEBUG - setup_security: loaded 0 handlers from domain.WebController.protector.obsec.Obsecurity| extra=asctime='2026-06-22 14:02:07,582'
2026-06-22 14:02:21,579 - DEBUG - ProtectionChain: cannot import domain.WebController.protector.csrf.CSRF_protection: No module named 'domain.WebController'| extra=asctime='2026-06-22 14:02:21,579'
2026-06-22 14:02:21,579 - DEBUG - setup_security: loaded 0 handlers from domain.WebController.protector.csrf.CSRF_protection| extra=asctime='2026-06-22 14:02:21,579'
2026-06-22 14:02:21,579 - DEBUG - ProtectionChain: cannot import domain.WebController.protector.input.InputValidator: No module named 'domain.WebController'| extra=asctime='2026-06-22 14:02:21,579'
2026-06-22 14:02:21,579 - DEBUG - setup_security: loaded 0 handlers from domain.WebController.protector.input.InputValidator| extra=asctime='2026-06-22 14:02:21,579'
2026-06-22 14:02:21,579 - DEBUG - ProtectionChain: cannot import domain.WebController.protector.ratelimit.RateLimiter: No module named 'domain.WebController'| extra=asctime='2026-06-22 14:02:21,579'
2026-06-22 14:02:21,579 - DEBUG - setup_security: loaded 0 handlers from domain.WebController.protector.ratelimit.RateLimiter| extra=asctime='2026-06-22 14:02:21,579'
2026-06-22 14:02:21,579 - DEBUG - ProtectionChain: cannot import domain.WebController.protector.obsec.Obsecurity: No module named 'domain.WebController'| extra=asctime='2026-06-22 14:02:21,579'
2026-06-22 14:02:21,579 - DEBUG - setup_security: loaded 0 handlers from domain.WebController.protector.obsec.Obsecurity| extra=asctime='2026-06-22 14:02:21,579'
2026-06-22 14:03:28,657 - DEBUG - ProtectionChain: cannot import domain.WebController.protector.csrf.CSRF_protection: No module named 'domain.WebController'| extra=asctime='2026-06-22 14:03:28,657'
2026-06-22 14:03:28,657 - DEBUG - setup_security: loaded 0 handlers from domain.WebController.protector.csrf.CSRF_protection| extra=asctime='2026-06-22 14:03:28,657'
2026-06-22 14:03:28,657 - DEBUG - ProtectionChain: cannot import domain.WebController.protector.input.InputValidator: No module named 'domain.WebController'| extra=asctime='2026-06-22 14:03:28,657'
2026-06-22 14:03:28,657 - DEBUG - setup_security: loaded 0 handlers from domain.WebController.protector.input.InputValidator| extra=asctime='2026-06-22 14:03:28,657'
2026-06-22 14:03:28,657 - DEBUG - ProtectionChain: cannot import domain.WebController.protector.ratelimit.RateLimiter: No module named 'domain.WebController'| extra=asctime='2026-06-22 14:03:28,657'
2026-06-22 14:03:28,657 - DEBUG - setup_security: loaded 0 handlers from domain.WebController.protector.ratelimit.RateLimiter| extra=asctime='2026-06-22 14:03:28,657'
2026-06-22 14:03:28,657 - DEBUG - ProtectionChain: cannot import domain.WebController.protector.obsec.Obsecurity: No module named 'domain.WebController'| extra=asctime='2026-06-22 14:03:28,657'
2026-06-22 14:03:28,657 - DEBUG - setup_security: loaded 0 handlers from domain.WebController.protector.obsec.Obsecurity| extra=asctime='2026-06-22 14:03:28,657'
2026-06-22 14:04:44,908 - DEBUG - ProtectionChain: cannot import domain.WebController.protector.csrf.CSRF_protection: No module named 'domain.WebController'| extra=asctime='2026-06-22 14:04:44,908'
2026-06-22 14:04:44,908 - DEBUG - setup_security: loaded 0 handlers from domain.WebController.protector.csrf.CSRF_protection| extra=asctime='2026-06-22 14:04:44,908'
2026-06-22 14:04:44,909 - DEBUG - ProtectionChain: cannot import domain.WebController.protector.input.InputValidator: No module named 'domain.WebController'| extra=asctime='2026-06-22 14:04:44,909'
2026-06-22 14:04:44,909 - DEBUG - setup_security: loaded 0 handlers from domain.WebController.protector.input.InputValidator| extra=asctime='2026-06-22 14:04:44,909'
2026-06-22 14:04:44,912 - DEBUG - ProtectionChain: cannot import domain.WebController.protector.ratelimit.RateLimiter: No module named 'domain.WebController'| extra=asctime='2026-06-22 14:04:44,912'
2026-06-22 14:04:44,912 - DEBUG - setup_security: loaded 0 handlers from domain.WebController.protector.ratelimit.RateLimiter| extra=asctime='2026-06-22 14:04:44,912'
2026-06-22 14:04:44,912 - DEBUG - ProtectionChain: cannot import domain.WebController.protector.obsec.Obsecurity: No module named 'domain.WebController'| extra=asctime='2026-06-22 14:04:44,912'
2026-06-22 14:04:44,912 - DEBUG - setup_security: loaded 0 handlers from domain.WebController.protector.obsec.Obsecurity| extra=asctime='2026-06-22 14:04:44,912'
2026-06-22 14:11:40,422 - DEBUG - ProtectionChain: cannot import domain.WebController.protector.csrf.CSRF_protection: No module named 'domain.WebController'| extra=asctime='2026-06-22 14:11:40,422'
2026-06-22 14:11:40,422 - DEBUG - setup_security: loaded 0 handlers from domain.WebController.protector.csrf.CSRF_protection| extra=asctime='2026-06-22 14:11:40,422'
2026-06-22 14:11:40,422 - DEBUG - ProtectionChain: cannot import domain.WebController.protector.input.InputValidator: No module named 'domain.WebController'| extra=asctime='2026-06-22 14:11:40,422'
2026-06-22 14:11:40,422 - DEBUG - setup_security: loaded 0 handlers from domain.WebController.protector.input.InputValidator| extra=asctime='2026-06-22 14:11:40,422'
2026-06-22 14:11:40,422 - DEBUG - ProtectionChain: cannot import domain.WebController.protector.ratelimit.RateLimiter: No module named 'domain.WebController'| extra=asctime='2026-06-22 14:11:40,422'
2026-06-22 14:11:40,422 - DEBUG - setup_security: loaded 0 handlers from domain.WebController.protector.ratelimit.RateLimiter| extra=asctime='2026-06-22 14:11:40,422'
2026-06-22 14:11:40,422 - DEBUG - ProtectionChain: cannot import domain.WebController.protector.obsec.Obsecurity: No module named 'domain.WebController'| extra=asctime='2026-06-22 14:11:40,422'
2026-06-22 14:11:40,422 - DEBUG - setup_security: loaded 0 handlers from domain.WebController.protector.obsec.Obsecurity| extra=asctime='2026-06-22 14:11:40,422'
2026-06-22 14:11:59,507 - DEBUG - ProtectionChain: cannot import domain.WebController.protector.csrf.CSRF_protection: No module named 'domain.WebController'| extra=asctime='2026-06-22 14:11:59,507'
2026-06-22 14:11:59,507 - DEBUG - setup_security: loaded 0 handlers from domain.WebController.protector.csrf.CSRF_protection| extra=asctime='2026-06-22 14:11:59,507'
2026-06-22 14:11:59,507 - DEBUG - ProtectionChain: cannot import domain.WebController.protector.input.InputValidator: No module named 'domain.WebController'| extra=asctime='2026-06-22 14:11:59,507'
2026-06-22 14:11:59,507 - DEBUG - setup_security: loaded 0 handlers from domain.WebController.protector.input.InputValidator| extra=asctime='2026-06-22 14:11:59,507'
2026-06-22 14:11:59,507 - DEBUG - ProtectionChain: cannot import domain.WebController.protector.ratelimit.RateLimiter: No module named 'domain.WebController'| extra=asctime='2026-06-22 14:11:59,507'
2026-06-22 14:11:59,507 - DEBUG - setup_security: loaded 0 handlers from domain.WebController.protector.ratelimit.RateLimiter| extra=asctime='2026-06-22 14:11:59,507'
2026-06-22 14:11:59,515 - DEBUG - ProtectionChain: cannot import domain.WebController.protector.obsec.Obsecurity: No module named 'domain.WebController'| extra=asctime='2026-06-22 14:11:59,515'
2026-06-22 14:11:59,515 - DEBUG - setup_security: loaded 0 handlers from domain.WebController.protector.obsec.Obsecurity| extra=asctime='2026-06-22 14:11:59,515'
