2026-05-30 22:30:19,328 - DEBUG - ProtectionChain: cannot import domain.WebController.protector.csrf.CSRF_protection: No module named 'domain.WebController'| extra=taskName=None, asctime='2026-05-30 22:30:19,328'
2026-05-30 22:30:19,328 - DEBUG - setup_security: loaded 0 handlers from domain.WebController.protector.csrf.CSRF_protection| extra=taskName=None, asctime='2026-05-30 22:30:19,328'
2026-05-30 22:30:19,329 - DEBUG - ProtectionChain: cannot import domain.WebController.protector.input.InputValidator: No module named 'domain.WebController'| extra=taskName=None, asctime='2026-05-30 22:30:19,329'
2026-05-30 22:30:19,330 - DEBUG - setup_security: loaded 0 handlers from domain.WebController.protector.input.InputValidator| extra=taskName=None, asctime='2026-05-30 22:30:19,330'
2026-05-30 22:30:19,331 - DEBUG - ProtectionChain: cannot import domain.WebController.protector.ratelimit.RateLimiter: No module named 'domain.WebController'| extra=taskName=None, asctime='2026-05-30 22:30:19,331'
2026-05-30 22:30:19,332 - DEBUG - setup_security: loaded 0 handlers from domain.WebController.protector.ratelimit.RateLimiter| extra=taskName=None, asctime='2026-05-30 22:30:19,332'
2026-05-30 22:30:19,333 - DEBUG - ProtectionChain: cannot import domain.WebController.protector.obsec.Obsecurity: No module named 'domain.WebController'| extra=taskName=None, asctime='2026-05-30 22:30:19,333'
2026-05-30 22:30:19,333 - DEBUG - setup_security: loaded 0 handlers from domain.WebController.protector.obsec.Obsecurity| extra=taskName=None, asctime='2026-05-30 22:30:19,333'
2026-05-30 22:30:29,545 - DEBUG - ProtectionChain: cannot import domain.WebController.protector.csrf.CSRF_protection: No module named 'domain.WebController'| extra=taskName=None, asctime='2026-05-30 22:30:29,545'
2026-05-30 22:30:29,545 - DEBUG - setup_security: loaded 0 handlers from domain.WebController.protector.csrf.CSRF_protection| extra=taskName=None, asctime='2026-05-30 22:30:29,545'
2026-05-30 22:30:29,546 - DEBUG - ProtectionChain: cannot import domain.WebController.protector.input.InputValidator: No module named 'domain.WebController'| extra=taskName=None, asctime='2026-05-30 22:30:29,546'
2026-05-30 22:30:29,547 - DEBUG - setup_security: loaded 0 handlers from domain.WebController.protector.input.InputValidator| extra=taskName=None, asctime='2026-05-30 22:30:29,547'
2026-05-30 22:30:29,547 - DEBUG - ProtectionChain: cannot import domain.WebController.protector.ratelimit.RateLimiter: No module named 'domain.WebController'| extra=taskName=None, asctime='2026-05-30 22:30:29,547'
2026-05-30 22:30:29,548 - DEBUG - setup_security: loaded 0 handlers from domain.WebController.protector.ratelimit.RateLimiter| extra=taskName=None, asctime='2026-05-30 22:30:29,548'
2026-05-30 22:30:29,548 - DEBUG - ProtectionChain: cannot import domain.WebController.protector.obsec.Obsecurity: No module named 'domain.WebController'| extra=taskName=None, asctime='2026-05-30 22:30:29,548'
2026-05-30 22:30:29,549 - DEBUG - setup_security: loaded 0 handlers from domain.WebController.protector.obsec.Obsecurity| extra=taskName=None, asctime='2026-05-30 22:30:29,549'
2026-05-30 22:31:12,302 - DEBUG - ProtectionChain: cannot import domain.WebController.protector.csrf.CSRF_protection: No module named 'domain.WebController'| extra=taskName=None, asctime='2026-05-30 22:31:12,302'
2026-05-30 22:31:12,302 - DEBUG - setup_security: loaded 0 handlers from domain.WebController.protector.csrf.CSRF_protection| extra=taskName=None, asctime='2026-05-30 22:31:12,302'
2026-05-30 22:31:12,303 - DEBUG - ProtectionChain: cannot import domain.WebController.protector.input.InputValidator: No module named 'domain.WebController'| extra=taskName=None, asctime='2026-05-30 22:31:12,303'
2026-05-30 22:31:12,303 - DEBUG - setup_security: loaded 0 handlers from domain.WebController.protector.input.InputValidator| extra=taskName=None, asctime='2026-05-30 22:31:12,303'
2026-05-30 22:31:12,304 - DEBUG - ProtectionChain: cannot import domain.WebController.protector.ratelimit.RateLimiter: No module named 'domain.WebController'| extra=taskName=None, asctime='2026-05-30 22:31:12,304'
2026-05-30 22:31:12,304 - DEBUG - setup_security: loaded 0 handlers from domain.WebController.protector.ratelimit.RateLimiter| extra=taskName=None, asctime='2026-05-30 22:31:12,304'
2026-05-30 22:31:12,305 - DEBUG - ProtectionChain: cannot import domain.WebController.protector.obsec.Obsecurity: No module named 'domain.WebController'| extra=taskName=None, asctime='2026-05-30 22:31:12,305'
2026-05-30 22:31:12,305 - DEBUG - setup_security: loaded 0 handlers from domain.WebController.protector.obsec.Obsecurity| extra=taskName=None, asctime='2026-05-30 22:31:12,305'
2026-05-30 22:31:37,055 - DEBUG - ProtectionChain: cannot import domain.WebController.protector.csrf.CSRF_protection: No module named 'domain.WebController'| extra=taskName=None, asctime='2026-05-30 22:31:37,055'
2026-05-30 22:31:37,056 - DEBUG - setup_security: loaded 0 handlers from domain.WebController.protector.csrf.CSRF_protection| extra=taskName=None, asctime='2026-05-30 22:31:37,056'
2026-05-30 22:31:37,056 - DEBUG - ProtectionChain: cannot import domain.WebController.protector.input.InputValidator: No module named 'domain.WebController'| extra=taskName=None, asctime='2026-05-30 22:31:37,056'
2026-05-30 22:31:37,057 - DEBUG - setup_security: loaded 0 handlers from domain.WebController.protector.input.InputValidator| extra=taskName=None, asctime='2026-05-30 22:31:37,057'
2026-05-30 22:31:37,057 - DEBUG - ProtectionChain: cannot import domain.WebController.protector.ratelimit.RateLimiter: No module named 'domain.WebController'| extra=taskName=None, asctime='2026-05-30 22:31:37,057'
2026-05-30 22:31:37,058 - DEBUG - setup_security: loaded 0 handlers from domain.WebController.protector.ratelimit.RateLimiter| extra=taskName=None, asctime='2026-05-30 22:31:37,058'
2026-05-30 22:31:37,059 - DEBUG - ProtectionChain: cannot import domain.WebController.protector.obsec.Obsecurity: No module named 'domain.WebController'| extra=taskName=None, asctime='2026-05-30 22:31:37,059'
2026-05-30 22:31:37,059 - DEBUG - setup_security: loaded 0 handlers from domain.WebController.protector.obsec.Obsecurity| extra=taskName=None, asctime='2026-05-30 22:31:37,059'
2026-05-30 22:41:16,040 - DEBUG - ProtectionChain: cannot import domain.WebController.protector.csrf.CSRF_protection: No module named 'domain.WebController'| extra=taskName=None, asctime='2026-05-30 22:41:16,040'
2026-05-30 22:41:16,041 - DEBUG - setup_security: loaded 0 handlers from domain.WebController.protector.csrf.CSRF_protection| extra=taskName=None, asctime='2026-05-30 22:41:16,041'
2026-05-30 22:41:16,042 - DEBUG - ProtectionChain: cannot import domain.WebController.protector.input.InputValidator: No module named 'domain.WebController'| extra=taskName=None, asctime='2026-05-30 22:41:16,042'
2026-05-30 22:41:16,042 - DEBUG - setup_security: loaded 0 handlers from domain.WebController.protector.input.InputValidator| extra=taskName=None, asctime='2026-05-30 22:41:16,042'
2026-05-30 22:41:16,043 - DEBUG - ProtectionChain: cannot import domain.WebController.protector.ratelimit.RateLimiter: No module named 'domain.WebController'| extra=taskName=None, asctime='2026-05-30 22:41:16,043'
2026-05-30 22:41:16,043 - DEBUG - setup_security: loaded 0 handlers from domain.WebController.protector.ratelimit.RateLimiter| extra=taskName=None, asctime='2026-05-30 22:41:16,043'
2026-05-30 22:41:16,044 - DEBUG - ProtectionChain: cannot import domain.WebController.protector.obsec.Obsecurity: No module named 'domain.WebController'| extra=taskName=None, asctime='2026-05-30 22:41:16,044'
2026-05-30 22:41:16,044 - DEBUG - setup_security: loaded 0 handlers from domain.WebController.protector.obsec.Obsecurity| extra=taskName=None, asctime='2026-05-30 22:41:16,044'
2026-05-30 22:52:29,375 - DEBUG - ProtectionChain: cannot import domain.WebController.protector.csrf.CSRF_protection: No module named 'domain.WebController'| extra=asctime='2026-05-30 22:52:29,375'
2026-05-30 22:52:29,375 - DEBUG - setup_security: loaded 0 handlers from domain.WebController.protector.csrf.CSRF_protection| extra=asctime='2026-05-30 22:52:29,375'
2026-05-30 22:52:29,375 - DEBUG - ProtectionChain: cannot import domain.WebController.protector.input.InputValidator: No module named 'domain.WebController'| extra=asctime='2026-05-30 22:52:29,375'
2026-05-30 22:52:29,375 - DEBUG - setup_security: loaded 0 handlers from domain.WebController.protector.input.InputValidator| extra=asctime='2026-05-30 22:52:29,375'
2026-05-30 22:52:29,375 - DEBUG - ProtectionChain: cannot import domain.WebController.protector.ratelimit.RateLimiter: No module named 'domain.WebController'| extra=asctime='2026-05-30 22:52:29,375'
2026-05-30 22:52:29,375 - DEBUG - setup_security: loaded 0 handlers from domain.WebController.protector.ratelimit.RateLimiter| extra=asctime='2026-05-30 22:52:29,375'
2026-05-30 22:52:29,375 - DEBUG - ProtectionChain: cannot import domain.WebController.protector.obsec.Obsecurity: No module named 'domain.WebController'| extra=asctime='2026-05-30 22:52:29,375'
2026-05-30 22:52:29,375 - DEBUG - setup_security: loaded 0 handlers from domain.WebController.protector.obsec.Obsecurity| extra=asctime='2026-05-30 22:52:29,375'
