2026-04-26 15:52:41,689 - DEBUG - setup_security: loaded 0 handlers from domain.WebController.packages.security.protector.csrf.CSRF_protection| extra=asctime='2026-04-26 15:52:41,689'
2026-04-26 15:52:41,689 - DEBUG - setup_security: loaded 0 handlers from domain.WebController.packages.security.protector.input.InputValidator| extra=asctime='2026-04-26 15:52:41,689'
2026-04-26 15:52:41,689 - DEBUG - setup_security: loaded 0 handlers from domain.WebController.packages.security.protector.ratelimit.RateLimiter| extra=asctime='2026-04-26 15:52:41,689'
2026-04-26 15:52:41,689 - DEBUG - setup_security: loaded 0 handlers from domain.WebController.packages.security.protector.obsec.Obsecurity| extra=asctime='2026-04-26 15:52:41,689'
2026-04-26 15:58:00,605 - DEBUG - setup_security: loaded 0 handlers from domain.WebController.packages.security.protector.csrf.CSRF_protection| extra=asctime='2026-04-26 15:58:00,605'
2026-04-26 15:58:00,605 - DEBUG - setup_security: loaded 0 handlers from domain.WebController.packages.security.protector.input.InputValidator| extra=asctime='2026-04-26 15:58:00,605'
2026-04-26 15:58:00,605 - DEBUG - setup_security: loaded 0 handlers from domain.WebController.packages.security.protector.ratelimit.RateLimiter| extra=asctime='2026-04-26 15:58:00,605'
2026-04-26 15:58:00,605 - DEBUG - setup_security: loaded 0 handlers from domain.WebController.packages.security.protector.obsec.Obsecurity| extra=asctime='2026-04-26 15:58:00,605'
2026-04-26 16:02:01,236 - DEBUG - setup_security: loaded 0 handlers from domain.WebController.packages.security.protector.csrf.CSRF_protection| extra=asctime='2026-04-26 16:02:01,236'
2026-04-26 16:02:01,236 - DEBUG - setup_security: loaded 0 handlers from domain.WebController.packages.security.protector.input.InputValidator| extra=asctime='2026-04-26 16:02:01,236'
2026-04-26 16:02:01,236 - DEBUG - setup_security: loaded 0 handlers from domain.WebController.packages.security.protector.ratelimit.RateLimiter| extra=asctime='2026-04-26 16:02:01,236'
2026-04-26 16:02:01,236 - DEBUG - setup_security: loaded 0 handlers from domain.WebController.packages.security.protector.obsec.Obsecurity| extra=asctime='2026-04-26 16:02:01,236'
2026-04-26 16:03:15,459 - DEBUG - setup_security: loaded 0 handlers from domain.WebController.packages.security.protector.csrf.CSRF_protection| extra=asctime='2026-04-26 16:03:15,459'
2026-04-26 16:03:15,475 - DEBUG - setup_security: loaded 0 handlers from domain.WebController.packages.security.protector.input.InputValidator| extra=asctime='2026-04-26 16:03:15,475'
2026-04-26 16:03:15,475 - DEBUG - setup_security: loaded 0 handlers from domain.WebController.packages.security.protector.ratelimit.RateLimiter| extra=asctime='2026-04-26 16:03:15,475'
2026-04-26 16:03:15,475 - DEBUG - setup_security: loaded 0 handlers from domain.WebController.packages.security.protector.obsec.Obsecurity| extra=asctime='2026-04-26 16:03:15,475'
2026-04-26 17:38:53,209 - DEBUG - ProtectionChain: cannot import domain.WebController.protector.csrf.CSRF_protection: No module named 'domain.WebController'| extra=asctime='2026-04-26 17:38:53,209'
2026-04-26 17:38:53,216 - DEBUG - setup_security: loaded 0 handlers from domain.WebController.protector.csrf.CSRF_protection| extra=asctime='2026-04-26 17:38:53,216'
2026-04-26 17:38:53,216 - DEBUG - ProtectionChain: cannot import domain.WebController.protector.input.InputValidator: No module named 'domain.WebController'| extra=asctime='2026-04-26 17:38:53,216'
2026-04-26 17:38:53,216 - DEBUG - setup_security: loaded 0 handlers from domain.WebController.protector.input.InputValidator| extra=asctime='2026-04-26 17:38:53,216'
2026-04-26 17:38:53,216 - DEBUG - ProtectionChain: cannot import domain.WebController.protector.ratelimit.RateLimiter: No module named 'domain.WebController'| extra=asctime='2026-04-26 17:38:53,216'
2026-04-26 17:38:53,216 - DEBUG - setup_security: loaded 0 handlers from domain.WebController.protector.ratelimit.RateLimiter| extra=asctime='2026-04-26 17:38:53,216'
2026-04-26 17:38:53,216 - DEBUG - ProtectionChain: cannot import domain.WebController.protector.obsec.Obsecurity: No module named 'domain.WebController'| extra=asctime='2026-04-26 17:38:53,216'
2026-04-26 17:38:53,247 - DEBUG - setup_security: loaded 0 handlers from domain.WebController.protector.obsec.Obsecurity| extra=asctime='2026-04-26 17:38:53,247'
