2026-04-29 16:26:01,403 - DEBUG - ProtectionChain: cannot import domain.WebController.protector.csrf.CSRF_protection: No module named 'domain.WebController'| extra=asctime='2026-04-29 16:26:01,403'
2026-04-29 16:26:01,403 - DEBUG - setup_security: loaded 0 handlers from domain.WebController.protector.csrf.CSRF_protection| extra=asctime='2026-04-29 16:26:01,403'
2026-04-29 16:26:01,403 - DEBUG - ProtectionChain: cannot import domain.WebController.protector.input.InputValidator: No module named 'domain.WebController'| extra=asctime='2026-04-29 16:26:01,403'
2026-04-29 16:26:01,403 - DEBUG - setup_security: loaded 0 handlers from domain.WebController.protector.input.InputValidator| extra=asctime='2026-04-29 16:26:01,403'
2026-04-29 16:26:01,403 - DEBUG - ProtectionChain: cannot import domain.WebController.protector.ratelimit.RateLimiter: No module named 'domain.WebController'| extra=asctime='2026-04-29 16:26:01,403'
2026-04-29 16:26:01,403 - DEBUG - setup_security: loaded 0 handlers from domain.WebController.protector.ratelimit.RateLimiter| extra=asctime='2026-04-29 16:26:01,403'
2026-04-29 16:26:01,403 - DEBUG - ProtectionChain: cannot import domain.WebController.protector.obsec.Obsecurity: No module named 'domain.WebController'| extra=asctime='2026-04-29 16:26:01,403'
2026-04-29 16:26:01,403 - DEBUG - setup_security: loaded 0 handlers from domain.WebController.protector.obsec.Obsecurity| extra=asctime='2026-04-29 16:26:01,403'
2026-04-29 16:26:11,872 - DEBUG - ProtectionChain: cannot import domain.WebController.protector.csrf.CSRF_protection: No module named 'domain.WebController'| extra=asctime='2026-04-29 16:26:11,872'
2026-04-29 16:26:11,872 - DEBUG - setup_security: loaded 0 handlers from domain.WebController.protector.csrf.CSRF_protection| extra=asctime='2026-04-29 16:26:11,872'
2026-04-29 16:26:11,872 - DEBUG - ProtectionChain: cannot import domain.WebController.protector.input.InputValidator: No module named 'domain.WebController'| extra=asctime='2026-04-29 16:26:11,872'
2026-04-29 16:26:11,872 - DEBUG - setup_security: loaded 0 handlers from domain.WebController.protector.input.InputValidator| extra=asctime='2026-04-29 16:26:11,872'
2026-04-29 16:26:11,872 - DEBUG - ProtectionChain: cannot import domain.WebController.protector.ratelimit.RateLimiter: No module named 'domain.WebController'| extra=asctime='2026-04-29 16:26:11,872'
2026-04-29 16:26:11,872 - DEBUG - setup_security: loaded 0 handlers from domain.WebController.protector.ratelimit.RateLimiter| extra=asctime='2026-04-29 16:26:11,872'
2026-04-29 16:26:11,872 - DEBUG - ProtectionChain: cannot import domain.WebController.protector.obsec.Obsecurity: No module named 'domain.WebController'| extra=asctime='2026-04-29 16:26:11,872'
2026-04-29 16:26:11,872 - DEBUG - setup_security: loaded 0 handlers from domain.WebController.protector.obsec.Obsecurity| extra=asctime='2026-04-29 16:26:11,872'
2026-04-29 16:27:40,689 - DEBUG - ProtectionChain: cannot import domain.WebController.protector.csrf.CSRF_protection: No module named 'domain.WebController'| extra=asctime='2026-04-29 16:27:40,689'
2026-04-29 16:27:40,689 - DEBUG - setup_security: loaded 0 handlers from domain.WebController.protector.csrf.CSRF_protection| extra=asctime='2026-04-29 16:27:40,689'
2026-04-29 16:27:40,689 - DEBUG - ProtectionChain: cannot import domain.WebController.protector.input.InputValidator: No module named 'domain.WebController'| extra=asctime='2026-04-29 16:27:40,689'
2026-04-29 16:27:40,689 - DEBUG - setup_security: loaded 0 handlers from domain.WebController.protector.input.InputValidator| extra=asctime='2026-04-29 16:27:40,689'
2026-04-29 16:27:40,705 - DEBUG - ProtectionChain: cannot import domain.WebController.protector.ratelimit.RateLimiter: No module named 'domain.WebController'| extra=asctime='2026-04-29 16:27:40,705'
2026-04-29 16:27:40,705 - DEBUG - setup_security: loaded 0 handlers from domain.WebController.protector.ratelimit.RateLimiter| extra=asctime='2026-04-29 16:27:40,705'
2026-04-29 16:27:40,705 - DEBUG - ProtectionChain: cannot import domain.WebController.protector.obsec.Obsecurity: No module named 'domain.WebController'| extra=asctime='2026-04-29 16:27:40,705'
2026-04-29 16:27:40,705 - DEBUG - setup_security: loaded 0 handlers from domain.WebController.protector.obsec.Obsecurity| extra=asctime='2026-04-29 16:27:40,705'
2026-04-29 16:35:31,268 - DEBUG - ProtectionChain: cannot import domain.WebController.protector.csrf.CSRF_protection: No module named 'domain.WebController'| extra=asctime='2026-04-29 16:35:31,268'
2026-04-29 16:35:31,268 - DEBUG - setup_security: loaded 0 handlers from domain.WebController.protector.csrf.CSRF_protection| extra=asctime='2026-04-29 16:35:31,268'
2026-04-29 16:35:31,268 - DEBUG - ProtectionChain: cannot import domain.WebController.protector.input.InputValidator: No module named 'domain.WebController'| extra=asctime='2026-04-29 16:35:31,268'
2026-04-29 16:35:31,268 - DEBUG - setup_security: loaded 0 handlers from domain.WebController.protector.input.InputValidator| extra=asctime='2026-04-29 16:35:31,268'
2026-04-29 16:35:31,268 - DEBUG - ProtectionChain: cannot import domain.WebController.protector.ratelimit.RateLimiter: No module named 'domain.WebController'| extra=asctime='2026-04-29 16:35:31,268'
2026-04-29 16:35:31,268 - DEBUG - setup_security: loaded 0 handlers from domain.WebController.protector.ratelimit.RateLimiter| extra=asctime='2026-04-29 16:35:31,268'
2026-04-29 16:35:31,268 - DEBUG - ProtectionChain: cannot import domain.WebController.protector.obsec.Obsecurity: No module named 'domain.WebController'| extra=asctime='2026-04-29 16:35:31,268'
2026-04-29 16:35:31,268 - DEBUG - setup_security: loaded 0 handlers from domain.WebController.protector.obsec.Obsecurity| extra=asctime='2026-04-29 16:35:31,268'
2026-04-29 16:36:42,835 - DEBUG - ProtectionChain: cannot import domain.WebController.protector.csrf.CSRF_protection: No module named 'domain.WebController'| extra=asctime='2026-04-29 16:36:42,835'
2026-04-29 16:36:42,835 - DEBUG - setup_security: loaded 0 handlers from domain.WebController.protector.csrf.CSRF_protection| extra=asctime='2026-04-29 16:36:42,835'
2026-04-29 16:36:42,835 - DEBUG - ProtectionChain: cannot import domain.WebController.protector.input.InputValidator: No module named 'domain.WebController'| extra=asctime='2026-04-29 16:36:42,835'
2026-04-29 16:36:42,835 - DEBUG - setup_security: loaded 0 handlers from domain.WebController.protector.input.InputValidator| extra=asctime='2026-04-29 16:36:42,835'
2026-04-29 16:36:42,835 - DEBUG - ProtectionChain: cannot import domain.WebController.protector.ratelimit.RateLimiter: No module named 'domain.WebController'| extra=asctime='2026-04-29 16:36:42,835'
2026-04-29 16:36:42,835 - DEBUG - setup_security: loaded 0 handlers from domain.WebController.protector.ratelimit.RateLimiter| extra=asctime='2026-04-29 16:36:42,835'
2026-04-29 16:36:42,835 - DEBUG - ProtectionChain: cannot import domain.WebController.protector.obsec.Obsecurity: No module named 'domain.WebController'| extra=asctime='2026-04-29 16:36:42,835'
2026-04-29 16:36:42,835 - DEBUG - setup_security: loaded 0 handlers from domain.WebController.protector.obsec.Obsecurity| extra=asctime='2026-04-29 16:36:42,835'
2026-04-29 16:37:13,682 - DEBUG - ProtectionChain: cannot import domain.WebController.protector.csrf.CSRF_protection: No module named 'domain.WebController'| extra=asctime='2026-04-29 16:37:13,682'
2026-04-29 16:37:13,697 - DEBUG - setup_security: loaded 0 handlers from domain.WebController.protector.csrf.CSRF_protection| extra=asctime='2026-04-29 16:37:13,697'
2026-04-29 16:37:13,697 - DEBUG - ProtectionChain: cannot import domain.WebController.protector.input.InputValidator: No module named 'domain.WebController'| extra=asctime='2026-04-29 16:37:13,697'
2026-04-29 16:37:13,697 - DEBUG - setup_security: loaded 0 handlers from domain.WebController.protector.input.InputValidator| extra=asctime='2026-04-29 16:37:13,697'
2026-04-29 16:37:13,697 - DEBUG - ProtectionChain: cannot import domain.WebController.protector.ratelimit.RateLimiter: No module named 'domain.WebController'| extra=asctime='2026-04-29 16:37:13,697'
2026-04-29 16:37:13,697 - DEBUG - setup_security: loaded 0 handlers from domain.WebController.protector.ratelimit.RateLimiter| extra=asctime='2026-04-29 16:37:13,697'
2026-04-29 16:37:13,697 - DEBUG - ProtectionChain: cannot import domain.WebController.protector.obsec.Obsecurity: No module named 'domain.WebController'| extra=asctime='2026-04-29 16:37:13,697'
2026-04-29 16:37:13,697 - DEBUG - setup_security: loaded 0 handlers from domain.WebController.protector.obsec.Obsecurity| extra=asctime='2026-04-29 16:37:13,697'
