2026-03-17 17:16:21,098 - INFO - 'SecurityMiddleware' internal package registered!| extra=asctime='2026-03-17 17:16:21,098'
2026-03-17 17:16:21,099 - INFO - 'Guardian_Crash' internal package registered!| extra=asctime='2026-03-17 17:16:21,099'
2026-03-17 17:16:35,116 - INFO - 'SecurityMiddleware' internal package registered!| extra=asctime='2026-03-17 17:16:35,116'
2026-03-17 17:16:35,118 - INFO - 'Guardian_Crash' internal package registered!| extra=asctime='2026-03-17 17:16:35,118'
2026-03-17 17:16:58,790 - INFO - 'SecurityMiddleware' internal package registered!| extra=asctime='2026-03-17 17:16:58,790'
2026-03-17 17:16:58,790 - INFO - 'Guardian_Crash' internal package registered!| extra=asctime='2026-03-17 17:16:58,790'
2026-03-17 17:16:58,790 - DEBUG - Trying load '{plugin}'..| extra=asctime='2026-03-17 17:16:58,790'
2026-03-17 17:19:14,150 - INFO - 'SecurityMiddleware' internal package registered!| extra=asctime='2026-03-17 17:19:14,150'
2026-03-17 17:19:14,150 - INFO - 'Guardian_Crash' internal package registered!| extra=asctime='2026-03-17 17:19:14,150'
2026-03-17 17:19:14,150 - DEBUG - Trying load 'test'..| extra=asctime='2026-03-17 17:19:14,150'
2026-03-17 17:19:14,219 - DEBUG - [test]: detected object module '<module 'domain.WebApp_service.plugin.external.test.main' from 'G:\\user\\u0_a257\\Project\\unpassed\\.ditinggalkan\\Altar_Sactum_Security\\2.0.0\\domain\\WebApp_service\\plugin\\external\\test\\main.py'>', finding 'setup_me'..| extra=asctime='2026-03-17 17:19:14,219'
2026-03-17 17:19:14,219 - INFO - [test]: object doesn't have 'setup_me' function, skiped!| extra=asctime='2026-03-17 17:19:14,219'
2026-03-17 17:19:14,219 - INFO - [test]: object doesn't have 'setup_me' function, skiped!| extra=asctime='2026-03-17 17:19:14,219'
2026-03-17 17:19:14,219 - INFO - [test]: object doesn't have 'setup_me' function, skiped!| extra=asctime='2026-03-17 17:19:14,219'
2026-03-17 17:19:14,219 - INFO - [test]: object doesn't have 'setup_me' function, skiped!| extra=asctime='2026-03-17 17:19:14,219'
2026-03-17 17:19:14,219 - INFO - [test]: object doesn't have 'setup_me' function, skiped!| extra=asctime='2026-03-17 17:19:14,219'
2026-03-17 17:19:14,219 - INFO - [test]: object doesn't have 'setup_me' function, skiped!| extra=asctime='2026-03-17 17:19:14,219'
2026-03-17 17:19:14,219 - INFO - [test]: object doesn't have 'setup_me' function, skiped!| extra=asctime='2026-03-17 17:19:14,219'
2026-03-17 17:19:14,235 - INFO - [test]: object doesn't have 'setup_me' function, skiped!| extra=asctime='2026-03-17 17:19:14,235'
2026-03-17 17:19:14,235 - DEBUG - [test]: setup_me finded! object registered into Queue.| extra=asctime='2026-03-17 17:19:14,235'
2026-03-17 17:19:14,235 - INFO - [test]: object doesn't have 'setup_me' function, skiped!| extra=asctime='2026-03-17 17:19:14,235'
2026-03-17 17:20:19,342 - INFO - 'SecurityMiddleware' internal package registered!| extra=asctime='2026-03-17 17:20:19,342'
2026-03-17 17:20:19,381 - INFO - 'Guardian_Crash' internal package registered!| extra=asctime='2026-03-17 17:20:19,381'
2026-03-17 17:20:19,413 - DEBUG - Trying load 'test'..| extra=asctime='2026-03-17 17:20:19,413'
2026-03-17 17:20:19,477 - DEBUG - [test]: detected object module '<module 'domain.WebApp_service.plugin.external.test.main' from 'G:\\user\\u0_a257\\Project\\unpassed\\.ditinggalkan\\Altar_Sactum_Security\\2.0.0\\domain\\WebApp_service\\plugin\\external\\test\\main.py'>', finding 'setup_me'..| extra=asctime='2026-03-17 17:20:19,477'
2026-03-17 17:20:19,508 - INFO - [test]: object doesn't have 'setup_me' function, skiped!| extra=asctime='2026-03-17 17:20:19,508'
2026-03-17 17:20:19,547 - DEBUG - [test]: setup_me finded! object registered into Queue.| extra=asctime='2026-03-17 17:20:19,547'
2026-03-17 17:21:08,201 - INFO - 'SecurityMiddleware' internal package registered!| extra=asctime='2026-03-17 17:21:08,201'
2026-03-17 17:21:08,202 - INFO - 'Guardian_Crash' internal package registered!| extra=asctime='2026-03-17 17:21:08,202'
2026-03-17 17:21:08,203 - DEBUG - Trying load 'test'..| extra=asctime='2026-03-17 17:21:08,203'
2026-03-17 17:21:08,218 - DEBUG - [test]: detected object module '<module 'domain.WebApp_service.plugin.external.test.main' from 'G:\\user\\u0_a257\\Project\\unpassed\\.ditinggalkan\\Altar_Sactum_Security\\2.0.0\\domain\\WebApp_service\\plugin\\external\\test\\main.py'>', finding 'setup_me'..| extra=asctime='2026-03-17 17:21:08,218'
2026-03-17 17:21:08,218 - INFO - [test]:Flask: object doesn't have 'setup_me' function, skiped!| extra=asctime='2026-03-17 17:21:08,218'
2026-03-17 17:21:08,219 - DEBUG - [test]:polyplay: setup_me finded! object registered into Queue.| extra=asctime='2026-03-17 17:21:08,219'
2026-03-17 17:21:17,904 - INFO - 'SecurityMiddleware' internal package registered!| extra=asctime='2026-03-17 17:21:17,904'
2026-03-17 17:21:17,904 - INFO - 'Guardian_Crash' internal package registered!| extra=asctime='2026-03-17 17:21:17,904'
2026-03-17 17:21:17,904 - DEBUG - Trying load 'test'..| extra=asctime='2026-03-17 17:21:17,904'
2026-03-17 17:21:17,919 - DEBUG - [test]: detected object module 'domain.WebApp_service.plugin.external.test.main', finding 'setup_me'..| extra=asctime='2026-03-17 17:21:17,919'
2026-03-17 17:21:17,919 - INFO - [test]:Flask: object doesn't have 'setup_me' function, skiped!| extra=asctime='2026-03-17 17:21:17,919'
2026-03-17 17:21:17,919 - DEBUG - [test]:polyplay: setup_me finded! object registered into Queue.| extra=asctime='2026-03-17 17:21:17,919'
2026-03-17 17:21:53,842 - INFO - 'SecurityMiddleware' internal package registered!| extra=asctime='2026-03-17 17:21:53,842'
2026-03-17 17:21:53,858 - INFO - 'Guardian_Crash' internal package registered!| extra=asctime='2026-03-17 17:21:53,858'
2026-03-17 17:21:53,858 - DEBUG - Trying load 'test'..| extra=asctime='2026-03-17 17:21:53,858'
2026-03-17 17:21:53,880 - DEBUG - [test]: detected object module 'domain.WebApp_service.plugin.external.test.main', finding 'setup_me'..| extra=asctime='2026-03-17 17:21:53,880'
2026-03-17 17:21:53,880 - DEBUG - [test]:Flask: object doesn't have 'setup_me' function, skiped!| extra=asctime='2026-03-17 17:21:53,880'
2026-03-17 17:21:53,895 - DEBUG - [test]:polyplay: setup_me finded! object registered into Queue.| extra=asctime='2026-03-17 17:21:53,895'
2026-03-17 17:22:46,000 - INFO - 'SecurityMiddleware' internal package registered!| extra=asctime='2026-03-17 17:22:46,000'
2026-03-17 17:22:46,000 - INFO - 'Guardian_Crash' internal package registered!| extra=asctime='2026-03-17 17:22:46,000'
2026-03-17 17:22:46,000 - DEBUG - Trying load 'test'..| extra=asctime='2026-03-17 17:22:46,000'
2026-03-17 17:22:46,016 - DEBUG - [test]: detected object module 'domain.WebApp_service.plugin.external.test.main', finding 'setup_me'..| extra=asctime='2026-03-17 17:22:46,016'
2026-03-17 17:22:46,016 - DEBUG - [test]:Flask: object doesn't have 'setup_me' function, skiped!| extra=asctime='2026-03-17 17:22:46,016'
2026-03-17 17:22:46,016 - DEBUG - [test]:polyplay: setup_me finded! object registered into Queue.| extra=asctime='2026-03-17 17:22:46,016'
2026-03-17 17:22:49,125 - INFO - 'SecurityMiddleware' internal package registered!| extra=asctime='2026-03-17 17:22:49,125'
2026-03-17 17:22:49,141 - INFO - 'Guardian_Crash' internal package registered!| extra=asctime='2026-03-17 17:22:49,141'
2026-03-17 17:22:49,141 - DEBUG - Trying load 'test'..| extra=asctime='2026-03-17 17:22:49,141'
2026-03-17 17:22:49,141 - DEBUG - [test]: detected object module 'domain.WebApp_service.plugin.external.test.main', finding 'setup_me'..| extra=asctime='2026-03-17 17:22:49,141'
2026-03-17 17:22:49,141 - DEBUG - [test]:Flask: object doesn't have 'setup_me' function, skiped!| extra=asctime='2026-03-17 17:22:49,141'
2026-03-17 17:22:49,141 - DEBUG - [test]:polyplay: setup_me finded! object registered into Queue.| extra=asctime='2026-03-17 17:22:49,141'
2026-03-17 17:23:22,817 - INFO - 'SecurityMiddleware' internal package registered!| extra=asctime='2026-03-17 17:23:22,817'
2026-03-17 17:23:22,817 - INFO - 'Guardian_Crash' internal package registered!| extra=asctime='2026-03-17 17:23:22,817'
2026-03-17 17:23:22,833 - DEBUG - Trying load 'test'..| extra=asctime='2026-03-17 17:23:22,833'
2026-03-17 17:23:22,833 - DEBUG - [test]: detected object module 'domain.WebApp_service.plugin.external.test.main', finding 'setup_me'..| extra=asctime='2026-03-17 17:23:22,833'
2026-03-17 17:23:22,833 - DEBUG - [test]:Flask: object doesn't have 'setup_me' function, skiped!| extra=asctime='2026-03-17 17:23:22,833'
2026-03-17 17:23:22,833 - DEBUG - [test]:polyplay: setup_me finded! object registered into Queue.| extra=asctime='2026-03-17 17:23:22,833'
2026-03-17 17:24:11,624 - DEBUG - 'SecurityMiddleware' internal package registered!| extra=asctime='2026-03-17 17:24:11,624'
2026-03-17 17:24:11,624 - DEBUG - 'Guardian_Crash' internal package registered!| extra=asctime='2026-03-17 17:24:11,624'
2026-03-17 17:24:11,624 - DEBUG - Trying load 'test'..| extra=asctime='2026-03-17 17:24:11,624'
2026-03-17 17:24:11,624 - DEBUG - [test]: detected object module 'domain.WebApp_service.plugin.external.test.main', finding 'setup_me'..| extra=asctime='2026-03-17 17:24:11,624'
2026-03-17 17:24:11,624 - DEBUG - [test]:Flask: object doesn't have 'setup_me' function, skiped!| extra=asctime='2026-03-17 17:24:11,624'
2026-03-17 17:24:11,624 - DEBUG - [test]:polyplay: setup_me finded! object registered into Queue.| extra=asctime='2026-03-17 17:24:11,624'
2026-03-17 17:25:06,265 - DEBUG - 'SecurityMiddleware' internal package registered!| extra=asctime='2026-03-17 17:25:06,265'
2026-03-17 17:25:06,266 - DEBUG - 'Guardian_Crash' internal package registered!| extra=asctime='2026-03-17 17:25:06,266'
2026-03-17 17:25:06,267 - DEBUG - Trying load 'test'..| extra=asctime='2026-03-17 17:25:06,267'
2026-03-17 17:25:06,283 - DEBUG - [test]: detected object module 'domain.WebApp_service.plugin.external.test.main', finding 'setup_me'..| extra=asctime='2026-03-17 17:25:06,283'
2026-03-17 17:25:06,284 - DEBUG - [test]:Flask: object doesn't have 'setup_me' function, skiped!| extra=asctime='2026-03-17 17:25:06,284'
2026-03-17 17:25:06,284 - DEBUG - [test]:polyplay: setup_me finded! object registered into Queue.| extra=asctime='2026-03-17 17:25:06,284'
2026-03-17 17:25:57,776 - DEBUG - 'SecurityMiddleware' internal package registered!| extra=asctime='2026-03-17 17:25:57,776'
2026-03-17 17:25:57,784 - DEBUG - 'Guardian_Crash' internal package registered!| extra=asctime='2026-03-17 17:25:57,784'
2026-03-17 17:25:57,784 - DEBUG - Trying load 'test'..| extra=asctime='2026-03-17 17:25:57,784'
2026-03-17 17:25:57,786 - DEBUG - [test]: detected object module 'domain.WebApp_service.plugin.external.test.main', finding 'setup_me'..| extra=asctime='2026-03-17 17:25:57,786'
2026-03-17 17:25:57,786 - DEBUG - [test]:Flask: object doesn't have 'setup_me' function, skiped!| extra=asctime='2026-03-17 17:25:57,786'
2026-03-17 17:25:57,786 - DEBUG - [test]:polyplay: setup_me finded! object registered into Queue.| extra=asctime='2026-03-17 17:25:57,786'
