2026-04-29 16:26:01,184 - DEBUG - 'SecurityMiddleware' internal package registered!| extra=asctime='2026-04-29 16:26:01,184'
2026-04-29 16:26:01,184 - DEBUG - 'Guardian_Crash' internal package registered!| extra=asctime='2026-04-29 16:26:01,184'
2026-04-29 16:26:01,184 - DEBUG - Trying load 'test'..| extra=asctime='2026-04-29 16:26:01,184'
2026-04-29 16:26:01,200 - DEBUG - [test]: detected object module 'domain.web_core.plugin.public.test.main', finding 'setup_me'..| extra=asctime='2026-04-29 16:26:01,200'
2026-04-29 16:26:01,200 - DEBUG - [test]:Flask: object doesn't have 'setup_me' function, skiped!| extra=asctime='2026-04-29 16:26:01,200'
2026-04-29 16:26:01,200 - DEBUG - [test]:polyplay: setup_me finded! object registered into Queue.| extra=asctime='2026-04-29 16:26:01,200'
2026-04-29 16:26:11,778 - DEBUG - 'SecurityMiddleware' internal package registered!| extra=asctime='2026-04-29 16:26:11,778'
2026-04-29 16:26:11,778 - DEBUG - 'Guardian_Crash' internal package registered!| extra=asctime='2026-04-29 16:26:11,778'
2026-04-29 16:26:11,778 - DEBUG - Trying load 'test'..| extra=asctime='2026-04-29 16:26:11,778'
2026-04-29 16:26:11,778 - DEBUG - [test]: detected object module 'domain.web_core.plugin.public.test.main', finding 'setup_me'..| extra=asctime='2026-04-29 16:26:11,778'
2026-04-29 16:26:11,778 - DEBUG - [test]:Flask: object doesn't have 'setup_me' function, skiped!| extra=asctime='2026-04-29 16:26:11,778'
2026-04-29 16:26:11,778 - DEBUG - [test]:polyplay: setup_me finded! object registered into Queue.| extra=asctime='2026-04-29 16:26:11,778'
2026-04-29 16:27:40,595 - DEBUG - 'SecurityMiddleware' internal package registered!| extra=asctime='2026-04-29 16:27:40,595'
2026-04-29 16:27:40,595 - DEBUG - 'Guardian_Crash' internal package registered!| extra=asctime='2026-04-29 16:27:40,595'
2026-04-29 16:27:40,595 - DEBUG - Trying load 'test'..| extra=asctime='2026-04-29 16:27:40,595'
2026-04-29 16:27:40,595 - DEBUG - [test]: detected object module 'domain.web_core.plugin.public.test.main', finding 'setup_me'..| extra=asctime='2026-04-29 16:27:40,595'
2026-04-29 16:27:40,595 - DEBUG - [test]:Flask: object doesn't have 'setup_me' function, skiped!| extra=asctime='2026-04-29 16:27:40,595'
2026-04-29 16:27:40,595 - DEBUG - [test]:polyplay: setup_me finded! object registered into Queue.| extra=asctime='2026-04-29 16:27:40,595'
2026-04-29 16:35:30,831 - DEBUG - NEW PROCESS STARTED!| extra=asctime='2026-04-29 16:35:30,831'
2026-04-29 16:35:31,159 - DEBUG - 'SecurityMiddleware' internal package registered!| extra=asctime='2026-04-29 16:35:31,159'
2026-04-29 16:35:31,159 - DEBUG - 'Guardian_Crash' internal package registered!| extra=asctime='2026-04-29 16:35:31,159'
2026-04-29 16:35:31,159 - DEBUG - Trying load 'test'..| extra=asctime='2026-04-29 16:35:31,159'
2026-04-29 16:35:31,174 - DEBUG - [test]: detected object module 'domain.web_core.plugin.public.test.main', finding 'setup_me'..| extra=asctime='2026-04-29 16:35:31,174'
2026-04-29 16:35:31,174 - DEBUG - [test]:Flask: object doesn't have 'setup_me' function, skiped!| extra=asctime='2026-04-29 16:35:31,174'
2026-04-29 16:35:31,174 - DEBUG - [test]:polyplay: setup_me finded! object registered into Queue.| extra=asctime='2026-04-29 16:35:31,174'
2026-04-29 16:36:42,444 - DEBUG - 
--------------------------------------------------
NEW PROCESS STARTED!
--------------------------------------------------| extra=asctime='2026-04-29 16:36:42,444'
2026-04-29 16:36:42,710 - DEBUG - 'SecurityMiddleware' internal package registered!| extra=asctime='2026-04-29 16:36:42,710'
2026-04-29 16:36:42,710 - DEBUG - 'Guardian_Crash' internal package registered!| extra=asctime='2026-04-29 16:36:42,710'
2026-04-29 16:36:42,710 - DEBUG - Trying load 'test'..| extra=asctime='2026-04-29 16:36:42,710'
2026-04-29 16:36:42,725 - DEBUG - [test]: detected object module 'domain.web_core.plugin.public.test.main', finding 'setup_me'..| extra=asctime='2026-04-29 16:36:42,725'
2026-04-29 16:36:42,725 - DEBUG - [test]:Flask: object doesn't have 'setup_me' function, skiped!| extra=asctime='2026-04-29 16:36:42,725'
2026-04-29 16:36:42,725 - DEBUG - [test]:polyplay: setup_me finded! object registered into Queue.| extra=asctime='2026-04-29 16:36:42,725'
2026-04-29 16:37:13,291 - DEBUG - 
--------------------------------------------------
NEW PROCESS STARTED!
--------------------------------------------------
| extra=asctime='2026-04-29 16:37:13,291'
2026-04-29 16:37:13,557 - DEBUG - 'SecurityMiddleware' internal package registered!| extra=asctime='2026-04-29 16:37:13,557'
2026-04-29 16:37:13,557 - DEBUG - 'Guardian_Crash' internal package registered!| extra=asctime='2026-04-29 16:37:13,557'
2026-04-29 16:37:13,557 - DEBUG - Trying load 'test'..| extra=asctime='2026-04-29 16:37:13,557'
2026-04-29 16:37:13,572 - DEBUG - [test]: detected object module 'domain.web_core.plugin.public.test.main', finding 'setup_me'..| extra=asctime='2026-04-29 16:37:13,572'
2026-04-29 16:37:13,572 - DEBUG - [test]:Flask: object doesn't have 'setup_me' function, skiped!| extra=asctime='2026-04-29 16:37:13,572'
2026-04-29 16:37:13,572 - DEBUG - [test]:polyplay: setup_me finded! object registered into Queue.| extra=asctime='2026-04-29 16:37:13,572'
