2026-05-30 22:30:18,359 - DEBUG - 'SecurityMiddleware' internal package registered!| extra=taskName=None, asctime='2026-05-30 22:30:18,359'
2026-05-30 22:30:18,360 - DEBUG - 'Guardian_Crash' internal package registered!| extra=taskName=None, asctime='2026-05-30 22:30:18,360'
2026-05-30 22:30:18,361 - DEBUG - Trying load 'test'..| extra=taskName=None, asctime='2026-05-30 22:30:18,361'
2026-05-30 22:30:18,369 - DEBUG - [test]: detected object module 'domain.web_core.plugin.public.test.main', finding 'setup_me'..| extra=taskName=None, asctime='2026-05-30 22:30:18,369'
2026-05-30 22:30:18,370 - DEBUG - [test]:Flask: object doesn't have 'setup_me' function, skiped!| extra=taskName=None, asctime='2026-05-30 22:30:18,370'
2026-05-30 22:30:18,371 - DEBUG - [test]:polyplay: setup_me finded! object registered into Queue.| extra=taskName=None, asctime='2026-05-30 22:30:18,371'
2026-05-30 22:30:18,476 - DEBUG - Memuat blueprint 'setup' (prioritas=NORMAL)..| extra=taskName=None, asctime='2026-05-30 22:30:18,476'
2026-05-30 22:30:19,334 - DEBUG - Memuat blueprint 'setup' (prioritas=NORMAL)..| extra=taskName=None, asctime='2026-05-30 22:30:19,334'
2026-05-30 22:30:19,335 - DEBUG - Memuat blueprint 'setup_me' (prioritas=NORMAL)..| extra=taskName=None, asctime='2026-05-30 22:30:19,335'
2026-05-30 22:30:19,337 - DEBUG - Registrasi selesai — berhasil: 3, gagal: 0.| extra=taskName=None, asctime='2026-05-30 22:30:19,337'
2026-05-30 22:30:19,343 - DEBUG - All routes registered successfully| extra=taskName=None, asctime='2026-05-30 22:30:19,343'
2026-05-30 22:30:19,347 - DEBUG - Server setup completed.| extra=taskName=None, asctime='2026-05-30 22:30:19,347'
2026-05-30 22:30:28,926 - DEBUG - 'SecurityMiddleware' internal package registered!| extra=taskName=None, asctime='2026-05-30 22:30:28,926'
2026-05-30 22:30:28,927 - DEBUG - 'Guardian_Crash' internal package registered!| extra=taskName=None, asctime='2026-05-30 22:30:28,927'
2026-05-30 22:30:28,927 - DEBUG - Trying load 'test'..| extra=taskName=None, asctime='2026-05-30 22:30:28,927'
2026-05-30 22:30:28,931 - DEBUG - [test]: detected object module 'domain.web_core.plugin.public.test.main', finding 'setup_me'..| extra=taskName=None, asctime='2026-05-30 22:30:28,931'
2026-05-30 22:30:28,931 - DEBUG - [test]:Flask: object doesn't have 'setup_me' function, skiped!| extra=taskName=None, asctime='2026-05-30 22:30:28,931'
2026-05-30 22:30:28,931 - DEBUG - [test]:polyplay: setup_me finded! object registered into Queue.| extra=taskName=None, asctime='2026-05-30 22:30:28,931'
2026-05-30 22:30:28,955 - DEBUG - Memuat blueprint 'setup' (prioritas=NORMAL)..| extra=taskName=None, asctime='2026-05-30 22:30:28,955'
2026-05-30 22:30:29,550 - DEBUG - Memuat blueprint 'setup' (prioritas=NORMAL)..| extra=taskName=None, asctime='2026-05-30 22:30:29,550'
2026-05-30 22:30:29,550 - DEBUG - Memuat blueprint 'setup_me' (prioritas=NORMAL)..| extra=taskName=None, asctime='2026-05-30 22:30:29,550'
2026-05-30 22:30:29,553 - DEBUG - Registrasi selesai — berhasil: 3, gagal: 0.| extra=taskName=None, asctime='2026-05-30 22:30:29,553'
2026-05-30 22:30:29,559 - DEBUG - All routes registered successfully| extra=taskName=None, asctime='2026-05-30 22:30:29,559'
2026-05-30 22:30:29,562 - DEBUG - Server setup completed.| extra=taskName=None, asctime='2026-05-30 22:30:29,562'
2026-05-30 22:31:11,191 - DEBUG - 'SecurityMiddleware' internal package registered!| extra=taskName=None, asctime='2026-05-30 22:31:11,191'
2026-05-30 22:31:11,192 - DEBUG - 'Guardian_Crash' internal package registered!| extra=taskName=None, asctime='2026-05-30 22:31:11,192'
2026-05-30 22:31:11,192 - DEBUG - Trying load 'test'..| extra=taskName=None, asctime='2026-05-30 22:31:11,192'
2026-05-30 22:31:11,198 - DEBUG - [test]: detected object module 'domain.web_core.plugin.public.test.main', finding 'setup_me'..| extra=taskName=None, asctime='2026-05-30 22:31:11,198'
2026-05-30 22:31:11,198 - DEBUG - [test]:Flask: object doesn't have 'setup_me' function, skiped!| extra=taskName=None, asctime='2026-05-30 22:31:11,198'
2026-05-30 22:31:11,198 - DEBUG - [test]:polyplay: setup_me finded! object registered into Queue.| extra=taskName=None, asctime='2026-05-30 22:31:11,198'
2026-05-30 22:31:11,247 - DEBUG - Memuat blueprint 'setup' (prioritas=NORMAL)..| extra=taskName=None, asctime='2026-05-30 22:31:11,247'
2026-05-30 22:31:12,414 - DEBUG - Memuat blueprint 'setup' (prioritas=NORMAL)..| extra=taskName=None, asctime='2026-05-30 22:31:12,414'
2026-05-30 22:31:12,414 - DEBUG - Memuat blueprint 'setup_me' (prioritas=NORMAL)..| extra=taskName=None, asctime='2026-05-30 22:31:12,414'
2026-05-30 22:31:12,417 - DEBUG - Registrasi selesai — berhasil: 3, gagal: 0.| extra=taskName=None, asctime='2026-05-30 22:31:12,417'
2026-05-30 22:31:12,438 - DEBUG - All routes registered successfully| extra=taskName=None, asctime='2026-05-30 22:31:12,438'
2026-05-30 22:31:12,442 - DEBUG - Server setup completed.| extra=taskName=None, asctime='2026-05-30 22:31:12,442'
2026-05-30 22:31:36,369 - DEBUG - 'SecurityMiddleware' internal package registered!| extra=taskName=None, asctime='2026-05-30 22:31:36,369'
2026-05-30 22:31:36,370 - DEBUG - 'Guardian_Crash' internal package registered!| extra=taskName=None, asctime='2026-05-30 22:31:36,370'
2026-05-30 22:31:36,370 - DEBUG - Trying load 'test'..| extra=taskName=None, asctime='2026-05-30 22:31:36,370'
2026-05-30 22:31:36,374 - DEBUG - [test]: detected object module 'domain.web_core.plugin.public.test.main', finding 'setup_me'..| extra=taskName=None, asctime='2026-05-30 22:31:36,374'
2026-05-30 22:31:36,374 - DEBUG - [test]:Flask: object doesn't have 'setup_me' function, skiped!| extra=taskName=None, asctime='2026-05-30 22:31:36,374'
2026-05-30 22:31:36,374 - DEBUG - [test]:polyplay: setup_me finded! object registered into Queue.| extra=taskName=None, asctime='2026-05-30 22:31:36,374'
2026-05-30 22:31:36,407 - DEBUG - Memuat blueprint 'setup' (prioritas=NORMAL)..| extra=taskName=None, asctime='2026-05-30 22:31:36,407'
2026-05-30 22:31:37,060 - DEBUG - Memuat blueprint 'setup' (prioritas=NORMAL)..| extra=taskName=None, asctime='2026-05-30 22:31:37,060'
2026-05-30 22:31:37,061 - DEBUG - Memuat blueprint 'setup_me' (prioritas=NORMAL)..| extra=taskName=None, asctime='2026-05-30 22:31:37,061'
2026-05-30 22:31:37,063 - DEBUG - Registrasi selesai — berhasil: 3, gagal: 0.| extra=taskName=None, asctime='2026-05-30 22:31:37,063'
2026-05-30 22:31:37,070 - DEBUG - All routes registered successfully| extra=taskName=None, asctime='2026-05-30 22:31:37,070'
2026-05-30 22:31:37,072 - DEBUG - Server setup completed.| extra=taskName=None, asctime='2026-05-30 22:31:37,072'
2026-05-30 22:41:13,754 - DEBUG - 'SecurityMiddleware' internal package registered!| extra=taskName=None, asctime='2026-05-30 22:41:13,754'
2026-05-30 22:41:13,755 - DEBUG - 'Guardian_Crash' internal package registered!| extra=taskName=None, asctime='2026-05-30 22:41:13,755'
2026-05-30 22:41:13,755 - DEBUG - Trying load 'test'..| extra=taskName=None, asctime='2026-05-30 22:41:13,755'
2026-05-30 22:41:13,761 - DEBUG - [test]: detected object module 'domain.web_core.plugin.public.test.main', finding 'setup_me'..| extra=taskName=None, asctime='2026-05-30 22:41:13,761'
2026-05-30 22:41:13,761 - DEBUG - [test]:Flask: object doesn't have 'setup_me' function, skiped!| extra=taskName=None, asctime='2026-05-30 22:41:13,761'
2026-05-30 22:41:13,761 - DEBUG - [test]:polyplay: setup_me finded! object registered into Queue.| extra=taskName=None, asctime='2026-05-30 22:41:13,761'
2026-05-30 22:41:13,919 - DEBUG - Memuat blueprint 'setup' (prioritas=NORMAL)..| extra=taskName=None, asctime='2026-05-30 22:41:13,919'
2026-05-30 22:41:16,045 - DEBUG - Memuat blueprint 'setup' (prioritas=NORMAL)..| extra=taskName=None, asctime='2026-05-30 22:41:16,045'
2026-05-30 22:41:16,046 - DEBUG - Memuat blueprint 'setup_me' (prioritas=NORMAL)..| extra=taskName=None, asctime='2026-05-30 22:41:16,046'
2026-05-30 22:41:16,047 - DEBUG - Registrasi selesai — berhasil: 3, gagal: 0.| extra=taskName=None, asctime='2026-05-30 22:41:16,047'
2026-05-30 22:41:16,067 - DEBUG - All routes registered successfully| extra=taskName=None, asctime='2026-05-30 22:41:16,067'
2026-05-30 22:41:16,070 - DEBUG - Server setup completed.| extra=taskName=None, asctime='2026-05-30 22:41:16,070'
2026-05-30 22:52:23,698 - DEBUG - 'SecurityMiddleware' internal package registered!| extra=asctime='2026-05-30 22:52:23,698'
2026-05-30 22:52:23,698 - DEBUG - 'Guardian_Crash' internal package registered!| extra=asctime='2026-05-30 22:52:23,698'
2026-05-30 22:52:23,698 - DEBUG - Trying load 'test'..| extra=asctime='2026-05-30 22:52:23,698'
2026-05-30 22:52:23,714 - DEBUG - [test]: detected object module 'domain.web_core.plugin.public.test.main', finding 'setup_me'..| extra=asctime='2026-05-30 22:52:23,714'
2026-05-30 22:52:23,714 - DEBUG - [test]:Flask: object doesn't have 'setup_me' function, skiped!| extra=asctime='2026-05-30 22:52:23,714'
2026-05-30 22:52:23,714 - DEBUG - [test]:polyplay: setup_me finded! object registered into Queue.| extra=asctime='2026-05-30 22:52:23,714'
2026-05-30 22:52:23,792 - DEBUG - Memuat blueprint 'setup' (prioritas=NORMAL)..| extra=asctime='2026-05-30 22:52:23,792'
2026-05-30 22:52:29,375 - DEBUG - Memuat blueprint 'setup' (prioritas=NORMAL)..| extra=asctime='2026-05-30 22:52:29,375'
2026-05-30 22:52:29,391 - DEBUG - Memuat blueprint 'setup_me' (prioritas=NORMAL)..| extra=asctime='2026-05-30 22:52:29,391'
2026-05-30 22:52:29,391 - DEBUG - Registrasi selesai — berhasil: 3, gagal: 0.| extra=asctime='2026-05-30 22:52:29,391'
2026-05-30 22:52:29,391 - DEBUG - All routes registered successfully| extra=asctime='2026-05-30 22:52:29,391'
2026-05-30 22:52:29,391 - DEBUG - Server setup completed.| extra=asctime='2026-05-30 22:52:29,391'
