2026-07-07 10:18:59,095 - DEBUG - 'CommunityMiddleware' internal package registered!| extra=taskName=None, asctime='2026-07-07 10:18:59,095'
2026-07-07 10:18:59,116 - DEBUG - 'Guardian_Crash' internal package registered!| extra=taskName=None, asctime='2026-07-07 10:18:59,116'
2026-07-07 10:21:13,149 - DEBUG - 'CommunityMiddleware' internal package registered!| extra=taskName=None, asctime='2026-07-07 10:21:13,149'
2026-07-07 10:21:13,150 - DEBUG - 'Guardian_Crash' internal package registered!| extra=taskName=None, asctime='2026-07-07 10:21:13,150'
2026-07-07 10:21:13,151 - DEBUG - Trying load 'test'..| extra=taskName=None, asctime='2026-07-07 10:21:13,151'
2026-07-07 10:21:13,203 - DEBUG - [test]: detected object module 'bowlplate.domain.web_core.plugin.public.test.main', finding 'setup_me'..| extra=taskName=None, asctime='2026-07-07 10:21:13,203'
2026-07-07 10:21:13,213 - DEBUG - [test]:Flask: object doesn't have 'setup_me' function, skiped!| extra=taskName=None, asctime='2026-07-07 10:21:13,213'
2026-07-07 10:21:13,214 - DEBUG - [test]:polyplay: setup_me finded! object registered into Queue.| extra=taskName=None, asctime='2026-07-07 10:21:13,214'
2026-07-07 10:21:49,698 - DEBUG - 'CommunityMiddleware' internal package registered!| extra=taskName=None, asctime='2026-07-07 10:21:49,698'
2026-07-07 10:21:49,698 - DEBUG - 'Guardian_Crash' internal package registered!| extra=taskName=None, asctime='2026-07-07 10:21:49,698'
2026-07-07 10:21:49,699 - DEBUG - Trying load 'test'..| extra=taskName=None, asctime='2026-07-07 10:21:49,699'
2026-07-07 10:21:49,703 - DEBUG - [test]: detected object module 'bowlplate.domain.web_core.plugin.public.test.main', finding 'setup_me'..| extra=taskName=None, asctime='2026-07-07 10:21:49,703'
2026-07-07 10:21:49,703 - DEBUG - [test]:Flask: object doesn't have 'setup_me' function, skiped!| extra=taskName=None, asctime='2026-07-07 10:21:49,703'
2026-07-07 10:21:49,703 - DEBUG - [test]:polyplay: setup_me finded! object registered into Queue.| extra=taskName=None, asctime='2026-07-07 10:21:49,703'
2026-07-07 10:22:18,802 - DEBUG - 'CommunityMiddleware' internal package registered!| extra=taskName=None, asctime='2026-07-07 10:22:18,802'
2026-07-07 10:22:18,802 - DEBUG - 'Guardian_Crash' internal package registered!| extra=taskName=None, asctime='2026-07-07 10:22:18,802'
2026-07-07 10:22:18,803 - DEBUG - Trying load 'test'..| extra=taskName=None, asctime='2026-07-07 10:22:18,803'
2026-07-07 10:22:18,809 - DEBUG - [test]: detected object module 'bowlplate.domain.web_core.plugin.public.test.main', finding 'setup_me'..| extra=taskName=None, asctime='2026-07-07 10:22:18,809'
2026-07-07 10:22:18,809 - DEBUG - [test]:Flask: object doesn't have 'setup_me' function, skiped!| extra=taskName=None, asctime='2026-07-07 10:22:18,809'
2026-07-07 10:22:18,809 - DEBUG - [test]:polyplay: setup_me finded! object registered into Queue.| extra=taskName=None, asctime='2026-07-07 10:22:18,809'
2026-07-07 10:23:48,360 - DEBUG - 'CommunityMiddleware' internal package registered!| extra=taskName=None, asctime='2026-07-07 10:23:48,360'
2026-07-07 10:23:48,361 - DEBUG - 'Guardian_Crash' internal package registered!| extra=taskName=None, asctime='2026-07-07 10:23:48,361'
2026-07-07 10:23:48,361 - DEBUG - Trying load 'test'..| extra=taskName=None, asctime='2026-07-07 10:23:48,361'
2026-07-07 10:23:48,365 - DEBUG - [test]: detected object module 'bowlplate.domain.web_core.plugin.public.test.main', finding 'setup_me'..| extra=taskName=None, asctime='2026-07-07 10:23:48,365'
2026-07-07 10:23:48,365 - DEBUG - [test]:Flask: object doesn't have 'setup_me' function, skiped!| extra=taskName=None, asctime='2026-07-07 10:23:48,365'
2026-07-07 10:23:48,365 - DEBUG - [test]:polyplay: setup_me finded! object registered into Queue.| extra=taskName=None, asctime='2026-07-07 10:23:48,365'
2026-07-07 10:23:49,367 - DEBUG - Memuat blueprint 'setup' (prioritas=NORMAL)..| extra=taskName=None, asctime='2026-07-07 10:23:49,367'
2026-07-07 10:23:49,433 - DEBUG - Memuat blueprint 'setup' (prioritas=NORMAL)..| extra=taskName=None, asctime='2026-07-07 10:23:49,433'
2026-07-07 10:23:49,434 - DEBUG - Memuat blueprint 'setup_me' (prioritas=NORMAL)..| extra=taskName=None, asctime='2026-07-07 10:23:49,434'
2026-07-07 10:23:49,437 - DEBUG - Registrasi selesai — berhasil: 3, gagal: 0.| extra=taskName=None, asctime='2026-07-07 10:23:49,437'
2026-07-07 10:23:49,459 - DEBUG - All routes registered successfully| extra=taskName=None, asctime='2026-07-07 10:23:49,459'
2026-07-07 10:23:49,462 - DEBUG - Server setup completed.| extra=taskName=None, asctime='2026-07-07 10:23:49,462'
2026-07-07 10:24:25,384 - DEBUG - 'CommunityMiddleware' internal package registered!| extra=taskName=None, asctime='2026-07-07 10:24:25,384'
2026-07-07 10:24:25,384 - DEBUG - 'Guardian_Crash' internal package registered!| extra=taskName=None, asctime='2026-07-07 10:24:25,384'
2026-07-07 10:24:25,385 - DEBUG - Trying load 'test'..| extra=taskName=None, asctime='2026-07-07 10:24:25,385'
2026-07-07 10:24:25,389 - DEBUG - [test]: detected object module 'bowlplate.domain.web_core.plugin.public.test.main', finding 'setup_me'..| extra=taskName=None, asctime='2026-07-07 10:24:25,389'
2026-07-07 10:24:25,390 - DEBUG - [test]:Flask: object doesn't have 'setup_me' function, skiped!| extra=taskName=None, asctime='2026-07-07 10:24:25,390'
2026-07-07 10:24:25,390 - DEBUG - [test]:polyplay: setup_me finded! object registered into Queue.| extra=taskName=None, asctime='2026-07-07 10:24:25,390'
2026-07-07 10:24:25,602 - DEBUG - Memuat blueprint 'setup' (prioritas=NORMAL)..| extra=taskName=None, asctime='2026-07-07 10:24:25,602'
2026-07-07 10:24:25,609 - DEBUG - Memuat blueprint 'setup' (prioritas=NORMAL)..| extra=taskName=None, asctime='2026-07-07 10:24:25,609'
2026-07-07 10:24:25,610 - DEBUG - Memuat blueprint 'setup_me' (prioritas=NORMAL)..| extra=taskName=None, asctime='2026-07-07 10:24:25,610'
2026-07-07 10:24:25,615 - DEBUG - Registrasi selesai — berhasil: 3, gagal: 0.| extra=taskName=None, asctime='2026-07-07 10:24:25,615'
2026-07-07 10:24:25,620 - DEBUG - All routes registered successfully| extra=taskName=None, asctime='2026-07-07 10:24:25,620'
2026-07-07 10:24:25,624 - DEBUG - Server setup completed.| extra=taskName=None, asctime='2026-07-07 10:24:25,624'
2026-07-07 10:24:38,058 - DEBUG - 'CommunityMiddleware' internal package registered!| extra=taskName=None, asctime='2026-07-07 10:24:38,058'
2026-07-07 10:24:38,058 - DEBUG - 'Guardian_Crash' internal package registered!| extra=taskName=None, asctime='2026-07-07 10:24:38,058'
2026-07-07 10:24:38,059 - DEBUG - Trying load 'test'..| extra=taskName=None, asctime='2026-07-07 10:24:38,059'
2026-07-07 10:24:38,063 - DEBUG - [test]: detected object module 'bowlplate.domain.web_core.plugin.public.test.main', finding 'setup_me'..| extra=taskName=None, asctime='2026-07-07 10:24:38,063'
2026-07-07 10:24:38,063 - DEBUG - [test]:Flask: object doesn't have 'setup_me' function, skiped!| extra=taskName=None, asctime='2026-07-07 10:24:38,063'
2026-07-07 10:24:38,063 - DEBUG - [test]:polyplay: setup_me finded! object registered into Queue.| extra=taskName=None, asctime='2026-07-07 10:24:38,063'
2026-07-07 10:24:38,223 - DEBUG - Memuat blueprint 'setup' (prioritas=NORMAL)..| extra=taskName=None, asctime='2026-07-07 10:24:38,223'
2026-07-07 10:24:38,229 - DEBUG - Memuat blueprint 'setup' (prioritas=NORMAL)..| extra=taskName=None, asctime='2026-07-07 10:24:38,229'
2026-07-07 10:24:38,229 - DEBUG - Memuat blueprint 'setup_me' (prioritas=NORMAL)..| extra=taskName=None, asctime='2026-07-07 10:24:38,229'
2026-07-07 10:24:38,232 - DEBUG - Registrasi selesai — berhasil: 3, gagal: 0.| extra=taskName=None, asctime='2026-07-07 10:24:38,232'
2026-07-07 10:24:38,237 - DEBUG - All routes registered successfully| extra=taskName=None, asctime='2026-07-07 10:24:38,237'
2026-07-07 10:24:38,239 - DEBUG - Server setup completed.| extra=taskName=None, asctime='2026-07-07 10:24:38,239'
2026-07-07 10:25:56,183 - DEBUG - 'CommunityMiddleware' internal package registered!| extra=taskName=None, asctime='2026-07-07 10:25:56,183'
2026-07-07 10:25:56,183 - DEBUG - 'Guardian_Crash' internal package registered!| extra=taskName=None, asctime='2026-07-07 10:25:56,183'
2026-07-07 10:25:56,184 - DEBUG - Trying load 'test'..| extra=taskName=None, asctime='2026-07-07 10:25:56,184'
2026-07-07 10:25:56,188 - DEBUG - [test]: detected object module 'bowlplate.domain.web_core.plugin.public.test.main', finding 'setup_me'..| extra=taskName=None, asctime='2026-07-07 10:25:56,188'
2026-07-07 10:25:56,188 - DEBUG - [test]:Flask: object doesn't have 'setup_me' function, skiped!| extra=taskName=None, asctime='2026-07-07 10:25:56,188'
2026-07-07 10:25:56,188 - DEBUG - [test]:polyplay: setup_me finded! object registered into Queue.| extra=taskName=None, asctime='2026-07-07 10:25:56,188'
2026-07-07 10:25:56,343 - DEBUG - Memuat blueprint 'setup' (prioritas=NORMAL)..| extra=taskName=None, asctime='2026-07-07 10:25:56,343'
2026-07-07 10:25:56,349 - DEBUG - Memuat blueprint 'setup' (prioritas=NORMAL)..| extra=taskName=None, asctime='2026-07-07 10:25:56,349'
2026-07-07 10:25:56,349 - DEBUG - Memuat blueprint 'setup_me' (prioritas=NORMAL)..| extra=taskName=None, asctime='2026-07-07 10:25:56,349'
2026-07-07 10:25:56,352 - DEBUG - Registrasi selesai — berhasil: 3, gagal: 0.| extra=taskName=None, asctime='2026-07-07 10:25:56,352'
2026-07-07 10:25:56,357 - DEBUG - All routes registered successfully| extra=taskName=None, asctime='2026-07-07 10:25:56,357'
2026-07-07 10:25:56,360 - DEBUG - Server setup completed.| extra=taskName=None, asctime='2026-07-07 10:25:56,360'
