2026-04-26 15:52:41,658 - DEBUG - 'RateLimiter' successfully loaded!| extra=asctime='2026-04-26 15:52:41,658'
2026-04-26 15:52:41,658 - DEBUG - 'InputValiator' successfully loaded!| extra=asctime='2026-04-26 15:52:41,658'
2026-04-26 15:52:41,658 - DEBUG - 'CSRFProtection' successfully loaded!| extra=asctime='2026-04-26 15:52:41,658'
2026-04-26 15:52:41,689 - DEBUG - 'OBSecurity' successfully loaded!| extra=asctime='2026-04-26 15:52:41,689'
2026-04-26 15:52:41,689 - DEBUG - 'ErrorPage' successfully loaded!| extra=asctime='2026-04-26 15:52:41,689'
2026-04-26 15:52:41,689 - DEBUG - 'ContextProcessor' successfully loaded!| extra=asctime='2026-04-26 15:52:41,689'
2026-04-26 15:52:41,689 - DEBUG - 'SetupSecurity' successfully loaded!| extra=asctime='2026-04-26 15:52:41,689'
2026-04-26 15:58:00,474 - DEBUG - 'RateLimiter' successfully loaded!| extra=asctime='2026-04-26 15:58:00,474'
2026-04-26 15:58:00,474 - DEBUG - 'InputValiator' successfully loaded!| extra=asctime='2026-04-26 15:58:00,474'
2026-04-26 15:58:00,474 - DEBUG - 'CSRFProtection' successfully loaded!| extra=asctime='2026-04-26 15:58:00,474'
2026-04-26 15:58:00,589 - DEBUG - 'OBSecurity' successfully loaded!| extra=asctime='2026-04-26 15:58:00,589'
2026-04-26 15:58:00,589 - DEBUG - 'ErrorPage' successfully loaded!| extra=asctime='2026-04-26 15:58:00,589'
2026-04-26 15:58:00,589 - DEBUG - 'ContextProcessor' successfully loaded!| extra=asctime='2026-04-26 15:58:00,589'
2026-04-26 15:58:00,605 - DEBUG - 'SetupSecurity' successfully loaded!| extra=asctime='2026-04-26 15:58:00,605'
2026-04-26 16:02:01,158 - DEBUG - 'RateLimiter' successfully loaded!| extra=asctime='2026-04-26 16:02:01,158'
2026-04-26 16:02:01,158 - DEBUG - 'InputValiator' successfully loaded!| extra=asctime='2026-04-26 16:02:01,158'
2026-04-26 16:02:01,174 - DEBUG - 'CSRFProtection' successfully loaded!| extra=asctime='2026-04-26 16:02:01,174'
2026-04-26 16:02:01,236 - DEBUG - 'OBSecurity' successfully loaded!| extra=asctime='2026-04-26 16:02:01,236'
2026-04-26 16:02:01,236 - DEBUG - 'ErrorPage' successfully loaded!| extra=asctime='2026-04-26 16:02:01,236'
2026-04-26 16:02:01,236 - DEBUG - 'ContextProcessor' successfully loaded!| extra=asctime='2026-04-26 16:02:01,236'
2026-04-26 16:02:01,236 - DEBUG - 'SetupSecurity' successfully loaded!| extra=asctime='2026-04-26 16:02:01,236'
2026-04-26 16:03:15,334 - DEBUG - 'RateLimiter' successfully loaded!| extra=asctime='2026-04-26 16:03:15,334'
2026-04-26 16:03:15,334 - DEBUG - 'InputValiator' successfully loaded!| extra=asctime='2026-04-26 16:03:15,334'
2026-04-26 16:03:15,334 - DEBUG - 'CSRFProtection' successfully loaded!| extra=asctime='2026-04-26 16:03:15,334'
2026-04-26 16:03:15,459 - DEBUG - 'OBSecurity' successfully loaded!| extra=asctime='2026-04-26 16:03:15,459'
2026-04-26 16:03:15,459 - DEBUG - 'ErrorPage' successfully loaded!| extra=asctime='2026-04-26 16:03:15,459'
2026-04-26 16:03:15,459 - DEBUG - 'ContextProcessor' successfully loaded!| extra=asctime='2026-04-26 16:03:15,459'
2026-04-26 16:03:15,475 - DEBUG - 'SetupSecurity' successfully loaded!| extra=asctime='2026-04-26 16:03:15,475'
2026-04-26 17:38:53,109 - DEBUG - 'RateLimiter' successfully loaded!| extra=asctime='2026-04-26 17:38:53,109'
2026-04-26 17:38:53,178 - DEBUG - 'InputValiator' successfully loaded!| extra=asctime='2026-04-26 17:38:53,178'
2026-04-26 17:38:53,178 - DEBUG - 'CSRFProtection' successfully loaded!| extra=asctime='2026-04-26 17:38:53,178'
2026-04-26 17:38:53,209 - DEBUG - 'OBSecurity' successfully loaded!| extra=asctime='2026-04-26 17:38:53,209'
2026-04-26 17:38:53,209 - DEBUG - 'ErrorPage' successfully loaded!| extra=asctime='2026-04-26 17:38:53,209'
2026-04-26 17:38:53,209 - DEBUG - 'ContextProcessor' successfully loaded!| extra=asctime='2026-04-26 17:38:53,209'
2026-04-26 17:38:53,247 - DEBUG - 'SetupSecurity' successfully loaded!| extra=asctime='2026-04-26 17:38:53,247'
