2026-05-30 22:30:19,247 - DEBUG - 'RateLimiter' successfully loaded!| extra=taskName=None, asctime='2026-05-30 22:30:19,247'
2026-05-30 22:30:19,247 - DEBUG - 'InputValiator' successfully loaded!| extra=taskName=None, asctime='2026-05-30 22:30:19,247'
2026-05-30 22:30:19,248 - DEBUG - 'CSRFProtection' successfully loaded!| extra=taskName=None, asctime='2026-05-30 22:30:19,248'
2026-05-30 22:30:19,325 - DEBUG - 'OBSecurity' successfully loaded!| extra=taskName=None, asctime='2026-05-30 22:30:19,325'
2026-05-30 22:30:19,326 - DEBUG - 'ErrorPage' successfully loaded!| extra=taskName=None, asctime='2026-05-30 22:30:19,326'
2026-05-30 22:30:19,326 - DEBUG - 'ContextProcessor' successfully loaded!| extra=taskName=None, asctime='2026-05-30 22:30:19,326'
2026-05-30 22:30:19,333 - DEBUG - 'SetupSecurity' successfully loaded!| extra=taskName=None, asctime='2026-05-30 22:30:19,333'
2026-05-30 22:30:29,457 - DEBUG - 'RateLimiter' successfully loaded!| extra=taskName=None, asctime='2026-05-30 22:30:29,457'
2026-05-30 22:30:29,458 - DEBUG - 'InputValiator' successfully loaded!| extra=taskName=None, asctime='2026-05-30 22:30:29,458'
2026-05-30 22:30:29,458 - DEBUG - 'CSRFProtection' successfully loaded!| extra=taskName=None, asctime='2026-05-30 22:30:29,458'
2026-05-30 22:30:29,542 - DEBUG - 'OBSecurity' successfully loaded!| extra=taskName=None, asctime='2026-05-30 22:30:29,542'
2026-05-30 22:30:29,543 - DEBUG - 'ErrorPage' successfully loaded!| extra=taskName=None, asctime='2026-05-30 22:30:29,543'
2026-05-30 22:30:29,543 - DEBUG - 'ContextProcessor' successfully loaded!| extra=taskName=None, asctime='2026-05-30 22:30:29,543'
2026-05-30 22:30:29,549 - DEBUG - 'SetupSecurity' successfully loaded!| extra=taskName=None, asctime='2026-05-30 22:30:29,549'
2026-05-30 22:31:12,029 - DEBUG - 'RateLimiter' successfully loaded!| extra=taskName=None, asctime='2026-05-30 22:31:12,029'
2026-05-30 22:31:12,030 - DEBUG - 'InputValiator' successfully loaded!| extra=taskName=None, asctime='2026-05-30 22:31:12,030'
2026-05-30 22:31:12,030 - DEBUG - 'CSRFProtection' successfully loaded!| extra=taskName=None, asctime='2026-05-30 22:31:12,030'
2026-05-30 22:31:12,301 - DEBUG - 'OBSecurity' successfully loaded!| extra=taskName=None, asctime='2026-05-30 22:31:12,301'
2026-05-30 22:31:12,301 - DEBUG - 'ErrorPage' successfully loaded!| extra=taskName=None, asctime='2026-05-30 22:31:12,301'
2026-05-30 22:31:12,301 - DEBUG - 'ContextProcessor' successfully loaded!| extra=taskName=None, asctime='2026-05-30 22:31:12,301'
2026-05-30 22:31:12,305 - DEBUG - 'SetupSecurity' successfully loaded!| extra=taskName=None, asctime='2026-05-30 22:31:12,305'
2026-05-30 22:31:36,970 - DEBUG - 'RateLimiter' successfully loaded!| extra=taskName=None, asctime='2026-05-30 22:31:36,970'
2026-05-30 22:31:36,970 - DEBUG - 'InputValiator' successfully loaded!| extra=taskName=None, asctime='2026-05-30 22:31:36,970'
2026-05-30 22:31:36,971 - DEBUG - 'CSRFProtection' successfully loaded!| extra=taskName=None, asctime='2026-05-30 22:31:36,971'
2026-05-30 22:31:37,054 - DEBUG - 'OBSecurity' successfully loaded!| extra=taskName=None, asctime='2026-05-30 22:31:37,054'
2026-05-30 22:31:37,054 - DEBUG - 'ErrorPage' successfully loaded!| extra=taskName=None, asctime='2026-05-30 22:31:37,054'
2026-05-30 22:31:37,054 - DEBUG - 'ContextProcessor' successfully loaded!| extra=taskName=None, asctime='2026-05-30 22:31:37,054'
2026-05-30 22:31:37,059 - DEBUG - 'SetupSecurity' successfully loaded!| extra=taskName=None, asctime='2026-05-30 22:31:37,059'
2026-05-30 22:41:15,930 - DEBUG - 'RateLimiter' successfully loaded!| extra=taskName=None, asctime='2026-05-30 22:41:15,930'
2026-05-30 22:41:15,960 - DEBUG - 'InputValiator' successfully loaded!| extra=taskName=None, asctime='2026-05-30 22:41:15,960'
2026-05-30 22:41:15,960 - DEBUG - 'CSRFProtection' successfully loaded!| extra=taskName=None, asctime='2026-05-30 22:41:15,960'
2026-05-30 22:41:16,038 - DEBUG - 'OBSecurity' successfully loaded!| extra=taskName=None, asctime='2026-05-30 22:41:16,038'
2026-05-30 22:41:16,038 - DEBUG - 'ErrorPage' successfully loaded!| extra=taskName=None, asctime='2026-05-30 22:41:16,038'
2026-05-30 22:41:16,038 - DEBUG - 'ContextProcessor' successfully loaded!| extra=taskName=None, asctime='2026-05-30 22:41:16,038'
2026-05-30 22:41:16,044 - DEBUG - 'SetupSecurity' successfully loaded!| extra=taskName=None, asctime='2026-05-30 22:41:16,044'
2026-05-30 22:52:29,344 - DEBUG - 'RateLimiter' successfully loaded!| extra=asctime='2026-05-30 22:52:29,344'
2026-05-30 22:52:29,344 - DEBUG - 'InputValiator' successfully loaded!| extra=asctime='2026-05-30 22:52:29,344'
2026-05-30 22:52:29,344 - DEBUG - 'CSRFProtection' successfully loaded!| extra=asctime='2026-05-30 22:52:29,344'
2026-05-30 22:52:29,375 - DEBUG - 'OBSecurity' successfully loaded!| extra=asctime='2026-05-30 22:52:29,375'
2026-05-30 22:52:29,375 - DEBUG - 'ErrorPage' successfully loaded!| extra=asctime='2026-05-30 22:52:29,375'
2026-05-30 22:52:29,375 - DEBUG - 'ContextProcessor' successfully loaded!| extra=asctime='2026-05-30 22:52:29,375'
2026-05-30 22:52:29,375 - DEBUG - 'SetupSecurity' successfully loaded!| extra=asctime='2026-05-30 22:52:29,375'
