2026-05-13 00:09:46,734 - DEBUG - 'RateLimiter' successfully loaded!| extra=asctime='2026-05-13 00:09:46,734'
2026-05-13 00:09:46,734 - DEBUG - 'InputValiator' successfully loaded!| extra=asctime='2026-05-13 00:09:46,734'
2026-05-13 00:09:46,734 - DEBUG - 'CSRFProtection' successfully loaded!| extra=asctime='2026-05-13 00:09:46,734'
2026-05-13 00:09:46,780 - DEBUG - 'OBSecurity' successfully loaded!| extra=asctime='2026-05-13 00:09:46,780'
2026-05-13 00:09:46,780 - DEBUG - 'ErrorPage' successfully loaded!| extra=asctime='2026-05-13 00:09:46,780'
2026-05-13 00:09:46,780 - DEBUG - 'ContextProcessor' successfully loaded!| extra=asctime='2026-05-13 00:09:46,780'
2026-05-13 00:09:46,780 - DEBUG - 'SetupSecurity' successfully loaded!| extra=asctime='2026-05-13 00:09:46,780'
2026-05-13 00:18:19,098 - DEBUG - 'RateLimiter' successfully loaded!| extra=asctime='2026-05-13 00:18:19,098'
2026-05-13 00:18:19,098 - DEBUG - 'InputValiator' successfully loaded!| extra=asctime='2026-05-13 00:18:19,098'
2026-05-13 00:18:19,113 - DEBUG - 'CSRFProtection' successfully loaded!| extra=asctime='2026-05-13 00:18:19,113'
2026-05-13 00:18:19,160 - DEBUG - 'OBSecurity' successfully loaded!| extra=asctime='2026-05-13 00:18:19,160'
2026-05-13 00:18:19,160 - DEBUG - 'ErrorPage' successfully loaded!| extra=asctime='2026-05-13 00:18:19,160'
2026-05-13 00:18:19,160 - DEBUG - 'ContextProcessor' successfully loaded!| extra=asctime='2026-05-13 00:18:19,160'
2026-05-13 00:18:19,160 - DEBUG - 'SetupSecurity' successfully loaded!| extra=asctime='2026-05-13 00:18:19,160'
2026-05-13 00:19:24,598 - DEBUG - 'RateLimiter' successfully loaded!| extra=asctime='2026-05-13 00:19:24,598'
2026-05-13 00:19:24,598 - DEBUG - 'InputValiator' successfully loaded!| extra=asctime='2026-05-13 00:19:24,598'
2026-05-13 00:19:24,598 - DEBUG - 'CSRFProtection' successfully loaded!| extra=asctime='2026-05-13 00:19:24,598'
2026-05-13 00:19:24,645 - DEBUG - 'OBSecurity' successfully loaded!| extra=asctime='2026-05-13 00:19:24,645'
2026-05-13 00:19:24,645 - DEBUG - 'ErrorPage' successfully loaded!| extra=asctime='2026-05-13 00:19:24,645'
2026-05-13 00:19:24,645 - DEBUG - 'ContextProcessor' successfully loaded!| extra=asctime='2026-05-13 00:19:24,645'
2026-05-13 00:19:24,645 - DEBUG - 'SetupSecurity' successfully loaded!| extra=asctime='2026-05-13 00:19:24,645'
2026-05-13 00:19:45,169 - DEBUG - 'RateLimiter' successfully loaded!| extra=asctime='2026-05-13 00:19:45,169'
2026-05-13 00:19:45,169 - DEBUG - 'InputValiator' successfully loaded!| extra=asctime='2026-05-13 00:19:45,169'
2026-05-13 00:19:45,169 - DEBUG - 'CSRFProtection' successfully loaded!| extra=asctime='2026-05-13 00:19:45,169'
2026-05-13 00:19:45,216 - DEBUG - 'OBSecurity' successfully loaded!| extra=asctime='2026-05-13 00:19:45,216'
2026-05-13 00:19:45,216 - DEBUG - 'ErrorPage' successfully loaded!| extra=asctime='2026-05-13 00:19:45,216'
2026-05-13 00:19:45,216 - DEBUG - 'ContextProcessor' successfully loaded!| extra=asctime='2026-05-13 00:19:45,216'
2026-05-13 00:19:45,216 - DEBUG - 'SetupSecurity' successfully loaded!| extra=asctime='2026-05-13 00:19:45,216'
2026-05-13 00:21:22,539 - DEBUG - 'RateLimiter' successfully loaded!| extra=asctime='2026-05-13 00:21:22,539'
2026-05-13 00:21:22,539 - DEBUG - 'InputValiator' successfully loaded!| extra=asctime='2026-05-13 00:21:22,539'
2026-05-13 00:21:22,539 - DEBUG - 'CSRFProtection' successfully loaded!| extra=asctime='2026-05-13 00:21:22,539'
2026-05-13 00:21:22,633 - DEBUG - 'OBSecurity' successfully loaded!| extra=asctime='2026-05-13 00:21:22,633'
2026-05-13 00:21:22,633 - DEBUG - 'ErrorPage' successfully loaded!| extra=asctime='2026-05-13 00:21:22,633'
2026-05-13 00:21:22,633 - DEBUG - 'ContextProcessor' successfully loaded!| extra=asctime='2026-05-13 00:21:22,633'
2026-05-13 00:21:22,633 - DEBUG - 'SetupSecurity' successfully loaded!| extra=asctime='2026-05-13 00:21:22,633'
