2026-05-14 15:49:17,952 - DEBUG - 'RateLimiter' successfully loaded!| extra=asctime='2026-05-14 15:49:17,952'
2026-05-14 15:49:17,952 - DEBUG - 'InputValiator' successfully loaded!| extra=asctime='2026-05-14 15:49:17,952'
2026-05-14 15:49:17,952 - DEBUG - 'CSRFProtection' successfully loaded!| extra=asctime='2026-05-14 15:49:17,952'
2026-05-14 15:49:17,995 - DEBUG - 'OBSecurity' successfully loaded!| extra=asctime='2026-05-14 15:49:17,995'
2026-05-14 15:49:18,003 - DEBUG - 'ErrorPage' successfully loaded!| extra=asctime='2026-05-14 15:49:18,003'
2026-05-14 15:49:18,003 - DEBUG - 'ContextProcessor' successfully loaded!| extra=asctime='2026-05-14 15:49:18,003'
2026-05-14 15:49:18,005 - DEBUG - 'SetupSecurity' successfully loaded!| extra=asctime='2026-05-14 15:49:18,005'
2026-05-14 16:00:42,793 - DEBUG - 'RateLimiter' successfully loaded!| extra=asctime='2026-05-14 16:00:42,793'
2026-05-14 16:00:42,793 - DEBUG - 'InputValiator' successfully loaded!| extra=asctime='2026-05-14 16:00:42,793'
2026-05-14 16:00:42,793 - DEBUG - 'CSRFProtection' successfully loaded!| extra=asctime='2026-05-14 16:00:42,793'
2026-05-14 16:00:42,853 - DEBUG - 'OBSecurity' successfully loaded!| extra=asctime='2026-05-14 16:00:42,853'
2026-05-14 16:00:42,853 - DEBUG - 'ErrorPage' successfully loaded!| extra=asctime='2026-05-14 16:00:42,853'
2026-05-14 16:00:42,853 - DEBUG - 'ContextProcessor' successfully loaded!| extra=asctime='2026-05-14 16:00:42,853'
2026-05-14 16:00:42,853 - DEBUG - 'SetupSecurity' successfully loaded!| extra=asctime='2026-05-14 16:00:42,853'
2026-05-14 16:02:37,319 - DEBUG - 'RateLimiter' successfully loaded!| extra=asctime='2026-05-14 16:02:37,319'
2026-05-14 16:02:37,319 - DEBUG - 'InputValiator' successfully loaded!| extra=asctime='2026-05-14 16:02:37,319'
2026-05-14 16:02:37,319 - DEBUG - 'CSRFProtection' successfully loaded!| extra=asctime='2026-05-14 16:02:37,319'
2026-05-14 16:02:37,367 - DEBUG - 'OBSecurity' successfully loaded!| extra=asctime='2026-05-14 16:02:37,367'
2026-05-14 16:02:37,367 - DEBUG - 'ErrorPage' successfully loaded!| extra=asctime='2026-05-14 16:02:37,367'
2026-05-14 16:02:37,367 - DEBUG - 'ContextProcessor' successfully loaded!| extra=asctime='2026-05-14 16:02:37,367'
2026-05-14 16:02:37,372 - DEBUG - 'SetupSecurity' successfully loaded!| extra=asctime='2026-05-14 16:02:37,372'
2026-05-14 16:04:21,632 - DEBUG - 'RateLimiter' successfully loaded!| extra=asctime='2026-05-14 16:04:21,632'
2026-05-14 16:04:21,632 - DEBUG - 'InputValiator' successfully loaded!| extra=asctime='2026-05-14 16:04:21,632'
2026-05-14 16:04:21,632 - DEBUG - 'CSRFProtection' successfully loaded!| extra=asctime='2026-05-14 16:04:21,632'
2026-05-14 16:04:21,681 - DEBUG - 'OBSecurity' successfully loaded!| extra=asctime='2026-05-14 16:04:21,681'
2026-05-14 16:04:21,682 - DEBUG - 'ErrorPage' successfully loaded!| extra=asctime='2026-05-14 16:04:21,682'
2026-05-14 16:04:21,682 - DEBUG - 'ContextProcessor' successfully loaded!| extra=asctime='2026-05-14 16:04:21,682'
2026-05-14 16:04:21,683 - DEBUG - 'SetupSecurity' successfully loaded!| extra=asctime='2026-05-14 16:04:21,683'
2026-05-14 16:05:31,046 - DEBUG - 'RateLimiter' successfully loaded!| extra=asctime='2026-05-14 16:05:31,046'
2026-05-14 16:05:31,054 - DEBUG - 'InputValiator' successfully loaded!| extra=asctime='2026-05-14 16:05:31,054'
2026-05-14 16:05:31,054 - DEBUG - 'CSRFProtection' successfully loaded!| extra=asctime='2026-05-14 16:05:31,054'
2026-05-14 16:05:31,168 - DEBUG - 'OBSecurity' successfully loaded!| extra=asctime='2026-05-14 16:05:31,168'
2026-05-14 16:05:31,168 - DEBUG - 'ErrorPage' successfully loaded!| extra=asctime='2026-05-14 16:05:31,168'
2026-05-14 16:05:31,168 - DEBUG - 'ContextProcessor' successfully loaded!| extra=asctime='2026-05-14 16:05:31,168'
2026-05-14 16:05:31,178 - DEBUG - 'SetupSecurity' successfully loaded!| extra=asctime='2026-05-14 16:05:31,178'
2026-05-14 16:06:34,462 - DEBUG - 'RateLimiter' successfully loaded!| extra=asctime='2026-05-14 16:06:34,462'
2026-05-14 16:06:34,462 - DEBUG - 'InputValiator' successfully loaded!| extra=asctime='2026-05-14 16:06:34,462'
2026-05-14 16:06:34,462 - DEBUG - 'CSRFProtection' successfully loaded!| extra=asctime='2026-05-14 16:06:34,462'
2026-05-14 16:06:34,541 - DEBUG - 'OBSecurity' successfully loaded!| extra=asctime='2026-05-14 16:06:34,541'
2026-05-14 16:06:34,543 - DEBUG - 'ErrorPage' successfully loaded!| extra=asctime='2026-05-14 16:06:34,543'
2026-05-14 16:06:34,543 - DEBUG - 'ContextProcessor' successfully loaded!| extra=asctime='2026-05-14 16:06:34,543'
2026-05-14 16:06:34,543 - DEBUG - 'SetupSecurity' successfully loaded!| extra=asctime='2026-05-14 16:06:34,543'
2026-05-14 16:06:56,149 - DEBUG - 'RateLimiter' successfully loaded!| extra=asctime='2026-05-14 16:06:56,149'
2026-05-14 16:06:56,149 - DEBUG - 'InputValiator' successfully loaded!| extra=asctime='2026-05-14 16:06:56,149'
2026-05-14 16:06:56,149 - DEBUG - 'CSRFProtection' successfully loaded!| extra=asctime='2026-05-14 16:06:56,149'
2026-05-14 16:06:56,231 - DEBUG - 'OBSecurity' successfully loaded!| extra=asctime='2026-05-14 16:06:56,231'
2026-05-14 16:06:56,231 - DEBUG - 'ErrorPage' successfully loaded!| extra=asctime='2026-05-14 16:06:56,231'
2026-05-14 16:06:56,231 - DEBUG - 'ContextProcessor' successfully loaded!| extra=asctime='2026-05-14 16:06:56,231'
2026-05-14 16:06:56,231 - DEBUG - 'SetupSecurity' successfully loaded!| extra=asctime='2026-05-14 16:06:56,231'
2026-05-14 16:08:27,557 - DEBUG - 'RateLimiter' successfully loaded!| extra=asctime='2026-05-14 16:08:27,557'
2026-05-14 16:08:27,557 - DEBUG - 'InputValiator' successfully loaded!| extra=asctime='2026-05-14 16:08:27,557'
2026-05-14 16:08:27,557 - DEBUG - 'CSRFProtection' successfully loaded!| extra=asctime='2026-05-14 16:08:27,557'
2026-05-14 16:08:27,638 - DEBUG - 'OBSecurity' successfully loaded!| extra=asctime='2026-05-14 16:08:27,638'
2026-05-14 16:08:27,638 - DEBUG - 'ErrorPage' successfully loaded!| extra=asctime='2026-05-14 16:08:27,638'
2026-05-14 16:08:27,638 - DEBUG - 'ContextProcessor' successfully loaded!| extra=asctime='2026-05-14 16:08:27,638'
2026-05-14 16:08:27,648 - DEBUG - 'SetupSecurity' successfully loaded!| extra=asctime='2026-05-14 16:08:27,648'
2026-05-14 16:09:02,119 - DEBUG - 'RateLimiter' successfully loaded!| extra=asctime='2026-05-14 16:09:02,119'
2026-05-14 16:09:02,119 - DEBUG - 'InputValiator' successfully loaded!| extra=asctime='2026-05-14 16:09:02,119'
2026-05-14 16:09:02,119 - DEBUG - 'CSRFProtection' successfully loaded!| extra=asctime='2026-05-14 16:09:02,119'
2026-05-14 16:09:02,190 - DEBUG - 'OBSecurity' successfully loaded!| extra=asctime='2026-05-14 16:09:02,190'
2026-05-14 16:09:02,190 - DEBUG - 'ErrorPage' successfully loaded!| extra=asctime='2026-05-14 16:09:02,190'
2026-05-14 16:09:02,190 - DEBUG - 'ContextProcessor' successfully loaded!| extra=asctime='2026-05-14 16:09:02,190'
2026-05-14 16:09:02,200 - DEBUG - 'SetupSecurity' successfully loaded!| extra=asctime='2026-05-14 16:09:02,200'
2026-05-14 16:10:54,979 - DEBUG - 'RateLimiter' successfully loaded!| extra=asctime='2026-05-14 16:10:54,979'
2026-05-14 16:10:54,981 - DEBUG - 'InputValiator' successfully loaded!| extra=asctime='2026-05-14 16:10:54,981'
2026-05-14 16:10:54,981 - DEBUG - 'CSRFProtection' successfully loaded!| extra=asctime='2026-05-14 16:10:54,981'
2026-05-14 16:10:55,061 - DEBUG - 'OBSecurity' successfully loaded!| extra=asctime='2026-05-14 16:10:55,061'
2026-05-14 16:10:55,063 - DEBUG - 'ErrorPage' successfully loaded!| extra=asctime='2026-05-14 16:10:55,063'
2026-05-14 16:10:55,063 - DEBUG - 'ContextProcessor' successfully loaded!| extra=asctime='2026-05-14 16:10:55,063'
2026-05-14 16:10:55,063 - DEBUG - 'SetupSecurity' successfully loaded!| extra=asctime='2026-05-14 16:10:55,063'
2026-05-14 16:18:38,777 - DEBUG - 'RateLimiter' successfully loaded!| extra=asctime='2026-05-14 16:18:38,777'
2026-05-14 16:18:38,777 - DEBUG - 'InputValiator' successfully loaded!| extra=asctime='2026-05-14 16:18:38,777'
2026-05-14 16:18:38,777 - DEBUG - 'CSRFProtection' successfully loaded!| extra=asctime='2026-05-14 16:18:38,777'
2026-05-14 16:18:38,879 - DEBUG - 'OBSecurity' successfully loaded!| extra=asctime='2026-05-14 16:18:38,879'
2026-05-14 16:18:38,879 - DEBUG - 'ErrorPage' successfully loaded!| extra=asctime='2026-05-14 16:18:38,879'
2026-05-14 16:18:38,879 - DEBUG - 'ContextProcessor' successfully loaded!| extra=asctime='2026-05-14 16:18:38,879'
2026-05-14 16:18:38,887 - DEBUG - 'SetupSecurity' successfully loaded!| extra=asctime='2026-05-14 16:18:38,887'
2026-05-14 16:19:33,873 - DEBUG - 'RateLimiter' successfully loaded!| extra=asctime='2026-05-14 16:19:33,873'
2026-05-14 16:19:33,873 - DEBUG - 'InputValiator' successfully loaded!| extra=asctime='2026-05-14 16:19:33,873'
2026-05-14 16:19:33,873 - DEBUG - 'CSRFProtection' successfully loaded!| extra=asctime='2026-05-14 16:19:33,873'
2026-05-14 16:19:33,922 - DEBUG - 'OBSecurity' successfully loaded!| extra=asctime='2026-05-14 16:19:33,922'
2026-05-14 16:19:33,922 - DEBUG - 'ErrorPage' successfully loaded!| extra=asctime='2026-05-14 16:19:33,922'
2026-05-14 16:19:33,922 - DEBUG - 'ContextProcessor' successfully loaded!| extra=asctime='2026-05-14 16:19:33,922'
2026-05-14 16:19:33,924 - DEBUG - 'SetupSecurity' successfully loaded!| extra=asctime='2026-05-14 16:19:33,924'
2026-05-14 16:22:15,061 - DEBUG - 'RateLimiter' successfully loaded!| extra=asctime='2026-05-14 16:22:15,061'
2026-05-14 16:22:15,061 - DEBUG - 'InputValiator' successfully loaded!| extra=asctime='2026-05-14 16:22:15,061'
2026-05-14 16:22:15,061 - DEBUG - 'CSRFProtection' successfully loaded!| extra=asctime='2026-05-14 16:22:15,061'
2026-05-14 16:22:15,112 - DEBUG - 'OBSecurity' successfully loaded!| extra=asctime='2026-05-14 16:22:15,112'
2026-05-14 16:22:15,112 - DEBUG - 'ErrorPage' successfully loaded!| extra=asctime='2026-05-14 16:22:15,112'
2026-05-14 16:22:15,112 - DEBUG - 'ContextProcessor' successfully loaded!| extra=asctime='2026-05-14 16:22:15,112'
2026-05-14 16:22:15,112 - DEBUG - 'SetupSecurity' successfully loaded!| extra=asctime='2026-05-14 16:22:15,112'
2026-05-14 16:22:24,446 - DEBUG - 'RateLimiter' successfully loaded!| extra=asctime='2026-05-14 16:22:24,446'
2026-05-14 16:22:24,446 - DEBUG - 'InputValiator' successfully loaded!| extra=asctime='2026-05-14 16:22:24,446'
2026-05-14 16:22:24,446 - DEBUG - 'CSRFProtection' successfully loaded!| extra=asctime='2026-05-14 16:22:24,446'
2026-05-14 16:22:24,486 - DEBUG - 'OBSecurity' successfully loaded!| extra=asctime='2026-05-14 16:22:24,486'
2026-05-14 16:22:24,486 - DEBUG - 'ErrorPage' successfully loaded!| extra=asctime='2026-05-14 16:22:24,486'
2026-05-14 16:22:24,486 - DEBUG - 'ContextProcessor' successfully loaded!| extra=asctime='2026-05-14 16:22:24,486'
2026-05-14 16:22:24,486 - DEBUG - 'SetupSecurity' successfully loaded!| extra=asctime='2026-05-14 16:22:24,486'
2026-05-14 16:27:20,812 - DEBUG - 'RateLimiter' successfully loaded!| extra=asctime='2026-05-14 16:27:20,812'
2026-05-14 16:27:20,812 - DEBUG - 'InputValiator' successfully loaded!| extra=asctime='2026-05-14 16:27:20,812'
2026-05-14 16:27:20,813 - DEBUG - 'CSRFProtection' successfully loaded!| extra=asctime='2026-05-14 16:27:20,813'
2026-05-14 16:27:21,596 - DEBUG - 'OBSecurity' successfully loaded!| extra=asctime='2026-05-14 16:27:21,596'
2026-05-14 16:27:21,596 - DEBUG - 'ErrorPage' successfully loaded!| extra=asctime='2026-05-14 16:27:21,596'
2026-05-14 16:27:21,597 - DEBUG - 'ContextProcessor' successfully loaded!| extra=asctime='2026-05-14 16:27:21,597'
2026-05-14 16:27:21,616 - DEBUG - 'SetupSecurity' successfully loaded!| extra=asctime='2026-05-14 16:27:21,616'
2026-05-14 17:28:42,265 - DEBUG - 'RateLimiter' successfully loaded!| extra=asctime='2026-05-14 17:28:42,265'
2026-05-14 17:28:42,286 - DEBUG - 'InputValiator' successfully loaded!| extra=asctime='2026-05-14 17:28:42,286'
2026-05-14 17:28:42,294 - DEBUG - 'CSRFProtection' successfully loaded!| extra=asctime='2026-05-14 17:28:42,294'
2026-05-14 17:28:42,337 - DEBUG - 'OBSecurity' successfully loaded!| extra=asctime='2026-05-14 17:28:42,337'
2026-05-14 17:28:42,337 - DEBUG - 'ErrorPage' successfully loaded!| extra=asctime='2026-05-14 17:28:42,337'
2026-05-14 17:28:42,337 - DEBUG - 'ContextProcessor' successfully loaded!| extra=asctime='2026-05-14 17:28:42,337'
2026-05-14 17:28:42,397 - DEBUG - 'SetupSecurity' successfully loaded!| extra=asctime='2026-05-14 17:28:42,397'
2026-05-14 21:42:29,656 - DEBUG - 'RateLimiter' successfully loaded!| extra=asctime='2026-05-14 21:42:29,656'
2026-05-14 21:42:29,765 - DEBUG - 'InputValiator' successfully loaded!| extra=asctime='2026-05-14 21:42:29,765'
2026-05-14 21:42:29,765 - DEBUG - 'CSRFProtection' successfully loaded!| extra=asctime='2026-05-14 21:42:29,765'
2026-05-14 21:42:29,828 - DEBUG - 'OBSecurity' successfully loaded!| extra=asctime='2026-05-14 21:42:29,828'
2026-05-14 21:42:29,828 - DEBUG - 'ErrorPage' successfully loaded!| extra=asctime='2026-05-14 21:42:29,828'
2026-05-14 21:42:29,828 - DEBUG - 'ContextProcessor' successfully loaded!| extra=asctime='2026-05-14 21:42:29,828'
2026-05-14 21:42:30,000 - DEBUG - 'SetupSecurity' successfully loaded!| extra=asctime='2026-05-14 21:42:30,000'
