2026-04-29 16:26:01,356 - DEBUG - 'RateLimiter' successfully loaded!| extra=asctime='2026-04-29 16:26:01,356'
2026-04-29 16:26:01,356 - DEBUG - 'InputValiator' successfully loaded!| extra=asctime='2026-04-29 16:26:01,356'
2026-04-29 16:26:01,356 - DEBUG - 'CSRFProtection' successfully loaded!| extra=asctime='2026-04-29 16:26:01,356'
2026-04-29 16:26:01,403 - DEBUG - 'OBSecurity' successfully loaded!| extra=asctime='2026-04-29 16:26:01,403'
2026-04-29 16:26:01,403 - DEBUG - 'ErrorPage' successfully loaded!| extra=asctime='2026-04-29 16:26:01,403'
2026-04-29 16:26:01,403 - DEBUG - 'ContextProcessor' successfully loaded!| extra=asctime='2026-04-29 16:26:01,403'
2026-04-29 16:26:01,403 - DEBUG - 'SetupSecurity' successfully loaded!| extra=asctime='2026-04-29 16:26:01,403'
2026-04-29 16:26:11,809 - DEBUG - 'RateLimiter' successfully loaded!| extra=asctime='2026-04-29 16:26:11,809'
2026-04-29 16:26:11,809 - DEBUG - 'InputValiator' successfully loaded!| extra=asctime='2026-04-29 16:26:11,809'
2026-04-29 16:26:11,809 - DEBUG - 'CSRFProtection' successfully loaded!| extra=asctime='2026-04-29 16:26:11,809'
2026-04-29 16:26:11,872 - DEBUG - 'OBSecurity' successfully loaded!| extra=asctime='2026-04-29 16:26:11,872'
2026-04-29 16:26:11,872 - DEBUG - 'ErrorPage' successfully loaded!| extra=asctime='2026-04-29 16:26:11,872'
2026-04-29 16:26:11,872 - DEBUG - 'ContextProcessor' successfully loaded!| extra=asctime='2026-04-29 16:26:11,872'
2026-04-29 16:26:11,872 - DEBUG - 'SetupSecurity' successfully loaded!| extra=asctime='2026-04-29 16:26:11,872'
2026-04-29 16:27:40,626 - DEBUG - 'RateLimiter' successfully loaded!| extra=asctime='2026-04-29 16:27:40,626'
2026-04-29 16:27:40,626 - DEBUG - 'InputValiator' successfully loaded!| extra=asctime='2026-04-29 16:27:40,626'
2026-04-29 16:27:40,626 - DEBUG - 'CSRFProtection' successfully loaded!| extra=asctime='2026-04-29 16:27:40,626'
2026-04-29 16:27:40,689 - DEBUG - 'OBSecurity' successfully loaded!| extra=asctime='2026-04-29 16:27:40,689'
2026-04-29 16:27:40,689 - DEBUG - 'ErrorPage' successfully loaded!| extra=asctime='2026-04-29 16:27:40,689'
2026-04-29 16:27:40,689 - DEBUG - 'ContextProcessor' successfully loaded!| extra=asctime='2026-04-29 16:27:40,689'
2026-04-29 16:27:40,705 - DEBUG - 'SetupSecurity' successfully loaded!| extra=asctime='2026-04-29 16:27:40,705'
2026-04-29 16:35:31,206 - DEBUG - 'RateLimiter' successfully loaded!| extra=asctime='2026-04-29 16:35:31,206'
2026-04-29 16:35:31,206 - DEBUG - 'InputValiator' successfully loaded!| extra=asctime='2026-04-29 16:35:31,206'
2026-04-29 16:35:31,206 - DEBUG - 'CSRFProtection' successfully loaded!| extra=asctime='2026-04-29 16:35:31,206'
2026-04-29 16:35:31,268 - DEBUG - 'OBSecurity' successfully loaded!| extra=asctime='2026-04-29 16:35:31,268'
2026-04-29 16:35:31,268 - DEBUG - 'ErrorPage' successfully loaded!| extra=asctime='2026-04-29 16:35:31,268'
2026-04-29 16:35:31,268 - DEBUG - 'ContextProcessor' successfully loaded!| extra=asctime='2026-04-29 16:35:31,268'
2026-04-29 16:35:31,268 - DEBUG - 'SetupSecurity' successfully loaded!| extra=asctime='2026-04-29 16:35:31,268'
2026-04-29 16:36:42,757 - DEBUG - 'RateLimiter' successfully loaded!| extra=asctime='2026-04-29 16:36:42,757'
2026-04-29 16:36:42,757 - DEBUG - 'InputValiator' successfully loaded!| extra=asctime='2026-04-29 16:36:42,757'
2026-04-29 16:36:42,757 - DEBUG - 'CSRFProtection' successfully loaded!| extra=asctime='2026-04-29 16:36:42,757'
2026-04-29 16:36:42,835 - DEBUG - 'OBSecurity' successfully loaded!| extra=asctime='2026-04-29 16:36:42,835'
2026-04-29 16:36:42,835 - DEBUG - 'ErrorPage' successfully loaded!| extra=asctime='2026-04-29 16:36:42,835'
2026-04-29 16:36:42,835 - DEBUG - 'ContextProcessor' successfully loaded!| extra=asctime='2026-04-29 16:36:42,835'
2026-04-29 16:36:42,835 - DEBUG - 'SetupSecurity' successfully loaded!| extra=asctime='2026-04-29 16:36:42,835'
2026-04-29 16:37:13,619 - DEBUG - 'RateLimiter' successfully loaded!| extra=asctime='2026-04-29 16:37:13,619'
2026-04-29 16:37:13,619 - DEBUG - 'InputValiator' successfully loaded!| extra=asctime='2026-04-29 16:37:13,619'
2026-04-29 16:37:13,619 - DEBUG - 'CSRFProtection' successfully loaded!| extra=asctime='2026-04-29 16:37:13,619'
2026-04-29 16:37:13,682 - DEBUG - 'OBSecurity' successfully loaded!| extra=asctime='2026-04-29 16:37:13,682'
2026-04-29 16:37:13,682 - DEBUG - 'ErrorPage' successfully loaded!| extra=asctime='2026-04-29 16:37:13,682'
2026-04-29 16:37:13,682 - DEBUG - 'ContextProcessor' successfully loaded!| extra=asctime='2026-04-29 16:37:13,682'
2026-04-29 16:37:13,697 - DEBUG - 'SetupSecurity' successfully loaded!| extra=asctime='2026-04-29 16:37:13,697'
