2026-04-25 16:47:30,926 - DEBUG - 'RateLimiter' successfully loaded!| extra=asctime='2026-04-25 16:47:30,926'
2026-04-25 16:47:30,926 - DEBUG - 'InputValiator' successfully loaded!| extra=asctime='2026-04-25 16:47:30,926'
2026-04-25 16:49:22,909 - DEBUG - 'RateLimiter' successfully loaded!| extra=asctime='2026-04-25 16:49:22,909'
2026-04-25 16:49:22,909 - DEBUG - 'InputValiator' successfully loaded!| extra=asctime='2026-04-25 16:49:22,909'
2026-04-25 16:49:22,909 - DEBUG - 'CSRFProtection' successfully loaded!| extra=asctime='2026-04-25 16:49:22,909'
2026-04-25 16:49:22,955 - DEBUG - 'OBSecurity' successfully loaded!| extra=asctime='2026-04-25 16:49:22,955'
2026-04-25 16:49:22,955 - DEBUG - 'ErrorPage' successfully loaded!| extra=asctime='2026-04-25 16:49:22,955'
2026-04-25 16:53:10,726 - DEBUG - 'RateLimiter' successfully loaded!| extra=asctime='2026-04-25 16:53:10,726'
2026-04-25 16:53:10,726 - DEBUG - 'InputValiator' successfully loaded!| extra=asctime='2026-04-25 16:53:10,726'
2026-04-25 16:53:10,726 - DEBUG - 'CSRFProtection' successfully loaded!| extra=asctime='2026-04-25 16:53:10,726'
2026-04-25 16:53:10,789 - DEBUG - 'OBSecurity' successfully loaded!| extra=asctime='2026-04-25 16:53:10,789'
2026-04-25 16:53:10,789 - DEBUG - 'ErrorPage' successfully loaded!| extra=asctime='2026-04-25 16:53:10,789'
2026-04-25 16:53:10,789 - DEBUG - 'ContextProcessor' successfully loaded!| extra=asctime='2026-04-25 16:53:10,789'
2026-04-25 16:53:34,878 - DEBUG - 'RateLimiter' successfully loaded!| extra=asctime='2026-04-25 16:53:34,878'
2026-04-25 16:53:34,878 - DEBUG - 'InputValiator' successfully loaded!| extra=asctime='2026-04-25 16:53:34,878'
2026-04-25 16:53:34,878 - DEBUG - 'CSRFProtection' successfully loaded!| extra=asctime='2026-04-25 16:53:34,878'
2026-04-25 16:53:34,925 - DEBUG - 'OBSecurity' successfully loaded!| extra=asctime='2026-04-25 16:53:34,925'
2026-04-25 16:53:34,925 - DEBUG - 'ErrorPage' successfully loaded!| extra=asctime='2026-04-25 16:53:34,925'
2026-04-25 16:53:34,925 - DEBUG - 'ContextProcessor' successfully loaded!| extra=asctime='2026-04-25 16:53:34,925'
2026-04-25 16:53:34,940 - DEBUG - 'SetupSecurity' successfully loaded!| extra=asctime='2026-04-25 16:53:34,940'
2026-04-25 16:53:37,362 - DEBUG - 'RateLimiter' successfully loaded!| extra=asctime='2026-04-25 16:53:37,362'
2026-04-25 16:53:37,362 - DEBUG - 'InputValiator' successfully loaded!| extra=asctime='2026-04-25 16:53:37,362'
2026-04-25 16:53:37,362 - DEBUG - 'CSRFProtection' successfully loaded!| extra=asctime='2026-04-25 16:53:37,362'
2026-04-25 16:53:37,409 - DEBUG - 'OBSecurity' successfully loaded!| extra=asctime='2026-04-25 16:53:37,409'
2026-04-25 16:53:37,409 - DEBUG - 'ErrorPage' successfully loaded!| extra=asctime='2026-04-25 16:53:37,409'
2026-04-25 16:53:37,409 - DEBUG - 'ContextProcessor' successfully loaded!| extra=asctime='2026-04-25 16:53:37,409'
2026-04-25 16:53:37,409 - DEBUG - 'SetupSecurity' successfully loaded!| extra=asctime='2026-04-25 16:53:37,409'
2026-04-25 16:53:51,952 - DEBUG - 'RateLimiter' successfully loaded!| extra=asctime='2026-04-25 16:53:51,952'
2026-04-25 16:53:51,952 - DEBUG - 'InputValiator' successfully loaded!| extra=asctime='2026-04-25 16:53:51,952'
2026-04-25 16:53:51,952 - DEBUG - 'CSRFProtection' successfully loaded!| extra=asctime='2026-04-25 16:53:51,952'
2026-04-25 16:53:52,015 - DEBUG - 'OBSecurity' successfully loaded!| extra=asctime='2026-04-25 16:53:52,015'
2026-04-25 16:53:52,015 - DEBUG - 'ErrorPage' successfully loaded!| extra=asctime='2026-04-25 16:53:52,015'
2026-04-25 16:53:52,015 - DEBUG - 'ContextProcessor' successfully loaded!| extra=asctime='2026-04-25 16:53:52,015'
2026-04-25 16:53:52,015 - DEBUG - 'SetupSecurity' successfully loaded!| extra=asctime='2026-04-25 16:53:52,015'
2026-04-25 16:53:53,593 - DEBUG - 'RateLimiter' successfully loaded!| extra=asctime='2026-04-25 16:53:53,593'
2026-04-25 16:53:53,593 - DEBUG - 'InputValiator' successfully loaded!| extra=asctime='2026-04-25 16:53:53,593'
2026-04-25 16:53:53,593 - DEBUG - 'CSRFProtection' successfully loaded!| extra=asctime='2026-04-25 16:53:53,593'
2026-04-25 16:53:53,655 - DEBUG - 'OBSecurity' successfully loaded!| extra=asctime='2026-04-25 16:53:53,655'
2026-04-25 16:53:53,655 - DEBUG - 'ErrorPage' successfully loaded!| extra=asctime='2026-04-25 16:53:53,655'
2026-04-25 16:53:53,655 - DEBUG - 'ContextProcessor' successfully loaded!| extra=asctime='2026-04-25 16:53:53,655'
2026-04-25 16:53:53,655 - DEBUG - 'SetupSecurity' successfully loaded!| extra=asctime='2026-04-25 16:53:53,655'
2026-04-25 16:54:31,783 - DEBUG - 'RateLimiter' successfully loaded!| extra=asctime='2026-04-25 16:54:31,783'
2026-04-25 16:54:31,783 - DEBUG - 'InputValiator' successfully loaded!| extra=asctime='2026-04-25 16:54:31,783'
2026-04-25 16:54:31,783 - DEBUG - 'CSRFProtection' successfully loaded!| extra=asctime='2026-04-25 16:54:31,783'
2026-04-25 16:54:31,846 - DEBUG - 'OBSecurity' successfully loaded!| extra=asctime='2026-04-25 16:54:31,846'
2026-04-25 16:54:31,846 - DEBUG - 'ErrorPage' successfully loaded!| extra=asctime='2026-04-25 16:54:31,846'
2026-04-25 16:54:31,846 - DEBUG - 'ContextProcessor' successfully loaded!| extra=asctime='2026-04-25 16:54:31,846'
2026-04-25 16:54:31,861 - DEBUG - 'SetupSecurity' successfully loaded!| extra=asctime='2026-04-25 16:54:31,861'
2026-04-25 16:54:42,407 - DEBUG - 'RateLimiter' successfully loaded!| extra=asctime='2026-04-25 16:54:42,407'
2026-04-25 16:54:42,407 - DEBUG - 'InputValiator' successfully loaded!| extra=asctime='2026-04-25 16:54:42,407'
2026-04-25 16:54:42,407 - DEBUG - 'CSRFProtection' successfully loaded!| extra=asctime='2026-04-25 16:54:42,407'
2026-04-25 16:54:42,469 - DEBUG - 'OBSecurity' successfully loaded!| extra=asctime='2026-04-25 16:54:42,469'
2026-04-25 16:54:42,469 - DEBUG - 'ErrorPage' successfully loaded!| extra=asctime='2026-04-25 16:54:42,469'
2026-04-25 16:54:42,469 - DEBUG - 'ContextProcessor' successfully loaded!| extra=asctime='2026-04-25 16:54:42,469'
2026-04-25 16:54:42,469 - DEBUG - 'SetupSecurity' successfully loaded!| extra=asctime='2026-04-25 16:54:42,469'
2026-04-25 16:54:44,094 - DEBUG - 'RateLimiter' successfully loaded!| extra=asctime='2026-04-25 16:54:44,094'
2026-04-25 16:54:44,094 - DEBUG - 'InputValiator' successfully loaded!| extra=asctime='2026-04-25 16:54:44,094'
2026-04-25 16:54:44,094 - DEBUG - 'CSRFProtection' successfully loaded!| extra=asctime='2026-04-25 16:54:44,094'
2026-04-25 16:54:44,141 - DEBUG - 'OBSecurity' successfully loaded!| extra=asctime='2026-04-25 16:54:44,141'
2026-04-25 16:54:44,141 - DEBUG - 'ErrorPage' successfully loaded!| extra=asctime='2026-04-25 16:54:44,141'
2026-04-25 16:54:44,141 - DEBUG - 'ContextProcessor' successfully loaded!| extra=asctime='2026-04-25 16:54:44,141'
2026-04-25 16:54:44,157 - DEBUG - 'SetupSecurity' successfully loaded!| extra=asctime='2026-04-25 16:54:44,157'
2026-04-25 16:59:13,962 - DEBUG - 'RateLimiter' successfully loaded!| extra=asctime='2026-04-25 16:59:13,962'
2026-04-25 16:59:13,962 - DEBUG - 'InputValiator' successfully loaded!| extra=asctime='2026-04-25 16:59:13,962'
2026-04-25 16:59:13,962 - DEBUG - 'CSRFProtection' successfully loaded!| extra=asctime='2026-04-25 16:59:13,962'
2026-04-25 16:59:14,087 - DEBUG - 'OBSecurity' successfully loaded!| extra=asctime='2026-04-25 16:59:14,087'
2026-04-25 16:59:14,087 - DEBUG - 'ErrorPage' successfully loaded!| extra=asctime='2026-04-25 16:59:14,087'
2026-04-25 16:59:14,087 - DEBUG - 'ContextProcessor' successfully loaded!| extra=asctime='2026-04-25 16:59:14,087'
2026-04-25 16:59:14,087 - DEBUG - 'SetupSecurity' successfully loaded!| extra=asctime='2026-04-25 16:59:14,087'
2026-04-25 17:01:54,108 - DEBUG - 'RateLimiter' successfully loaded!| extra=asctime='2026-04-25 17:01:54,108'
2026-04-25 17:01:54,108 - DEBUG - 'InputValiator' successfully loaded!| extra=asctime='2026-04-25 17:01:54,108'
2026-04-25 17:01:54,108 - DEBUG - 'CSRFProtection' successfully loaded!| extra=asctime='2026-04-25 17:01:54,108'
2026-04-25 17:01:54,139 - DEBUG - 'OBSecurity' successfully loaded!| extra=asctime='2026-04-25 17:01:54,139'
2026-04-25 17:01:54,139 - DEBUG - 'ErrorPage' successfully loaded!| extra=asctime='2026-04-25 17:01:54,139'
2026-04-25 17:01:54,139 - DEBUG - 'ContextProcessor' successfully loaded!| extra=asctime='2026-04-25 17:01:54,139'
2026-04-25 17:01:54,154 - DEBUG - 'SetupSecurity' successfully loaded!| extra=asctime='2026-04-25 17:01:54,154'
2026-04-25 17:02:23,802 - DEBUG - 'RateLimiter' successfully loaded!| extra=asctime='2026-04-25 17:02:23,802'
2026-04-25 17:02:23,802 - DEBUG - 'InputValiator' successfully loaded!| extra=asctime='2026-04-25 17:02:23,802'
2026-04-25 17:02:23,802 - DEBUG - 'CSRFProtection' successfully loaded!| extra=asctime='2026-04-25 17:02:23,802'
2026-04-25 17:02:23,849 - DEBUG - 'OBSecurity' successfully loaded!| extra=asctime='2026-04-25 17:02:23,849'
2026-04-25 17:02:23,849 - DEBUG - 'ErrorPage' successfully loaded!| extra=asctime='2026-04-25 17:02:23,849'
2026-04-25 17:02:23,849 - DEBUG - 'ContextProcessor' successfully loaded!| extra=asctime='2026-04-25 17:02:23,849'
2026-04-25 17:02:23,849 - DEBUG - 'SetupSecurity' successfully loaded!| extra=asctime='2026-04-25 17:02:23,849'
2026-04-25 17:03:07,325 - DEBUG - 'RateLimiter' successfully loaded!| extra=asctime='2026-04-25 17:03:07,325'
2026-04-25 17:03:07,325 - DEBUG - 'InputValiator' successfully loaded!| extra=asctime='2026-04-25 17:03:07,325'
2026-04-25 17:03:07,325 - DEBUG - 'CSRFProtection' successfully loaded!| extra=asctime='2026-04-25 17:03:07,325'
2026-04-25 17:03:07,372 - DEBUG - 'OBSecurity' successfully loaded!| extra=asctime='2026-04-25 17:03:07,372'
2026-04-25 17:03:07,372 - DEBUG - 'ErrorPage' successfully loaded!| extra=asctime='2026-04-25 17:03:07,372'
2026-04-25 17:03:07,372 - DEBUG - 'ContextProcessor' successfully loaded!| extra=asctime='2026-04-25 17:03:07,372'
2026-04-25 17:03:07,372 - DEBUG - 'SetupSecurity' successfully loaded!| extra=asctime='2026-04-25 17:03:07,372'
2026-04-25 17:03:57,523 - DEBUG - 'RateLimiter' successfully loaded!| extra=asctime='2026-04-25 17:03:57,523'
2026-04-25 17:03:57,556 - DEBUG - 'InputValiator' successfully loaded!| extra=asctime='2026-04-25 17:03:57,556'
2026-04-25 17:03:57,556 - DEBUG - 'CSRFProtection' successfully loaded!| extra=asctime='2026-04-25 17:03:57,556'
2026-04-25 17:03:57,644 - DEBUG - 'OBSecurity' successfully loaded!| extra=asctime='2026-04-25 17:03:57,644'
2026-04-25 17:03:57,645 - DEBUG - 'ErrorPage' successfully loaded!| extra=asctime='2026-04-25 17:03:57,645'
2026-04-25 17:03:57,645 - DEBUG - 'ContextProcessor' successfully loaded!| extra=asctime='2026-04-25 17:03:57,645'
2026-04-25 17:03:57,648 - DEBUG - 'SetupSecurity' successfully loaded!| extra=asctime='2026-04-25 17:03:57,648'
2026-04-25 17:04:30,689 - DEBUG - 'RateLimiter' successfully loaded!| extra=asctime='2026-04-25 17:04:30,689'
2026-04-25 17:04:30,689 - DEBUG - 'InputValiator' successfully loaded!| extra=asctime='2026-04-25 17:04:30,689'
2026-04-25 17:04:30,689 - DEBUG - 'CSRFProtection' successfully loaded!| extra=asctime='2026-04-25 17:04:30,689'
2026-04-25 17:04:30,736 - DEBUG - 'OBSecurity' successfully loaded!| extra=asctime='2026-04-25 17:04:30,736'
2026-04-25 17:04:30,736 - DEBUG - 'ErrorPage' successfully loaded!| extra=asctime='2026-04-25 17:04:30,736'
2026-04-25 17:04:30,736 - DEBUG - 'ContextProcessor' successfully loaded!| extra=asctime='2026-04-25 17:04:30,736'
2026-04-25 17:04:30,736 - DEBUG - 'SetupSecurity' successfully loaded!| extra=asctime='2026-04-25 17:04:30,736'
2026-04-25 17:05:02,812 - DEBUG - 'RateLimiter' successfully loaded!| extra=asctime='2026-04-25 17:05:02,812'
2026-04-25 17:05:02,812 - DEBUG - 'InputValiator' successfully loaded!| extra=asctime='2026-04-25 17:05:02,812'
2026-04-25 17:05:02,812 - DEBUG - 'CSRFProtection' successfully loaded!| extra=asctime='2026-04-25 17:05:02,812'
2026-04-25 17:05:02,875 - DEBUG - 'OBSecurity' successfully loaded!| extra=asctime='2026-04-25 17:05:02,875'
2026-04-25 17:05:02,875 - DEBUG - 'ErrorPage' successfully loaded!| extra=asctime='2026-04-25 17:05:02,875'
2026-04-25 17:05:02,875 - DEBUG - 'ContextProcessor' successfully loaded!| extra=asctime='2026-04-25 17:05:02,875'
2026-04-25 17:05:02,875 - DEBUG - 'SetupSecurity' successfully loaded!| extra=asctime='2026-04-25 17:05:02,875'
2026-04-25 17:05:09,184 - DEBUG - 'RateLimiter' successfully loaded!| extra=asctime='2026-04-25 17:05:09,184'
2026-04-25 17:05:09,184 - DEBUG - 'InputValiator' successfully loaded!| extra=asctime='2026-04-25 17:05:09,184'
2026-04-25 17:05:09,184 - DEBUG - 'CSRFProtection' successfully loaded!| extra=asctime='2026-04-25 17:05:09,184'
2026-04-25 17:05:09,254 - DEBUG - 'OBSecurity' successfully loaded!| extra=asctime='2026-04-25 17:05:09,254'
2026-04-25 17:05:09,254 - DEBUG - 'ErrorPage' successfully loaded!| extra=asctime='2026-04-25 17:05:09,254'
2026-04-25 17:05:09,254 - DEBUG - 'ContextProcessor' successfully loaded!| extra=asctime='2026-04-25 17:05:09,254'
2026-04-25 17:05:09,271 - DEBUG - 'SetupSecurity' successfully loaded!| extra=asctime='2026-04-25 17:05:09,271'
2026-04-25 17:05:31,357 - DEBUG - 'RateLimiter' successfully loaded!| extra=asctime='2026-04-25 17:05:31,357'
2026-04-25 17:05:31,357 - DEBUG - 'InputValiator' successfully loaded!| extra=asctime='2026-04-25 17:05:31,357'
2026-04-25 17:05:31,357 - DEBUG - 'CSRFProtection' successfully loaded!| extra=asctime='2026-04-25 17:05:31,357'
2026-04-25 17:05:31,439 - DEBUG - 'OBSecurity' successfully loaded!| extra=asctime='2026-04-25 17:05:31,439'
2026-04-25 17:05:31,439 - DEBUG - 'ErrorPage' successfully loaded!| extra=asctime='2026-04-25 17:05:31,439'
2026-04-25 17:05:31,440 - DEBUG - 'ContextProcessor' successfully loaded!| extra=asctime='2026-04-25 17:05:31,440'
2026-04-25 17:05:31,443 - DEBUG - 'SetupSecurity' successfully loaded!| extra=asctime='2026-04-25 17:05:31,443'
2026-04-25 17:05:42,814 - DEBUG - 'RateLimiter' successfully loaded!| extra=asctime='2026-04-25 17:05:42,814'
2026-04-25 17:05:42,814 - DEBUG - 'InputValiator' successfully loaded!| extra=asctime='2026-04-25 17:05:42,814'
2026-04-25 17:05:42,829 - DEBUG - 'CSRFProtection' successfully loaded!| extra=asctime='2026-04-25 17:05:42,829'
2026-04-25 17:05:42,861 - DEBUG - 'OBSecurity' successfully loaded!| extra=asctime='2026-04-25 17:05:42,861'
2026-04-25 17:05:42,861 - DEBUG - 'ErrorPage' successfully loaded!| extra=asctime='2026-04-25 17:05:42,861'
2026-04-25 17:05:42,861 - DEBUG - 'ContextProcessor' successfully loaded!| extra=asctime='2026-04-25 17:05:42,861'
2026-04-25 17:05:42,861 - DEBUG - 'SetupSecurity' successfully loaded!| extra=asctime='2026-04-25 17:05:42,861'
2026-04-25 17:06:08,643 - DEBUG - 'RateLimiter' successfully loaded!| extra=asctime='2026-04-25 17:06:08,643'
2026-04-25 17:06:08,644 - DEBUG - 'InputValiator' successfully loaded!| extra=asctime='2026-04-25 17:06:08,644'
2026-04-25 17:06:08,644 - DEBUG - 'CSRFProtection' successfully loaded!| extra=asctime='2026-04-25 17:06:08,644'
2026-04-25 17:06:08,705 - DEBUG - 'OBSecurity' successfully loaded!| extra=asctime='2026-04-25 17:06:08,705'
2026-04-25 17:06:08,705 - DEBUG - 'ErrorPage' successfully loaded!| extra=asctime='2026-04-25 17:06:08,705'
2026-04-25 17:06:08,705 - DEBUG - 'ContextProcessor' successfully loaded!| extra=asctime='2026-04-25 17:06:08,705'
2026-04-25 17:06:08,736 - DEBUG - 'SetupSecurity' successfully loaded!| extra=asctime='2026-04-25 17:06:08,736'
2026-04-25 17:06:26,573 - DEBUG - 'RateLimiter' successfully loaded!| extra=asctime='2026-04-25 17:06:26,573'
2026-04-25 17:06:26,574 - DEBUG - 'InputValiator' successfully loaded!| extra=asctime='2026-04-25 17:06:26,574'
2026-04-25 17:06:26,574 - DEBUG - 'CSRFProtection' successfully loaded!| extra=asctime='2026-04-25 17:06:26,574'
2026-04-25 17:06:26,626 - DEBUG - 'OBSecurity' successfully loaded!| extra=asctime='2026-04-25 17:06:26,626'
2026-04-25 17:06:26,627 - DEBUG - 'ErrorPage' successfully loaded!| extra=asctime='2026-04-25 17:06:26,627'
2026-04-25 17:06:26,627 - DEBUG - 'ContextProcessor' successfully loaded!| extra=asctime='2026-04-25 17:06:26,627'
2026-04-25 17:06:26,629 - DEBUG - 'SetupSecurity' successfully loaded!| extra=asctime='2026-04-25 17:06:26,629'
2026-04-25 17:06:33,119 - DEBUG - 'RateLimiter' successfully loaded!| extra=asctime='2026-04-25 17:06:33,119'
2026-04-25 17:06:33,119 - DEBUG - 'InputValiator' successfully loaded!| extra=asctime='2026-04-25 17:06:33,119'
2026-04-25 17:06:33,120 - DEBUG - 'CSRFProtection' successfully loaded!| extra=asctime='2026-04-25 17:06:33,120'
2026-04-25 17:06:33,180 - DEBUG - 'OBSecurity' successfully loaded!| extra=asctime='2026-04-25 17:06:33,180'
2026-04-25 17:06:33,181 - DEBUG - 'ErrorPage' successfully loaded!| extra=asctime='2026-04-25 17:06:33,181'
2026-04-25 17:06:33,181 - DEBUG - 'ContextProcessor' successfully loaded!| extra=asctime='2026-04-25 17:06:33,181'
2026-04-25 17:06:33,183 - DEBUG - 'SetupSecurity' successfully loaded!| extra=asctime='2026-04-25 17:06:33,183'
2026-04-25 17:06:53,327 - DEBUG - 'RateLimiter' successfully loaded!| extra=asctime='2026-04-25 17:06:53,327'
2026-04-25 17:06:53,327 - DEBUG - 'InputValiator' successfully loaded!| extra=asctime='2026-04-25 17:06:53,327'
2026-04-25 17:06:53,328 - DEBUG - 'CSRFProtection' successfully loaded!| extra=asctime='2026-04-25 17:06:53,328'
2026-04-25 17:06:53,364 - DEBUG - 'OBSecurity' successfully loaded!| extra=asctime='2026-04-25 17:06:53,364'
2026-04-25 17:06:53,364 - DEBUG - 'ErrorPage' successfully loaded!| extra=asctime='2026-04-25 17:06:53,364'
2026-04-25 17:06:53,364 - DEBUG - 'ContextProcessor' successfully loaded!| extra=asctime='2026-04-25 17:06:53,364'
2026-04-25 17:06:53,364 - DEBUG - 'SetupSecurity' successfully loaded!| extra=asctime='2026-04-25 17:06:53,364'
2026-04-25 17:07:02,837 - DEBUG - 'RateLimiter' successfully loaded!| extra=asctime='2026-04-25 17:07:02,837'
2026-04-25 17:07:02,837 - DEBUG - 'InputValiator' successfully loaded!| extra=asctime='2026-04-25 17:07:02,837'
2026-04-25 17:07:02,839 - DEBUG - 'CSRFProtection' successfully loaded!| extra=asctime='2026-04-25 17:07:02,839'
2026-04-25 17:07:03,051 - DEBUG - 'OBSecurity' successfully loaded!| extra=asctime='2026-04-25 17:07:03,051'
2026-04-25 17:07:03,052 - DEBUG - 'ErrorPage' successfully loaded!| extra=asctime='2026-04-25 17:07:03,052'
2026-04-25 17:07:03,052 - DEBUG - 'ContextProcessor' successfully loaded!| extra=asctime='2026-04-25 17:07:03,052'
2026-04-25 17:07:03,101 - DEBUG - 'SetupSecurity' successfully loaded!| extra=asctime='2026-04-25 17:07:03,101'
2026-04-25 17:07:27,149 - DEBUG - 'RateLimiter' successfully loaded!| extra=asctime='2026-04-25 17:07:27,149'
2026-04-25 17:07:27,149 - DEBUG - 'InputValiator' successfully loaded!| extra=asctime='2026-04-25 17:07:27,149'
2026-04-25 17:07:27,149 - DEBUG - 'CSRFProtection' successfully loaded!| extra=asctime='2026-04-25 17:07:27,149'
2026-04-25 17:07:27,243 - DEBUG - 'OBSecurity' successfully loaded!| extra=asctime='2026-04-25 17:07:27,243'
2026-04-25 17:07:27,243 - DEBUG - 'ErrorPage' successfully loaded!| extra=asctime='2026-04-25 17:07:27,243'
2026-04-25 17:07:27,243 - DEBUG - 'ContextProcessor' successfully loaded!| extra=asctime='2026-04-25 17:07:27,243'
2026-04-25 17:07:27,243 - DEBUG - 'SetupSecurity' successfully loaded!| extra=asctime='2026-04-25 17:07:27,243'
2026-04-25 17:07:47,902 - DEBUG - 'RateLimiter' successfully loaded!| extra=asctime='2026-04-25 17:07:47,902'
2026-04-25 17:07:47,902 - DEBUG - 'InputValiator' successfully loaded!| extra=asctime='2026-04-25 17:07:47,902'
2026-04-25 17:07:48,039 - DEBUG - 'CSRFProtection' successfully loaded!| extra=asctime='2026-04-25 17:07:48,039'
2026-04-25 17:07:48,085 - DEBUG - 'OBSecurity' successfully loaded!| extra=asctime='2026-04-25 17:07:48,085'
2026-04-25 17:07:48,085 - DEBUG - 'ErrorPage' successfully loaded!| extra=asctime='2026-04-25 17:07:48,085'
2026-04-25 17:07:48,085 - DEBUG - 'ContextProcessor' successfully loaded!| extra=asctime='2026-04-25 17:07:48,085'
2026-04-25 17:07:48,085 - DEBUG - 'SetupSecurity' successfully loaded!| extra=asctime='2026-04-25 17:07:48,085'
2026-04-25 17:08:03,185 - DEBUG - 'RateLimiter' successfully loaded!| extra=asctime='2026-04-25 17:08:03,185'
2026-04-25 17:08:03,185 - DEBUG - 'InputValiator' successfully loaded!| extra=asctime='2026-04-25 17:08:03,185'
2026-04-25 17:08:03,185 - DEBUG - 'CSRFProtection' successfully loaded!| extra=asctime='2026-04-25 17:08:03,185'
2026-04-25 17:08:03,416 - DEBUG - 'OBSecurity' successfully loaded!| extra=asctime='2026-04-25 17:08:03,416'
2026-04-25 17:08:03,416 - DEBUG - 'ErrorPage' successfully loaded!| extra=asctime='2026-04-25 17:08:03,416'
2026-04-25 17:08:03,416 - DEBUG - 'ContextProcessor' successfully loaded!| extra=asctime='2026-04-25 17:08:03,416'
2026-04-25 17:08:03,416 - DEBUG - 'SetupSecurity' successfully loaded!| extra=asctime='2026-04-25 17:08:03,416'
2026-04-25 17:08:22,296 - DEBUG - 'RateLimiter' successfully loaded!| extra=asctime='2026-04-25 17:08:22,296'
2026-04-25 17:08:22,296 - DEBUG - 'InputValiator' successfully loaded!| extra=asctime='2026-04-25 17:08:22,296'
2026-04-25 17:08:22,296 - DEBUG - 'CSRFProtection' successfully loaded!| extra=asctime='2026-04-25 17:08:22,296'
2026-04-25 17:08:22,342 - DEBUG - 'OBSecurity' successfully loaded!| extra=asctime='2026-04-25 17:08:22,342'
2026-04-25 17:08:22,342 - DEBUG - 'ErrorPage' successfully loaded!| extra=asctime='2026-04-25 17:08:22,342'
2026-04-25 17:08:22,342 - DEBUG - 'ContextProcessor' successfully loaded!| extra=asctime='2026-04-25 17:08:22,342'
2026-04-25 17:08:22,358 - DEBUG - 'SetupSecurity' successfully loaded!| extra=asctime='2026-04-25 17:08:22,358'
2026-04-25 17:09:25,772 - DEBUG - 'RateLimiter' successfully loaded!| extra=asctime='2026-04-25 17:09:25,772'
2026-04-25 17:09:25,772 - DEBUG - 'InputValiator' successfully loaded!| extra=asctime='2026-04-25 17:09:25,772'
2026-04-25 17:09:25,772 - DEBUG - 'CSRFProtection' successfully loaded!| extra=asctime='2026-04-25 17:09:25,772'
2026-04-25 17:09:25,819 - DEBUG - 'OBSecurity' successfully loaded!| extra=asctime='2026-04-25 17:09:25,819'
2026-04-25 17:09:25,819 - DEBUG - 'ErrorPage' successfully loaded!| extra=asctime='2026-04-25 17:09:25,819'
2026-04-25 17:09:25,819 - DEBUG - 'ContextProcessor' successfully loaded!| extra=asctime='2026-04-25 17:09:25,819'
2026-04-25 17:09:25,819 - DEBUG - 'SetupSecurity' successfully loaded!| extra=asctime='2026-04-25 17:09:25,819'
2026-04-25 17:09:42,860 - DEBUG - 'RateLimiter' successfully loaded!| extra=asctime='2026-04-25 17:09:42,860'
2026-04-25 17:09:42,860 - DEBUG - 'InputValiator' successfully loaded!| extra=asctime='2026-04-25 17:09:42,860'
2026-04-25 17:09:42,860 - DEBUG - 'CSRFProtection' successfully loaded!| extra=asctime='2026-04-25 17:09:42,860'
2026-04-25 17:09:42,907 - DEBUG - 'OBSecurity' successfully loaded!| extra=asctime='2026-04-25 17:09:42,907'
2026-04-25 17:09:42,907 - DEBUG - 'ErrorPage' successfully loaded!| extra=asctime='2026-04-25 17:09:42,907'
2026-04-25 17:09:42,907 - DEBUG - 'ContextProcessor' successfully loaded!| extra=asctime='2026-04-25 17:09:42,907'
2026-04-25 17:09:42,907 - DEBUG - 'SetupSecurity' successfully loaded!| extra=asctime='2026-04-25 17:09:42,907'
2026-04-25 17:09:59,440 - DEBUG - 'RateLimiter' successfully loaded!| extra=asctime='2026-04-25 17:09:59,440'
2026-04-25 17:09:59,441 - DEBUG - 'InputValiator' successfully loaded!| extra=asctime='2026-04-25 17:09:59,441'
2026-04-25 17:09:59,446 - DEBUG - 'CSRFProtection' successfully loaded!| extra=asctime='2026-04-25 17:09:59,446'
2026-04-25 17:09:59,571 - DEBUG - 'OBSecurity' successfully loaded!| extra=asctime='2026-04-25 17:09:59,571'
2026-04-25 17:09:59,571 - DEBUG - 'ErrorPage' successfully loaded!| extra=asctime='2026-04-25 17:09:59,571'
2026-04-25 17:09:59,571 - DEBUG - 'ContextProcessor' successfully loaded!| extra=asctime='2026-04-25 17:09:59,571'
2026-04-25 17:09:59,588 - DEBUG - 'SetupSecurity' successfully loaded!| extra=asctime='2026-04-25 17:09:59,588'
2026-04-25 17:18:37,397 - DEBUG - 'RateLimiter' successfully loaded!| extra=asctime='2026-04-25 17:18:37,397'
2026-04-25 17:18:37,397 - DEBUG - 'InputValiator' successfully loaded!| extra=asctime='2026-04-25 17:18:37,397'
2026-04-25 17:18:37,397 - DEBUG - 'CSRFProtection' successfully loaded!| extra=asctime='2026-04-25 17:18:37,397'
2026-04-25 17:18:37,459 - DEBUG - 'OBSecurity' successfully loaded!| extra=asctime='2026-04-25 17:18:37,459'
2026-04-25 17:18:37,459 - DEBUG - 'ErrorPage' successfully loaded!| extra=asctime='2026-04-25 17:18:37,459'
2026-04-25 17:18:37,459 - DEBUG - 'ContextProcessor' successfully loaded!| extra=asctime='2026-04-25 17:18:37,459'
2026-04-25 17:18:37,475 - DEBUG - 'SetupSecurity' successfully loaded!| extra=asctime='2026-04-25 17:18:37,475'
2026-04-25 17:18:39,162 - DEBUG - 'RateLimiter' successfully loaded!| extra=asctime='2026-04-25 17:18:39,162'
2026-04-25 17:18:39,162 - DEBUG - 'InputValiator' successfully loaded!| extra=asctime='2026-04-25 17:18:39,162'
2026-04-25 17:18:39,178 - DEBUG - 'CSRFProtection' successfully loaded!| extra=asctime='2026-04-25 17:18:39,178'
2026-04-25 17:18:39,209 - DEBUG - 'OBSecurity' successfully loaded!| extra=asctime='2026-04-25 17:18:39,209'
2026-04-25 17:18:39,209 - DEBUG - 'ErrorPage' successfully loaded!| extra=asctime='2026-04-25 17:18:39,209'
2026-04-25 17:18:39,209 - DEBUG - 'ContextProcessor' successfully loaded!| extra=asctime='2026-04-25 17:18:39,209'
2026-04-25 17:18:39,209 - DEBUG - 'SetupSecurity' successfully loaded!| extra=asctime='2026-04-25 17:18:39,209'
2026-04-25 17:20:32,101 - DEBUG - 'RateLimiter' successfully loaded!| extra=asctime='2026-04-25 17:20:32,101'
2026-04-25 17:20:32,101 - DEBUG - 'InputValiator' successfully loaded!| extra=asctime='2026-04-25 17:20:32,101'
2026-04-25 17:20:32,101 - DEBUG - 'CSRFProtection' successfully loaded!| extra=asctime='2026-04-25 17:20:32,101'
2026-04-25 17:20:32,132 - DEBUG - 'OBSecurity' successfully loaded!| extra=asctime='2026-04-25 17:20:32,132'
2026-04-25 17:20:32,148 - DEBUG - 'ErrorPage' successfully loaded!| extra=asctime='2026-04-25 17:20:32,148'
2026-04-25 17:20:32,148 - DEBUG - 'ContextProcessor' successfully loaded!| extra=asctime='2026-04-25 17:20:32,148'
2026-04-25 17:20:32,148 - DEBUG - 'SetupSecurity' successfully loaded!| extra=asctime='2026-04-25 17:20:32,148'
2026-04-25 17:20:54,202 - DEBUG - 'RateLimiter' successfully loaded!| extra=asctime='2026-04-25 17:20:54,202'
2026-04-25 17:20:54,202 - DEBUG - 'InputValiator' successfully loaded!| extra=asctime='2026-04-25 17:20:54,202'
2026-04-25 17:20:54,202 - DEBUG - 'CSRFProtection' successfully loaded!| extra=asctime='2026-04-25 17:20:54,202'
2026-04-25 17:20:54,435 - DEBUG - 'OBSecurity' successfully loaded!| extra=asctime='2026-04-25 17:20:54,435'
2026-04-25 17:20:54,435 - DEBUG - 'ErrorPage' successfully loaded!| extra=asctime='2026-04-25 17:20:54,435'
2026-04-25 17:20:54,435 - DEBUG - 'ContextProcessor' successfully loaded!| extra=asctime='2026-04-25 17:20:54,435'
2026-04-25 17:20:54,435 - DEBUG - 'SetupSecurity' successfully loaded!| extra=asctime='2026-04-25 17:20:54,435'
