2026-05-26 17:02:06,139 - DEBUG - 'RateLimiter' successfully loaded!| extra=asctime='2026-05-26 17:02:06,139'
2026-05-26 17:02:06,155 - DEBUG - 'InputValiator' successfully loaded!| extra=asctime='2026-05-26 17:02:06,155'
2026-05-26 17:02:06,155 - DEBUG - 'CSRFProtection' successfully loaded!| extra=asctime='2026-05-26 17:02:06,155'
2026-05-26 17:02:06,342 - DEBUG - 'OBSecurity' successfully loaded!| extra=asctime='2026-05-26 17:02:06,342'
2026-05-26 17:02:06,342 - DEBUG - 'ErrorPage' successfully loaded!| extra=asctime='2026-05-26 17:02:06,342'
2026-05-26 17:02:06,342 - DEBUG - 'ContextProcessor' successfully loaded!| extra=asctime='2026-05-26 17:02:06,342'
2026-05-26 17:02:06,358 - DEBUG - 'SetupSecurity' successfully loaded!| extra=asctime='2026-05-26 17:02:06,358'
2026-05-26 17:06:15,088 - DEBUG - 'RateLimiter' successfully loaded!| extra=asctime='2026-05-26 17:06:15,088'
2026-05-26 17:06:15,088 - DEBUG - 'InputValiator' successfully loaded!| extra=asctime='2026-05-26 17:06:15,088'
2026-05-26 17:06:15,088 - DEBUG - 'CSRFProtection' successfully loaded!| extra=asctime='2026-05-26 17:06:15,088'
2026-05-26 17:06:15,135 - DEBUG - 'OBSecurity' successfully loaded!| extra=asctime='2026-05-26 17:06:15,135'
2026-05-26 17:06:15,135 - DEBUG - 'ErrorPage' successfully loaded!| extra=asctime='2026-05-26 17:06:15,135'
2026-05-26 17:06:15,135 - DEBUG - 'ContextProcessor' successfully loaded!| extra=asctime='2026-05-26 17:06:15,135'
2026-05-26 17:06:15,151 - DEBUG - 'SetupSecurity' successfully loaded!| extra=asctime='2026-05-26 17:06:15,151'
2026-05-26 17:12:22,793 - DEBUG - 'RateLimiter' successfully loaded!| extra=asctime='2026-05-26 17:12:22,793'
2026-05-26 17:12:22,793 - DEBUG - 'InputValiator' successfully loaded!| extra=asctime='2026-05-26 17:12:22,793'
2026-05-26 17:12:22,793 - DEBUG - 'CSRFProtection' successfully loaded!| extra=asctime='2026-05-26 17:12:22,793'
2026-05-26 17:12:22,840 - DEBUG - 'OBSecurity' successfully loaded!| extra=asctime='2026-05-26 17:12:22,840'
2026-05-26 17:12:22,840 - DEBUG - 'ErrorPage' successfully loaded!| extra=asctime='2026-05-26 17:12:22,840'
2026-05-26 17:12:22,840 - DEBUG - 'ContextProcessor' successfully loaded!| extra=asctime='2026-05-26 17:12:22,840'
2026-05-26 17:12:22,840 - DEBUG - 'SetupSecurity' successfully loaded!| extra=asctime='2026-05-26 17:12:22,840'
2026-05-26 17:12:32,104 - DEBUG - 'RateLimiter' successfully loaded!| extra=asctime='2026-05-26 17:12:32,104'
2026-05-26 17:12:32,104 - DEBUG - 'InputValiator' successfully loaded!| extra=asctime='2026-05-26 17:12:32,104'
2026-05-26 17:12:32,104 - DEBUG - 'CSRFProtection' successfully loaded!| extra=asctime='2026-05-26 17:12:32,104'
2026-05-26 17:12:32,167 - DEBUG - 'OBSecurity' successfully loaded!| extra=asctime='2026-05-26 17:12:32,167'
2026-05-26 17:12:32,167 - DEBUG - 'ErrorPage' successfully loaded!| extra=asctime='2026-05-26 17:12:32,167'
2026-05-26 17:12:32,167 - DEBUG - 'ContextProcessor' successfully loaded!| extra=asctime='2026-05-26 17:12:32,167'
2026-05-26 17:12:32,167 - DEBUG - 'SetupSecurity' successfully loaded!| extra=asctime='2026-05-26 17:12:32,167'
2026-05-26 17:13:10,079 - DEBUG - 'RateLimiter' successfully loaded!| extra=asctime='2026-05-26 17:13:10,079'
2026-05-26 17:13:10,079 - DEBUG - 'InputValiator' successfully loaded!| extra=asctime='2026-05-26 17:13:10,079'
2026-05-26 17:13:10,079 - DEBUG - 'CSRFProtection' successfully loaded!| extra=asctime='2026-05-26 17:13:10,079'
2026-05-26 17:13:10,126 - DEBUG - 'OBSecurity' successfully loaded!| extra=asctime='2026-05-26 17:13:10,126'
2026-05-26 17:13:10,126 - DEBUG - 'ErrorPage' successfully loaded!| extra=asctime='2026-05-26 17:13:10,126'
2026-05-26 17:13:10,126 - DEBUG - 'ContextProcessor' successfully loaded!| extra=asctime='2026-05-26 17:13:10,126'
2026-05-26 17:13:10,126 - DEBUG - 'SetupSecurity' successfully loaded!| extra=asctime='2026-05-26 17:13:10,126'
2026-05-26 17:13:22,231 - DEBUG - 'RateLimiter' successfully loaded!| extra=asctime='2026-05-26 17:13:22,231'
2026-05-26 17:13:22,231 - DEBUG - 'InputValiator' successfully loaded!| extra=asctime='2026-05-26 17:13:22,231'
2026-05-26 17:13:22,231 - DEBUG - 'CSRFProtection' successfully loaded!| extra=asctime='2026-05-26 17:13:22,231'
2026-05-26 17:13:22,278 - DEBUG - 'OBSecurity' successfully loaded!| extra=asctime='2026-05-26 17:13:22,278'
2026-05-26 17:13:22,278 - DEBUG - 'ErrorPage' successfully loaded!| extra=asctime='2026-05-26 17:13:22,278'
2026-05-26 17:13:22,278 - DEBUG - 'ContextProcessor' successfully loaded!| extra=asctime='2026-05-26 17:13:22,278'
2026-05-26 17:13:22,278 - DEBUG - 'SetupSecurity' successfully loaded!| extra=asctime='2026-05-26 17:13:22,278'
2026-05-26 17:15:09,953 - DEBUG - 'RateLimiter' successfully loaded!| extra=asctime='2026-05-26 17:15:09,953'
2026-05-26 17:15:09,953 - DEBUG - 'InputValiator' successfully loaded!| extra=asctime='2026-05-26 17:15:09,953'
2026-05-26 17:15:09,953 - DEBUG - 'CSRFProtection' successfully loaded!| extra=asctime='2026-05-26 17:15:09,953'
2026-05-26 17:15:10,000 - DEBUG - 'OBSecurity' successfully loaded!| extra=asctime='2026-05-26 17:15:10,000'
2026-05-26 17:15:10,000 - DEBUG - 'ErrorPage' successfully loaded!| extra=asctime='2026-05-26 17:15:10,000'
2026-05-26 17:15:10,000 - DEBUG - 'ContextProcessor' successfully loaded!| extra=asctime='2026-05-26 17:15:10,000'
2026-05-26 17:15:10,000 - DEBUG - 'SetupSecurity' successfully loaded!| extra=asctime='2026-05-26 17:15:10,000'
2026-05-26 17:15:40,774 - DEBUG - 'RateLimiter' successfully loaded!| extra=asctime='2026-05-26 17:15:40,774'
2026-05-26 17:15:40,774 - DEBUG - 'InputValiator' successfully loaded!| extra=asctime='2026-05-26 17:15:40,774'
2026-05-26 17:15:40,790 - DEBUG - 'CSRFProtection' successfully loaded!| extra=asctime='2026-05-26 17:15:40,790'
2026-05-26 17:15:40,837 - DEBUG - 'OBSecurity' successfully loaded!| extra=asctime='2026-05-26 17:15:40,837'
2026-05-26 17:15:40,837 - DEBUG - 'ErrorPage' successfully loaded!| extra=asctime='2026-05-26 17:15:40,837'
2026-05-26 17:15:40,837 - DEBUG - 'ContextProcessor' successfully loaded!| extra=asctime='2026-05-26 17:15:40,837'
2026-05-26 17:15:40,837 - DEBUG - 'SetupSecurity' successfully loaded!| extra=asctime='2026-05-26 17:15:40,837'
2026-05-26 17:17:20,394 - DEBUG - 'RateLimiter' successfully loaded!| extra=asctime='2026-05-26 17:17:20,394'
2026-05-26 17:17:20,394 - DEBUG - 'InputValiator' successfully loaded!| extra=asctime='2026-05-26 17:17:20,394'
2026-05-26 17:17:20,394 - DEBUG - 'CSRFProtection' successfully loaded!| extra=asctime='2026-05-26 17:17:20,394'
2026-05-26 17:17:20,441 - DEBUG - 'OBSecurity' successfully loaded!| extra=asctime='2026-05-26 17:17:20,441'
2026-05-26 17:17:20,441 - DEBUG - 'ErrorPage' successfully loaded!| extra=asctime='2026-05-26 17:17:20,441'
2026-05-26 17:17:20,441 - DEBUG - 'ContextProcessor' successfully loaded!| extra=asctime='2026-05-26 17:17:20,441'
2026-05-26 17:17:20,441 - DEBUG - 'SetupSecurity' successfully loaded!| extra=asctime='2026-05-26 17:17:20,441'
2026-05-26 17:17:47,946 - DEBUG - 'RateLimiter' successfully loaded!| extra=asctime='2026-05-26 17:17:47,946'
2026-05-26 17:17:47,946 - DEBUG - 'InputValiator' successfully loaded!| extra=asctime='2026-05-26 17:17:47,946'
2026-05-26 17:17:47,946 - DEBUG - 'CSRFProtection' successfully loaded!| extra=asctime='2026-05-26 17:17:47,946'
2026-05-26 17:17:47,992 - DEBUG - 'OBSecurity' successfully loaded!| extra=asctime='2026-05-26 17:17:47,992'
2026-05-26 17:17:47,992 - DEBUG - 'ErrorPage' successfully loaded!| extra=asctime='2026-05-26 17:17:47,992'
2026-05-26 17:17:47,992 - DEBUG - 'ContextProcessor' successfully loaded!| extra=asctime='2026-05-26 17:17:47,992'
2026-05-26 17:17:47,992 - DEBUG - 'SetupSecurity' successfully loaded!| extra=asctime='2026-05-26 17:17:47,992'
2026-05-26 17:17:58,627 - DEBUG - 'RateLimiter' successfully loaded!| extra=asctime='2026-05-26 17:17:58,627'
2026-05-26 17:17:58,627 - DEBUG - 'InputValiator' successfully loaded!| extra=asctime='2026-05-26 17:17:58,627'
2026-05-26 17:17:58,627 - DEBUG - 'CSRFProtection' successfully loaded!| extra=asctime='2026-05-26 17:17:58,627'
2026-05-26 17:17:58,674 - DEBUG - 'OBSecurity' successfully loaded!| extra=asctime='2026-05-26 17:17:58,674'
2026-05-26 17:17:58,674 - DEBUG - 'ErrorPage' successfully loaded!| extra=asctime='2026-05-26 17:17:58,674'
2026-05-26 17:17:58,674 - DEBUG - 'ContextProcessor' successfully loaded!| extra=asctime='2026-05-26 17:17:58,674'
2026-05-26 17:17:58,674 - DEBUG - 'SetupSecurity' successfully loaded!| extra=asctime='2026-05-26 17:17:58,674'
2026-05-26 17:18:07,530 - DEBUG - 'RateLimiter' successfully loaded!| extra=asctime='2026-05-26 17:18:07,530'
2026-05-26 17:18:07,530 - DEBUG - 'InputValiator' successfully loaded!| extra=asctime='2026-05-26 17:18:07,530'
2026-05-26 17:18:07,530 - DEBUG - 'CSRFProtection' successfully loaded!| extra=asctime='2026-05-26 17:18:07,530'
2026-05-26 17:18:07,593 - DEBUG - 'OBSecurity' successfully loaded!| extra=asctime='2026-05-26 17:18:07,593'
2026-05-26 17:18:07,593 - DEBUG - 'ErrorPage' successfully loaded!| extra=asctime='2026-05-26 17:18:07,593'
2026-05-26 17:18:07,593 - DEBUG - 'ContextProcessor' successfully loaded!| extra=asctime='2026-05-26 17:18:07,593'
2026-05-26 17:18:07,608 - DEBUG - 'SetupSecurity' successfully loaded!| extra=asctime='2026-05-26 17:18:07,608'
