2026-06-22 14:00:38,981 - DEBUG - 'RateLimiter' successfully loaded!| extra=asctime='2026-06-22 14:00:38,981'
2026-06-22 14:00:38,981 - DEBUG - 'InputValiator' successfully loaded!| extra=asctime='2026-06-22 14:00:38,981'
2026-06-22 14:00:38,981 - DEBUG - 'CSRFProtection' successfully loaded!| extra=asctime='2026-06-22 14:00:38,981'
2026-06-22 14:00:39,106 - DEBUG - 'OBSecurity' successfully loaded!| extra=asctime='2026-06-22 14:00:39,106'
2026-06-22 14:00:39,106 - DEBUG - 'ErrorPage' successfully loaded!| extra=asctime='2026-06-22 14:00:39,106'
2026-06-22 14:00:39,106 - DEBUG - 'ContextProcessor' successfully loaded!| extra=asctime='2026-06-22 14:00:39,106'
2026-06-22 14:00:39,169 - DEBUG - 'SetupSecurity' successfully loaded!| extra=asctime='2026-06-22 14:00:39,169'
2026-06-22 14:00:50,026 - DEBUG - 'RateLimiter' successfully loaded!| extra=asctime='2026-06-22 14:00:50,026'
2026-06-22 14:00:50,026 - DEBUG - 'InputValiator' successfully loaded!| extra=asctime='2026-06-22 14:00:50,026'
2026-06-22 14:00:50,026 - DEBUG - 'CSRFProtection' successfully loaded!| extra=asctime='2026-06-22 14:00:50,026'
2026-06-22 14:00:50,089 - DEBUG - 'OBSecurity' successfully loaded!| extra=asctime='2026-06-22 14:00:50,089'
2026-06-22 14:00:50,089 - DEBUG - 'ErrorPage' successfully loaded!| extra=asctime='2026-06-22 14:00:50,089'
2026-06-22 14:00:50,089 - DEBUG - 'ContextProcessor' successfully loaded!| extra=asctime='2026-06-22 14:00:50,089'
2026-06-22 14:00:50,089 - DEBUG - 'SetupSecurity' successfully loaded!| extra=asctime='2026-06-22 14:00:50,089'
2026-06-22 14:02:07,457 - DEBUG - 'RateLimiter' successfully loaded!| extra=asctime='2026-06-22 14:02:07,457'
2026-06-22 14:02:07,457 - DEBUG - 'InputValiator' successfully loaded!| extra=asctime='2026-06-22 14:02:07,457'
2026-06-22 14:02:07,457 - DEBUG - 'CSRFProtection' successfully loaded!| extra=asctime='2026-06-22 14:02:07,457'
2026-06-22 14:02:07,566 - DEBUG - 'OBSecurity' successfully loaded!| extra=asctime='2026-06-22 14:02:07,566'
2026-06-22 14:02:07,566 - DEBUG - 'ErrorPage' successfully loaded!| extra=asctime='2026-06-22 14:02:07,566'
2026-06-22 14:02:07,566 - DEBUG - 'ContextProcessor' successfully loaded!| extra=asctime='2026-06-22 14:02:07,566'
2026-06-22 14:02:07,582 - DEBUG - 'SetupSecurity' successfully loaded!| extra=asctime='2026-06-22 14:02:07,582'
2026-06-22 14:02:21,516 - DEBUG - 'RateLimiter' successfully loaded!| extra=asctime='2026-06-22 14:02:21,516'
2026-06-22 14:02:21,516 - DEBUG - 'InputValiator' successfully loaded!| extra=asctime='2026-06-22 14:02:21,516'
2026-06-22 14:02:21,516 - DEBUG - 'CSRFProtection' successfully loaded!| extra=asctime='2026-06-22 14:02:21,516'
2026-06-22 14:02:21,563 - DEBUG - 'OBSecurity' successfully loaded!| extra=asctime='2026-06-22 14:02:21,563'
2026-06-22 14:02:21,563 - DEBUG - 'ErrorPage' successfully loaded!| extra=asctime='2026-06-22 14:02:21,563'
2026-06-22 14:02:21,563 - DEBUG - 'ContextProcessor' successfully loaded!| extra=asctime='2026-06-22 14:02:21,563'
2026-06-22 14:02:21,579 - DEBUG - 'SetupSecurity' successfully loaded!| extra=asctime='2026-06-22 14:02:21,579'
2026-06-22 14:03:28,547 - DEBUG - 'RateLimiter' successfully loaded!| extra=asctime='2026-06-22 14:03:28,547'
2026-06-22 14:03:28,547 - DEBUG - 'InputValiator' successfully loaded!| extra=asctime='2026-06-22 14:03:28,547'
2026-06-22 14:03:28,547 - DEBUG - 'CSRFProtection' successfully loaded!| extra=asctime='2026-06-22 14:03:28,547'
2026-06-22 14:03:28,657 - DEBUG - 'OBSecurity' successfully loaded!| extra=asctime='2026-06-22 14:03:28,657'
2026-06-22 14:03:28,657 - DEBUG - 'ErrorPage' successfully loaded!| extra=asctime='2026-06-22 14:03:28,657'
2026-06-22 14:03:28,657 - DEBUG - 'ContextProcessor' successfully loaded!| extra=asctime='2026-06-22 14:03:28,657'
2026-06-22 14:03:28,657 - DEBUG - 'SetupSecurity' successfully loaded!| extra=asctime='2026-06-22 14:03:28,657'
2026-06-22 14:04:44,779 - DEBUG - 'RateLimiter' successfully loaded!| extra=asctime='2026-06-22 14:04:44,779'
2026-06-22 14:04:44,779 - DEBUG - 'InputValiator' successfully loaded!| extra=asctime='2026-06-22 14:04:44,779'
2026-06-22 14:04:44,779 - DEBUG - 'CSRFProtection' successfully loaded!| extra=asctime='2026-06-22 14:04:44,779'
2026-06-22 14:04:44,906 - DEBUG - 'OBSecurity' successfully loaded!| extra=asctime='2026-06-22 14:04:44,906'
2026-06-22 14:04:44,907 - DEBUG - 'ErrorPage' successfully loaded!| extra=asctime='2026-06-22 14:04:44,907'
2026-06-22 14:04:44,907 - DEBUG - 'ContextProcessor' successfully loaded!| extra=asctime='2026-06-22 14:04:44,907'
2026-06-22 14:04:44,912 - DEBUG - 'SetupSecurity' successfully loaded!| extra=asctime='2026-06-22 14:04:44,912'
2026-06-22 14:11:40,301 - DEBUG - 'RateLimiter' successfully loaded!| extra=asctime='2026-06-22 14:11:40,301'
2026-06-22 14:11:40,301 - DEBUG - 'InputValiator' successfully loaded!| extra=asctime='2026-06-22 14:11:40,301'
2026-06-22 14:11:40,301 - DEBUG - 'CSRFProtection' successfully loaded!| extra=asctime='2026-06-22 14:11:40,301'
2026-06-22 14:11:40,422 - DEBUG - 'OBSecurity' successfully loaded!| extra=asctime='2026-06-22 14:11:40,422'
2026-06-22 14:11:40,422 - DEBUG - 'ErrorPage' successfully loaded!| extra=asctime='2026-06-22 14:11:40,422'
2026-06-22 14:11:40,422 - DEBUG - 'ContextProcessor' successfully loaded!| extra=asctime='2026-06-22 14:11:40,422'
2026-06-22 14:11:40,430 - DEBUG - 'SetupSecurity' successfully loaded!| extra=asctime='2026-06-22 14:11:40,430'
2026-06-22 14:11:59,447 - DEBUG - 'RateLimiter' successfully loaded!| extra=asctime='2026-06-22 14:11:59,447'
2026-06-22 14:11:59,447 - DEBUG - 'InputValiator' successfully loaded!| extra=asctime='2026-06-22 14:11:59,447'
2026-06-22 14:11:59,447 - DEBUG - 'CSRFProtection' successfully loaded!| extra=asctime='2026-06-22 14:11:59,447'
2026-06-22 14:11:59,507 - DEBUG - 'OBSecurity' successfully loaded!| extra=asctime='2026-06-22 14:11:59,507'
2026-06-22 14:11:59,507 - DEBUG - 'ErrorPage' successfully loaded!| extra=asctime='2026-06-22 14:11:59,507'
2026-06-22 14:11:59,507 - DEBUG - 'ContextProcessor' successfully loaded!| extra=asctime='2026-06-22 14:11:59,507'
2026-06-22 14:11:59,515 - DEBUG - 'SetupSecurity' successfully loaded!| extra=asctime='2026-06-22 14:11:59,515'
