2026-06-22 14:00:38,981 - DEBUG - 🕸️  Honeypot deployed: /admin| extra=asctime='2026-06-22 14:00:38,981'
2026-06-22 14:00:39,028 - DEBUG - 🕸️  Honeypot deployed: /administrator| extra=asctime='2026-06-22 14:00:39,028'
2026-06-22 14:00:39,028 - DEBUG - 🕸️  Honeypot deployed: /admin.php| extra=asctime='2026-06-22 14:00:39,028'
2026-06-22 14:00:39,028 - DEBUG - 🕸️  Honeypot deployed: /admin/login| extra=asctime='2026-06-22 14:00:39,028'
2026-06-22 14:00:39,028 - DEBUG - 🕸️  Honeypot deployed: /wp-admin| extra=asctime='2026-06-22 14:00:39,028'
2026-06-22 14:00:39,028 - DEBUG - 🕸️  Honeypot deployed: /wp-login.php| extra=asctime='2026-06-22 14:00:39,028'
2026-06-22 14:00:39,028 - DEBUG - 🕸️  Honeypot deployed: /wp-admin/admin-ajax.php| extra=asctime='2026-06-22 14:00:39,028'
2026-06-22 14:00:39,028 - DEBUG - 🕸️  Honeypot deployed: /phpmyadmin| extra=asctime='2026-06-22 14:00:39,028'
2026-06-22 14:00:39,044 - DEBUG - 🕸️  Honeypot deployed: /pma| extra=asctime='2026-06-22 14:00:39,044'
2026-06-22 14:00:39,044 - DEBUG - 🕸️  Honeypot deployed: /phpMyAdmin| extra=asctime='2026-06-22 14:00:39,044'
2026-06-22 14:00:39,044 - DEBUG - 🕸️  Honeypot deployed: /mysql| extra=asctime='2026-06-22 14:00:39,044'
2026-06-22 14:00:39,044 - DEBUG - 🕸️  Honeypot deployed: /adminer| extra=asctime='2026-06-22 14:00:39,044'
2026-06-22 14:00:39,044 - DEBUG - 🕸️  Honeypot deployed: /adminer.php| extra=asctime='2026-06-22 14:00:39,044'
2026-06-22 14:00:39,044 - DEBUG - 🕸️  Honeypot deployed: /db| extra=asctime='2026-06-22 14:00:39,044'
2026-06-22 14:00:39,044 - DEBUG - 🕸️  Honeypot deployed: /database| extra=asctime='2026-06-22 14:00:39,044'
2026-06-22 14:00:39,044 - DEBUG - 🕸️  Honeypot deployed: /.env| extra=asctime='2026-06-22 14:00:39,044'
2026-06-22 14:00:39,059 - DEBUG - 🕸️  Honeypot deployed: /.env.local| extra=asctime='2026-06-22 14:00:39,059'
2026-06-22 14:00:39,059 - DEBUG - 🕸️  Honeypot deployed: /.env.production| extra=asctime='2026-06-22 14:00:39,059'
2026-06-22 14:00:39,059 - DEBUG - 🕸️  Honeypot deployed: /config.php| extra=asctime='2026-06-22 14:00:39,059'
2026-06-22 14:00:39,059 - DEBUG - 🕸️  Honeypot deployed: /configuration.php| extra=asctime='2026-06-22 14:00:39,059'
2026-06-22 14:00:39,059 - DEBUG - 🕸️  Honeypot deployed: /wp-config.php| extra=asctime='2026-06-22 14:00:39,059'
2026-06-22 14:00:39,059 - DEBUG - 🕸️  Honeypot deployed: /.git/config| extra=asctime='2026-06-22 14:00:39,059'
2026-06-22 14:00:39,059 - DEBUG - 🕸️  Honeypot deployed: /.git/HEAD| extra=asctime='2026-06-22 14:00:39,059'
2026-06-22 14:00:39,075 - DEBUG - 🕸️  Honeypot deployed: /.aws/credentials| extra=asctime='2026-06-22 14:00:39,075'
2026-06-22 14:00:39,075 - DEBUG - 🕸️  Honeypot deployed: /xmlrpc.php| extra=asctime='2026-06-22 14:00:39,075'
2026-06-22 14:00:39,075 - DEBUG - 🕸️  Honeypot deployed: /phpinfo.php| extra=asctime='2026-06-22 14:00:39,075'
2026-06-22 14:00:39,075 - DEBUG - 🕸️  Honeypot deployed: /info.php| extra=asctime='2026-06-22 14:00:39,075'
2026-06-22 14:00:39,075 - DEBUG - 🕸️  Honeypot deployed: /shell.php| extra=asctime='2026-06-22 14:00:39,075'
2026-06-22 14:00:39,075 - DEBUG - 🕸️  Honeypot deployed: /c99.php| extra=asctime='2026-06-22 14:00:39,075'
2026-06-22 14:00:39,090 - DEBUG - 🕸️  Honeypot deployed: /r57.php| extra=asctime='2026-06-22 14:00:39,090'
2026-06-22 14:00:39,090 - DEBUG - 🕸️  Honeypot deployed: /backup.sql| extra=asctime='2026-06-22 14:00:39,090'
2026-06-22 14:00:39,090 - DEBUG - 🕸️  Honeypot deployed: /backup.zip| extra=asctime='2026-06-22 14:00:39,090'
2026-06-22 14:00:39,090 - DEBUG - 🕸️  Honeypot deployed: /database.sql| extra=asctime='2026-06-22 14:00:39,090'
2026-06-22 14:00:39,090 - DEBUG - 🕸️  Honeypot deployed: /dump.sql| extra=asctime='2026-06-22 14:00:39,090'
2026-06-22 14:00:39,090 - DEBUG - 🕸️  Honeypot deployed: /old| extra=asctime='2026-06-22 14:00:39,090'
2026-06-22 14:00:39,106 - DEBUG - 🕸️  Honeypot deployed: /old.zip| extra=asctime='2026-06-22 14:00:39,106'
2026-06-22 14:00:50,042 - DEBUG - 🕸️  Honeypot deployed: /admin| extra=asctime='2026-06-22 14:00:50,042'
2026-06-22 14:00:50,042 - DEBUG - 🕸️  Honeypot deployed: /administrator| extra=asctime='2026-06-22 14:00:50,042'
2026-06-22 14:00:50,042 - DEBUG - 🕸️  Honeypot deployed: /admin.php| extra=asctime='2026-06-22 14:00:50,042'
2026-06-22 14:00:50,042 - DEBUG - 🕸️  Honeypot deployed: /admin/login| extra=asctime='2026-06-22 14:00:50,042'
2026-06-22 14:00:50,042 - DEBUG - 🕸️  Honeypot deployed: /wp-admin| extra=asctime='2026-06-22 14:00:50,042'
2026-06-22 14:00:50,042 - DEBUG - 🕸️  Honeypot deployed: /wp-login.php| extra=asctime='2026-06-22 14:00:50,042'
2026-06-22 14:00:50,042 - DEBUG - 🕸️  Honeypot deployed: /wp-admin/admin-ajax.php| extra=asctime='2026-06-22 14:00:50,042'
2026-06-22 14:00:50,042 - DEBUG - 🕸️  Honeypot deployed: /phpmyadmin| extra=asctime='2026-06-22 14:00:50,042'
2026-06-22 14:00:50,042 - DEBUG - 🕸️  Honeypot deployed: /pma| extra=asctime='2026-06-22 14:00:50,042'
2026-06-22 14:00:50,042 - DEBUG - 🕸️  Honeypot deployed: /phpMyAdmin| extra=asctime='2026-06-22 14:00:50,042'
2026-06-22 14:00:50,058 - DEBUG - 🕸️  Honeypot deployed: /mysql| extra=asctime='2026-06-22 14:00:50,058'
2026-06-22 14:00:50,058 - DEBUG - 🕸️  Honeypot deployed: /adminer| extra=asctime='2026-06-22 14:00:50,058'
2026-06-22 14:00:50,058 - DEBUG - 🕸️  Honeypot deployed: /adminer.php| extra=asctime='2026-06-22 14:00:50,058'
2026-06-22 14:00:50,058 - DEBUG - 🕸️  Honeypot deployed: /db| extra=asctime='2026-06-22 14:00:50,058'
2026-06-22 14:00:50,058 - DEBUG - 🕸️  Honeypot deployed: /database| extra=asctime='2026-06-22 14:00:50,058'
2026-06-22 14:00:50,058 - DEBUG - 🕸️  Honeypot deployed: /.env| extra=asctime='2026-06-22 14:00:50,058'
2026-06-22 14:00:50,058 - DEBUG - 🕸️  Honeypot deployed: /.env.local| extra=asctime='2026-06-22 14:00:50,058'
2026-06-22 14:00:50,058 - DEBUG - 🕸️  Honeypot deployed: /.env.production| extra=asctime='2026-06-22 14:00:50,058'
2026-06-22 14:00:50,058 - DEBUG - 🕸️  Honeypot deployed: /config.php| extra=asctime='2026-06-22 14:00:50,058'
2026-06-22 14:00:50,058 - DEBUG - 🕸️  Honeypot deployed: /configuration.php| extra=asctime='2026-06-22 14:00:50,058'
2026-06-22 14:00:50,073 - DEBUG - 🕸️  Honeypot deployed: /wp-config.php| extra=asctime='2026-06-22 14:00:50,073'
2026-06-22 14:00:50,073 - DEBUG - 🕸️  Honeypot deployed: /.git/config| extra=asctime='2026-06-22 14:00:50,073'
2026-06-22 14:00:50,073 - DEBUG - 🕸️  Honeypot deployed: /.git/HEAD| extra=asctime='2026-06-22 14:00:50,073'
2026-06-22 14:00:50,073 - DEBUG - 🕸️  Honeypot deployed: /.aws/credentials| extra=asctime='2026-06-22 14:00:50,073'
2026-06-22 14:00:50,073 - DEBUG - 🕸️  Honeypot deployed: /xmlrpc.php| extra=asctime='2026-06-22 14:00:50,073'
2026-06-22 14:00:50,073 - DEBUG - 🕸️  Honeypot deployed: /phpinfo.php| extra=asctime='2026-06-22 14:00:50,073'
2026-06-22 14:00:50,073 - DEBUG - 🕸️  Honeypot deployed: /info.php| extra=asctime='2026-06-22 14:00:50,073'
2026-06-22 14:00:50,073 - DEBUG - 🕸️  Honeypot deployed: /shell.php| extra=asctime='2026-06-22 14:00:50,073'
2026-06-22 14:00:50,073 - DEBUG - 🕸️  Honeypot deployed: /c99.php| extra=asctime='2026-06-22 14:00:50,073'
2026-06-22 14:00:50,073 - DEBUG - 🕸️  Honeypot deployed: /r57.php| extra=asctime='2026-06-22 14:00:50,073'
2026-06-22 14:00:50,089 - DEBUG - 🕸️  Honeypot deployed: /backup.sql| extra=asctime='2026-06-22 14:00:50,089'
2026-06-22 14:00:50,089 - DEBUG - 🕸️  Honeypot deployed: /backup.zip| extra=asctime='2026-06-22 14:00:50,089'
2026-06-22 14:00:50,089 - DEBUG - 🕸️  Honeypot deployed: /database.sql| extra=asctime='2026-06-22 14:00:50,089'
2026-06-22 14:00:50,089 - DEBUG - 🕸️  Honeypot deployed: /dump.sql| extra=asctime='2026-06-22 14:00:50,089'
2026-06-22 14:00:50,089 - DEBUG - 🕸️  Honeypot deployed: /old| extra=asctime='2026-06-22 14:00:50,089'
2026-06-22 14:00:50,089 - DEBUG - 🕸️  Honeypot deployed: /old.zip| extra=asctime='2026-06-22 14:00:50,089'
2026-06-22 14:02:07,457 - DEBUG - 🕸️  Honeypot deployed: /admin| extra=asctime='2026-06-22 14:02:07,457'
2026-06-22 14:02:07,457 - DEBUG - 🕸️  Honeypot deployed: /administrator| extra=asctime='2026-06-22 14:02:07,457'
2026-06-22 14:02:07,457 - DEBUG - 🕸️  Honeypot deployed: /admin.php| extra=asctime='2026-06-22 14:02:07,457'
2026-06-22 14:02:07,457 - DEBUG - 🕸️  Honeypot deployed: /admin/login| extra=asctime='2026-06-22 14:02:07,457'
2026-06-22 14:02:07,457 - DEBUG - 🕸️  Honeypot deployed: /wp-admin| extra=asctime='2026-06-22 14:02:07,457'
2026-06-22 14:02:07,457 - DEBUG - 🕸️  Honeypot deployed: /wp-login.php| extra=asctime='2026-06-22 14:02:07,457'
2026-06-22 14:02:07,472 - DEBUG - 🕸️  Honeypot deployed: /wp-admin/admin-ajax.php| extra=asctime='2026-06-22 14:02:07,472'
2026-06-22 14:02:07,472 - DEBUG - 🕸️  Honeypot deployed: /phpmyadmin| extra=asctime='2026-06-22 14:02:07,472'
2026-06-22 14:02:07,472 - DEBUG - 🕸️  Honeypot deployed: /pma| extra=asctime='2026-06-22 14:02:07,472'
2026-06-22 14:02:07,472 - DEBUG - 🕸️  Honeypot deployed: /phpMyAdmin| extra=asctime='2026-06-22 14:02:07,472'
2026-06-22 14:02:07,472 - DEBUG - 🕸️  Honeypot deployed: /mysql| extra=asctime='2026-06-22 14:02:07,472'
2026-06-22 14:02:07,472 - DEBUG - 🕸️  Honeypot deployed: /adminer| extra=asctime='2026-06-22 14:02:07,472'
2026-06-22 14:02:07,472 - DEBUG - 🕸️  Honeypot deployed: /adminer.php| extra=asctime='2026-06-22 14:02:07,472'
2026-06-22 14:02:07,472 - DEBUG - 🕸️  Honeypot deployed: /db| extra=asctime='2026-06-22 14:02:07,472'
2026-06-22 14:02:07,472 - DEBUG - 🕸️  Honeypot deployed: /database| extra=asctime='2026-06-22 14:02:07,472'
2026-06-22 14:02:07,472 - DEBUG - 🕸️  Honeypot deployed: /.env| extra=asctime='2026-06-22 14:02:07,472'
2026-06-22 14:02:07,488 - DEBUG - 🕸️  Honeypot deployed: /.env.local| extra=asctime='2026-06-22 14:02:07,488'
2026-06-22 14:02:07,488 - DEBUG - 🕸️  Honeypot deployed: /.env.production| extra=asctime='2026-06-22 14:02:07,488'
2026-06-22 14:02:07,535 - DEBUG - 🕸️  Honeypot deployed: /config.php| extra=asctime='2026-06-22 14:02:07,535'
2026-06-22 14:02:07,550 - DEBUG - 🕸️  Honeypot deployed: /configuration.php| extra=asctime='2026-06-22 14:02:07,550'
2026-06-22 14:02:07,550 - DEBUG - 🕸️  Honeypot deployed: /wp-config.php| extra=asctime='2026-06-22 14:02:07,550'
2026-06-22 14:02:07,550 - DEBUG - 🕸️  Honeypot deployed: /.git/config| extra=asctime='2026-06-22 14:02:07,550'
2026-06-22 14:02:07,550 - DEBUG - 🕸️  Honeypot deployed: /.git/HEAD| extra=asctime='2026-06-22 14:02:07,550'
2026-06-22 14:02:07,550 - DEBUG - 🕸️  Honeypot deployed: /.aws/credentials| extra=asctime='2026-06-22 14:02:07,550'
2026-06-22 14:02:07,550 - DEBUG - 🕸️  Honeypot deployed: /xmlrpc.php| extra=asctime='2026-06-22 14:02:07,550'
2026-06-22 14:02:07,550 - DEBUG - 🕸️  Honeypot deployed: /phpinfo.php| extra=asctime='2026-06-22 14:02:07,550'
2026-06-22 14:02:07,550 - DEBUG - 🕸️  Honeypot deployed: /info.php| extra=asctime='2026-06-22 14:02:07,550'
2026-06-22 14:02:07,550 - DEBUG - 🕸️  Honeypot deployed: /shell.php| extra=asctime='2026-06-22 14:02:07,550'
2026-06-22 14:02:07,566 - DEBUG - 🕸️  Honeypot deployed: /c99.php| extra=asctime='2026-06-22 14:02:07,566'
2026-06-22 14:02:07,566 - DEBUG - 🕸️  Honeypot deployed: /r57.php| extra=asctime='2026-06-22 14:02:07,566'
2026-06-22 14:02:07,566 - DEBUG - 🕸️  Honeypot deployed: /backup.sql| extra=asctime='2026-06-22 14:02:07,566'
2026-06-22 14:02:07,566 - DEBUG - 🕸️  Honeypot deployed: /backup.zip| extra=asctime='2026-06-22 14:02:07,566'
2026-06-22 14:02:07,566 - DEBUG - 🕸️  Honeypot deployed: /database.sql| extra=asctime='2026-06-22 14:02:07,566'
2026-06-22 14:02:07,566 - DEBUG - 🕸️  Honeypot deployed: /dump.sql| extra=asctime='2026-06-22 14:02:07,566'
2026-06-22 14:02:07,566 - DEBUG - 🕸️  Honeypot deployed: /old| extra=asctime='2026-06-22 14:02:07,566'
2026-06-22 14:02:07,566 - DEBUG - 🕸️  Honeypot deployed: /old.zip| extra=asctime='2026-06-22 14:02:07,566'
2026-06-22 14:02:21,516 - DEBUG - 🕸️  Honeypot deployed: /admin| extra=asctime='2026-06-22 14:02:21,516'
2026-06-22 14:02:21,516 - DEBUG - 🕸️  Honeypot deployed: /administrator| extra=asctime='2026-06-22 14:02:21,516'
2026-06-22 14:02:21,516 - DEBUG - 🕸️  Honeypot deployed: /admin.php| extra=asctime='2026-06-22 14:02:21,516'
2026-06-22 14:02:21,516 - DEBUG - 🕸️  Honeypot deployed: /admin/login| extra=asctime='2026-06-22 14:02:21,516'
2026-06-22 14:02:21,516 - DEBUG - 🕸️  Honeypot deployed: /wp-admin| extra=asctime='2026-06-22 14:02:21,516'
2026-06-22 14:02:21,516 - DEBUG - 🕸️  Honeypot deployed: /wp-login.php| extra=asctime='2026-06-22 14:02:21,516'
2026-06-22 14:02:21,532 - DEBUG - 🕸️  Honeypot deployed: /wp-admin/admin-ajax.php| extra=asctime='2026-06-22 14:02:21,532'
2026-06-22 14:02:21,532 - DEBUG - 🕸️  Honeypot deployed: /phpmyadmin| extra=asctime='2026-06-22 14:02:21,532'
2026-06-22 14:02:21,532 - DEBUG - 🕸️  Honeypot deployed: /pma| extra=asctime='2026-06-22 14:02:21,532'
2026-06-22 14:02:21,532 - DEBUG - 🕸️  Honeypot deployed: /phpMyAdmin| extra=asctime='2026-06-22 14:02:21,532'
2026-06-22 14:02:21,532 - DEBUG - 🕸️  Honeypot deployed: /mysql| extra=asctime='2026-06-22 14:02:21,532'
2026-06-22 14:02:21,532 - DEBUG - 🕸️  Honeypot deployed: /adminer| extra=asctime='2026-06-22 14:02:21,532'
2026-06-22 14:02:21,532 - DEBUG - 🕸️  Honeypot deployed: /adminer.php| extra=asctime='2026-06-22 14:02:21,532'
2026-06-22 14:02:21,532 - DEBUG - 🕸️  Honeypot deployed: /db| extra=asctime='2026-06-22 14:02:21,532'
2026-06-22 14:02:21,532 - DEBUG - 🕸️  Honeypot deployed: /database| extra=asctime='2026-06-22 14:02:21,532'
2026-06-22 14:02:21,532 - DEBUG - 🕸️  Honeypot deployed: /.env| extra=asctime='2026-06-22 14:02:21,532'
2026-06-22 14:02:21,547 - DEBUG - 🕸️  Honeypot deployed: /.env.local| extra=asctime='2026-06-22 14:02:21,547'
2026-06-22 14:02:21,547 - DEBUG - 🕸️  Honeypot deployed: /.env.production| extra=asctime='2026-06-22 14:02:21,547'
2026-06-22 14:02:21,547 - DEBUG - 🕸️  Honeypot deployed: /config.php| extra=asctime='2026-06-22 14:02:21,547'
2026-06-22 14:02:21,547 - DEBUG - 🕸️  Honeypot deployed: /configuration.php| extra=asctime='2026-06-22 14:02:21,547'
2026-06-22 14:02:21,547 - DEBUG - 🕸️  Honeypot deployed: /wp-config.php| extra=asctime='2026-06-22 14:02:21,547'
2026-06-22 14:02:21,547 - DEBUG - 🕸️  Honeypot deployed: /.git/config| extra=asctime='2026-06-22 14:02:21,547'
2026-06-22 14:02:21,547 - DEBUG - 🕸️  Honeypot deployed: /.git/HEAD| extra=asctime='2026-06-22 14:02:21,547'
2026-06-22 14:02:21,547 - DEBUG - 🕸️  Honeypot deployed: /.aws/credentials| extra=asctime='2026-06-22 14:02:21,547'
2026-06-22 14:02:21,547 - DEBUG - 🕸️  Honeypot deployed: /xmlrpc.php| extra=asctime='2026-06-22 14:02:21,547'
2026-06-22 14:02:21,547 - DEBUG - 🕸️  Honeypot deployed: /phpinfo.php| extra=asctime='2026-06-22 14:02:21,547'
2026-06-22 14:02:21,563 - DEBUG - 🕸️  Honeypot deployed: /info.php| extra=asctime='2026-06-22 14:02:21,563'
2026-06-22 14:02:21,563 - DEBUG - 🕸️  Honeypot deployed: /shell.php| extra=asctime='2026-06-22 14:02:21,563'
2026-06-22 14:02:21,563 - DEBUG - 🕸️  Honeypot deployed: /c99.php| extra=asctime='2026-06-22 14:02:21,563'
2026-06-22 14:02:21,563 - DEBUG - 🕸️  Honeypot deployed: /r57.php| extra=asctime='2026-06-22 14:02:21,563'
2026-06-22 14:02:21,563 - DEBUG - 🕸️  Honeypot deployed: /backup.sql| extra=asctime='2026-06-22 14:02:21,563'
2026-06-22 14:02:21,563 - DEBUG - 🕸️  Honeypot deployed: /backup.zip| extra=asctime='2026-06-22 14:02:21,563'
2026-06-22 14:02:21,563 - DEBUG - 🕸️  Honeypot deployed: /database.sql| extra=asctime='2026-06-22 14:02:21,563'
2026-06-22 14:02:21,563 - DEBUG - 🕸️  Honeypot deployed: /dump.sql| extra=asctime='2026-06-22 14:02:21,563'
2026-06-22 14:02:21,563 - DEBUG - 🕸️  Honeypot deployed: /old| extra=asctime='2026-06-22 14:02:21,563'
2026-06-22 14:02:21,563 - DEBUG - 🕸️  Honeypot deployed: /old.zip| extra=asctime='2026-06-22 14:02:21,563'
2026-06-22 14:03:28,547 - DEBUG - 🕸️  Honeypot deployed: /admin| extra=asctime='2026-06-22 14:03:28,547'
2026-06-22 14:03:28,547 - DEBUG - 🕸️  Honeypot deployed: /administrator| extra=asctime='2026-06-22 14:03:28,547'
2026-06-22 14:03:28,547 - DEBUG - 🕸️  Honeypot deployed: /admin.php| extra=asctime='2026-06-22 14:03:28,547'
2026-06-22 14:03:28,547 - DEBUG - 🕸️  Honeypot deployed: /admin/login| extra=asctime='2026-06-22 14:03:28,547'
2026-06-22 14:03:28,547 - DEBUG - 🕸️  Honeypot deployed: /wp-admin| extra=asctime='2026-06-22 14:03:28,547'
2026-06-22 14:03:28,547 - DEBUG - 🕸️  Honeypot deployed: /wp-login.php| extra=asctime='2026-06-22 14:03:28,547'
2026-06-22 14:03:28,547 - DEBUG - 🕸️  Honeypot deployed: /wp-admin/admin-ajax.php| extra=asctime='2026-06-22 14:03:28,547'
2026-06-22 14:03:28,547 - DEBUG - 🕸️  Honeypot deployed: /phpmyadmin| extra=asctime='2026-06-22 14:03:28,547'
2026-06-22 14:03:28,563 - DEBUG - 🕸️  Honeypot deployed: /pma| extra=asctime='2026-06-22 14:03:28,563'
2026-06-22 14:03:28,563 - DEBUG - 🕸️  Honeypot deployed: /phpMyAdmin| extra=asctime='2026-06-22 14:03:28,563'
2026-06-22 14:03:28,563 - DEBUG - 🕸️  Honeypot deployed: /mysql| extra=asctime='2026-06-22 14:03:28,563'
2026-06-22 14:03:28,563 - DEBUG - 🕸️  Honeypot deployed: /adminer| extra=asctime='2026-06-22 14:03:28,563'
2026-06-22 14:03:28,563 - DEBUG - 🕸️  Honeypot deployed: /adminer.php| extra=asctime='2026-06-22 14:03:28,563'
2026-06-22 14:03:28,563 - DEBUG - 🕸️  Honeypot deployed: /db| extra=asctime='2026-06-22 14:03:28,563'
2026-06-22 14:03:28,563 - DEBUG - 🕸️  Honeypot deployed: /database| extra=asctime='2026-06-22 14:03:28,563'
2026-06-22 14:03:28,563 - DEBUG - 🕸️  Honeypot deployed: /.env| extra=asctime='2026-06-22 14:03:28,563'
2026-06-22 14:03:28,563 - DEBUG - 🕸️  Honeypot deployed: /.env.local| extra=asctime='2026-06-22 14:03:28,563'
2026-06-22 14:03:28,563 - DEBUG - 🕸️  Honeypot deployed: /.env.production| extra=asctime='2026-06-22 14:03:28,563'
2026-06-22 14:03:28,625 - DEBUG - 🕸️  Honeypot deployed: /config.php| extra=asctime='2026-06-22 14:03:28,625'
2026-06-22 14:03:28,625 - DEBUG - 🕸️  Honeypot deployed: /configuration.php| extra=asctime='2026-06-22 14:03:28,625'
2026-06-22 14:03:28,625 - DEBUG - 🕸️  Honeypot deployed: /wp-config.php| extra=asctime='2026-06-22 14:03:28,625'
2026-06-22 14:03:28,641 - DEBUG - 🕸️  Honeypot deployed: /.git/config| extra=asctime='2026-06-22 14:03:28,641'
2026-06-22 14:03:28,641 - DEBUG - 🕸️  Honeypot deployed: /.git/HEAD| extra=asctime='2026-06-22 14:03:28,641'
2026-06-22 14:03:28,641 - DEBUG - 🕸️  Honeypot deployed: /.aws/credentials| extra=asctime='2026-06-22 14:03:28,641'
2026-06-22 14:03:28,641 - DEBUG - 🕸️  Honeypot deployed: /xmlrpc.php| extra=asctime='2026-06-22 14:03:28,641'
2026-06-22 14:03:28,641 - DEBUG - 🕸️  Honeypot deployed: /phpinfo.php| extra=asctime='2026-06-22 14:03:28,641'
2026-06-22 14:03:28,641 - DEBUG - 🕸️  Honeypot deployed: /info.php| extra=asctime='2026-06-22 14:03:28,641'
2026-06-22 14:03:28,641 - DEBUG - 🕸️  Honeypot deployed: /shell.php| extra=asctime='2026-06-22 14:03:28,641'
2026-06-22 14:03:28,641 - DEBUG - 🕸️  Honeypot deployed: /c99.php| extra=asctime='2026-06-22 14:03:28,641'
2026-06-22 14:03:28,641 - DEBUG - 🕸️  Honeypot deployed: /r57.php| extra=asctime='2026-06-22 14:03:28,641'
2026-06-22 14:03:28,641 - DEBUG - 🕸️  Honeypot deployed: /backup.sql| extra=asctime='2026-06-22 14:03:28,641'
2026-06-22 14:03:28,657 - DEBUG - 🕸️  Honeypot deployed: /backup.zip| extra=asctime='2026-06-22 14:03:28,657'
2026-06-22 14:03:28,657 - DEBUG - 🕸️  Honeypot deployed: /database.sql| extra=asctime='2026-06-22 14:03:28,657'
2026-06-22 14:03:28,657 - DEBUG - 🕸️  Honeypot deployed: /dump.sql| extra=asctime='2026-06-22 14:03:28,657'
2026-06-22 14:03:28,657 - DEBUG - 🕸️  Honeypot deployed: /old| extra=asctime='2026-06-22 14:03:28,657'
2026-06-22 14:03:28,657 - DEBUG - 🕸️  Honeypot deployed: /old.zip| extra=asctime='2026-06-22 14:03:28,657'
2026-06-22 14:04:44,779 - DEBUG - 🕸️  Honeypot deployed: /admin| extra=asctime='2026-06-22 14:04:44,779'
2026-06-22 14:04:44,779 - DEBUG - 🕸️  Honeypot deployed: /administrator| extra=asctime='2026-06-22 14:04:44,779'
2026-06-22 14:04:44,779 - DEBUG - 🕸️  Honeypot deployed: /admin.php| extra=asctime='2026-06-22 14:04:44,779'
2026-06-22 14:04:44,779 - DEBUG - 🕸️  Honeypot deployed: /admin/login| extra=asctime='2026-06-22 14:04:44,779'
2026-06-22 14:04:44,779 - DEBUG - 🕸️  Honeypot deployed: /wp-admin| extra=asctime='2026-06-22 14:04:44,779'
2026-06-22 14:04:44,779 - DEBUG - 🕸️  Honeypot deployed: /wp-login.php| extra=asctime='2026-06-22 14:04:44,779'
2026-06-22 14:04:44,779 - DEBUG - 🕸️  Honeypot deployed: /wp-admin/admin-ajax.php| extra=asctime='2026-06-22 14:04:44,779'
2026-06-22 14:04:44,779 - DEBUG - 🕸️  Honeypot deployed: /phpmyadmin| extra=asctime='2026-06-22 14:04:44,779'
2026-06-22 14:04:44,794 - DEBUG - 🕸️  Honeypot deployed: /pma| extra=asctime='2026-06-22 14:04:44,794'
2026-06-22 14:04:44,794 - DEBUG - 🕸️  Honeypot deployed: /phpMyAdmin| extra=asctime='2026-06-22 14:04:44,794'
2026-06-22 14:04:44,794 - DEBUG - 🕸️  Honeypot deployed: /mysql| extra=asctime='2026-06-22 14:04:44,794'
2026-06-22 14:04:44,794 - DEBUG - 🕸️  Honeypot deployed: /adminer| extra=asctime='2026-06-22 14:04:44,794'
2026-06-22 14:04:44,794 - DEBUG - 🕸️  Honeypot deployed: /adminer.php| extra=asctime='2026-06-22 14:04:44,794'
2026-06-22 14:04:44,794 - DEBUG - 🕸️  Honeypot deployed: /db| extra=asctime='2026-06-22 14:04:44,794'
2026-06-22 14:04:44,794 - DEBUG - 🕸️  Honeypot deployed: /database| extra=asctime='2026-06-22 14:04:44,794'
2026-06-22 14:04:44,794 - DEBUG - 🕸️  Honeypot deployed: /.env| extra=asctime='2026-06-22 14:04:44,794'
2026-06-22 14:04:44,794 - DEBUG - 🕸️  Honeypot deployed: /.env.local| extra=asctime='2026-06-22 14:04:44,794'
2026-06-22 14:04:44,794 - DEBUG - 🕸️  Honeypot deployed: /.env.production| extra=asctime='2026-06-22 14:04:44,794'
2026-06-22 14:04:44,794 - DEBUG - 🕸️  Honeypot deployed: /config.php| extra=asctime='2026-06-22 14:04:44,794'
2026-06-22 14:04:44,794 - DEBUG - 🕸️  Honeypot deployed: /configuration.php| extra=asctime='2026-06-22 14:04:44,794'
2026-06-22 14:04:44,857 - DEBUG - 🕸️  Honeypot deployed: /wp-config.php| extra=asctime='2026-06-22 14:04:44,857'
2026-06-22 14:04:44,857 - DEBUG - 🕸️  Honeypot deployed: /.git/config| extra=asctime='2026-06-22 14:04:44,857'
2026-06-22 14:04:44,857 - DEBUG - 🕸️  Honeypot deployed: /.git/HEAD| extra=asctime='2026-06-22 14:04:44,857'
2026-06-22 14:04:44,872 - DEBUG - 🕸️  Honeypot deployed: /.aws/credentials| extra=asctime='2026-06-22 14:04:44,872'
2026-06-22 14:04:44,872 - DEBUG - 🕸️  Honeypot deployed: /xmlrpc.php| extra=asctime='2026-06-22 14:04:44,872'
2026-06-22 14:04:44,872 - DEBUG - 🕸️  Honeypot deployed: /phpinfo.php| extra=asctime='2026-06-22 14:04:44,872'
2026-06-22 14:04:44,872 - DEBUG - 🕸️  Honeypot deployed: /info.php| extra=asctime='2026-06-22 14:04:44,872'
2026-06-22 14:04:44,872 - DEBUG - 🕸️  Honeypot deployed: /shell.php| extra=asctime='2026-06-22 14:04:44,872'
2026-06-22 14:04:44,872 - DEBUG - 🕸️  Honeypot deployed: /c99.php| extra=asctime='2026-06-22 14:04:44,872'
2026-06-22 14:04:44,872 - DEBUG - 🕸️  Honeypot deployed: /r57.php| extra=asctime='2026-06-22 14:04:44,872'
2026-06-22 14:04:44,872 - DEBUG - 🕸️  Honeypot deployed: /backup.sql| extra=asctime='2026-06-22 14:04:44,872'
2026-06-22 14:04:44,872 - DEBUG - 🕸️  Honeypot deployed: /backup.zip| extra=asctime='2026-06-22 14:04:44,872'
2026-06-22 14:04:44,872 - DEBUG - 🕸️  Honeypot deployed: /database.sql| extra=asctime='2026-06-22 14:04:44,872'
2026-06-22 14:04:44,903 - DEBUG - 🕸️  Honeypot deployed: /dump.sql| extra=asctime='2026-06-22 14:04:44,903'
2026-06-22 14:04:44,905 - DEBUG - 🕸️  Honeypot deployed: /old| extra=asctime='2026-06-22 14:04:44,905'
2026-06-22 14:04:44,906 - DEBUG - 🕸️  Honeypot deployed: /old.zip| extra=asctime='2026-06-22 14:04:44,906'
2026-06-22 14:11:40,301 - DEBUG - 🕸️  Honeypot deployed: /admin| extra=asctime='2026-06-22 14:11:40,301'
2026-06-22 14:11:40,309 - DEBUG - 🕸️  Honeypot deployed: /administrator| extra=asctime='2026-06-22 14:11:40,309'
2026-06-22 14:11:40,311 - DEBUG - 🕸️  Honeypot deployed: /admin.php| extra=asctime='2026-06-22 14:11:40,311'
2026-06-22 14:11:40,311 - DEBUG - 🕸️  Honeypot deployed: /admin/login| extra=asctime='2026-06-22 14:11:40,311'
2026-06-22 14:11:40,311 - DEBUG - 🕸️  Honeypot deployed: /wp-admin| extra=asctime='2026-06-22 14:11:40,311'
2026-06-22 14:11:40,311 - DEBUG - 🕸️  Honeypot deployed: /wp-login.php| extra=asctime='2026-06-22 14:11:40,311'
2026-06-22 14:11:40,319 - DEBUG - 🕸️  Honeypot deployed: /wp-admin/admin-ajax.php| extra=asctime='2026-06-22 14:11:40,319'
2026-06-22 14:11:40,321 - DEBUG - 🕸️  Honeypot deployed: /phpmyadmin| extra=asctime='2026-06-22 14:11:40,321'
2026-06-22 14:11:40,321 - DEBUG - 🕸️  Honeypot deployed: /pma| extra=asctime='2026-06-22 14:11:40,321'
2026-06-22 14:11:40,321 - DEBUG - 🕸️  Honeypot deployed: /phpMyAdmin| extra=asctime='2026-06-22 14:11:40,321'
2026-06-22 14:11:40,321 - DEBUG - 🕸️  Honeypot deployed: /mysql| extra=asctime='2026-06-22 14:11:40,321'
2026-06-22 14:11:40,321 - DEBUG - 🕸️  Honeypot deployed: /adminer| extra=asctime='2026-06-22 14:11:40,321'
2026-06-22 14:11:40,331 - DEBUG - 🕸️  Honeypot deployed: /adminer.php| extra=asctime='2026-06-22 14:11:40,331'
2026-06-22 14:11:40,331 - DEBUG - 🕸️  Honeypot deployed: /db| extra=asctime='2026-06-22 14:11:40,331'
2026-06-22 14:11:40,331 - DEBUG - 🕸️  Honeypot deployed: /database| extra=asctime='2026-06-22 14:11:40,331'
2026-06-22 14:11:40,331 - DEBUG - 🕸️  Honeypot deployed: /.env| extra=asctime='2026-06-22 14:11:40,331'
2026-06-22 14:11:40,339 - DEBUG - 🕸️  Honeypot deployed: /.env.local| extra=asctime='2026-06-22 14:11:40,339'
2026-06-22 14:11:40,341 - DEBUG - 🕸️  Honeypot deployed: /.env.production| extra=asctime='2026-06-22 14:11:40,341'
2026-06-22 14:11:40,341 - DEBUG - 🕸️  Honeypot deployed: /config.php| extra=asctime='2026-06-22 14:11:40,341'
2026-06-22 14:11:40,341 - DEBUG - 🕸️  Honeypot deployed: /configuration.php| extra=asctime='2026-06-22 14:11:40,341'
2026-06-22 14:11:40,341 - DEBUG - 🕸️  Honeypot deployed: /wp-config.php| extra=asctime='2026-06-22 14:11:40,341'
2026-06-22 14:11:40,341 - DEBUG - 🕸️  Honeypot deployed: /.git/config| extra=asctime='2026-06-22 14:11:40,341'
2026-06-22 14:11:40,341 - DEBUG - 🕸️  Honeypot deployed: /.git/HEAD| extra=asctime='2026-06-22 14:11:40,341'
2026-06-22 14:11:40,351 - DEBUG - 🕸️  Honeypot deployed: /.aws/credentials| extra=asctime='2026-06-22 14:11:40,351'
2026-06-22 14:11:40,351 - DEBUG - 🕸️  Honeypot deployed: /xmlrpc.php| extra=asctime='2026-06-22 14:11:40,351'
2026-06-22 14:11:40,351 - DEBUG - 🕸️  Honeypot deployed: /phpinfo.php| extra=asctime='2026-06-22 14:11:40,351'
2026-06-22 14:11:40,351 - DEBUG - 🕸️  Honeypot deployed: /info.php| extra=asctime='2026-06-22 14:11:40,351'
2026-06-22 14:11:40,351 - DEBUG - 🕸️  Honeypot deployed: /shell.php| extra=asctime='2026-06-22 14:11:40,351'
2026-06-22 14:11:40,359 - DEBUG - 🕸️  Honeypot deployed: /c99.php| extra=asctime='2026-06-22 14:11:40,359'
2026-06-22 14:11:40,359 - DEBUG - 🕸️  Honeypot deployed: /r57.php| extra=asctime='2026-06-22 14:11:40,359'
2026-06-22 14:11:40,361 - DEBUG - 🕸️  Honeypot deployed: /backup.sql| extra=asctime='2026-06-22 14:11:40,361'
2026-06-22 14:11:40,361 - DEBUG - 🕸️  Honeypot deployed: /backup.zip| extra=asctime='2026-06-22 14:11:40,361'
2026-06-22 14:11:40,361 - DEBUG - 🕸️  Honeypot deployed: /database.sql| extra=asctime='2026-06-22 14:11:40,361'
2026-06-22 14:11:40,420 - DEBUG - 🕸️  Honeypot deployed: /dump.sql| extra=asctime='2026-06-22 14:11:40,420'
2026-06-22 14:11:40,422 - DEBUG - 🕸️  Honeypot deployed: /old| extra=asctime='2026-06-22 14:11:40,422'
2026-06-22 14:11:40,422 - DEBUG - 🕸️  Honeypot deployed: /old.zip| extra=asctime='2026-06-22 14:11:40,422'
2026-06-22 14:11:59,447 - DEBUG - 🕸️  Honeypot deployed: /admin| extra=asctime='2026-06-22 14:11:59,447'
2026-06-22 14:11:59,447 - DEBUG - 🕸️  Honeypot deployed: /administrator| extra=asctime='2026-06-22 14:11:59,447'
2026-06-22 14:11:59,447 - DEBUG - 🕸️  Honeypot deployed: /admin.php| extra=asctime='2026-06-22 14:11:59,447'
2026-06-22 14:11:59,447 - DEBUG - 🕸️  Honeypot deployed: /admin/login| extra=asctime='2026-06-22 14:11:59,447'
2026-06-22 14:11:59,455 - DEBUG - 🕸️  Honeypot deployed: /wp-admin| extra=asctime='2026-06-22 14:11:59,455'
2026-06-22 14:11:59,457 - DEBUG - 🕸️  Honeypot deployed: /wp-login.php| extra=asctime='2026-06-22 14:11:59,457'
2026-06-22 14:11:59,457 - DEBUG - 🕸️  Honeypot deployed: /wp-admin/admin-ajax.php| extra=asctime='2026-06-22 14:11:59,457'
2026-06-22 14:11:59,457 - DEBUG - 🕸️  Honeypot deployed: /phpmyadmin| extra=asctime='2026-06-22 14:11:59,457'
2026-06-22 14:11:59,457 - DEBUG - 🕸️  Honeypot deployed: /pma| extra=asctime='2026-06-22 14:11:59,457'
2026-06-22 14:11:59,457 - DEBUG - 🕸️  Honeypot deployed: /phpMyAdmin| extra=asctime='2026-06-22 14:11:59,457'
2026-06-22 14:11:59,457 - DEBUG - 🕸️  Honeypot deployed: /mysql| extra=asctime='2026-06-22 14:11:59,457'
2026-06-22 14:11:59,465 - DEBUG - 🕸️  Honeypot deployed: /adminer| extra=asctime='2026-06-22 14:11:59,465'
2026-06-22 14:11:59,465 - DEBUG - 🕸️  Honeypot deployed: /adminer.php| extra=asctime='2026-06-22 14:11:59,465'
2026-06-22 14:11:59,467 - DEBUG - 🕸️  Honeypot deployed: /db| extra=asctime='2026-06-22 14:11:59,467'
2026-06-22 14:11:59,467 - DEBUG - 🕸️  Honeypot deployed: /database| extra=asctime='2026-06-22 14:11:59,467'
2026-06-22 14:11:59,467 - DEBUG - 🕸️  Honeypot deployed: /.env| extra=asctime='2026-06-22 14:11:59,467'
2026-06-22 14:11:59,467 - DEBUG - 🕸️  Honeypot deployed: /.env.local| extra=asctime='2026-06-22 14:11:59,467'
2026-06-22 14:11:59,467 - DEBUG - 🕸️  Honeypot deployed: /.env.production| extra=asctime='2026-06-22 14:11:59,467'
2026-06-22 14:11:59,475 - DEBUG - 🕸️  Honeypot deployed: /config.php| extra=asctime='2026-06-22 14:11:59,475'
2026-06-22 14:11:59,485 - DEBUG - 🕸️  Honeypot deployed: /configuration.php| extra=asctime='2026-06-22 14:11:59,485'
2026-06-22 14:11:59,485 - DEBUG - 🕸️  Honeypot deployed: /wp-config.php| extra=asctime='2026-06-22 14:11:59,485'
2026-06-22 14:11:59,487 - DEBUG - 🕸️  Honeypot deployed: /.git/config| extra=asctime='2026-06-22 14:11:59,487'
2026-06-22 14:11:59,487 - DEBUG - 🕸️  Honeypot deployed: /.git/HEAD| extra=asctime='2026-06-22 14:11:59,487'
2026-06-22 14:11:59,487 - DEBUG - 🕸️  Honeypot deployed: /.aws/credentials| extra=asctime='2026-06-22 14:11:59,487'
2026-06-22 14:11:59,487 - DEBUG - 🕸️  Honeypot deployed: /xmlrpc.php| extra=asctime='2026-06-22 14:11:59,487'
2026-06-22 14:11:59,487 - DEBUG - 🕸️  Honeypot deployed: /phpinfo.php| extra=asctime='2026-06-22 14:11:59,487'
2026-06-22 14:11:59,495 - DEBUG - 🕸️  Honeypot deployed: /info.php| extra=asctime='2026-06-22 14:11:59,495'
2026-06-22 14:11:59,497 - DEBUG - 🕸️  Honeypot deployed: /shell.php| extra=asctime='2026-06-22 14:11:59,497'
2026-06-22 14:11:59,497 - DEBUG - 🕸️  Honeypot deployed: /c99.php| extra=asctime='2026-06-22 14:11:59,497'
2026-06-22 14:11:59,497 - DEBUG - 🕸️  Honeypot deployed: /r57.php| extra=asctime='2026-06-22 14:11:59,497'
2026-06-22 14:11:59,497 - DEBUG - 🕸️  Honeypot deployed: /backup.sql| extra=asctime='2026-06-22 14:11:59,497'
2026-06-22 14:11:59,497 - DEBUG - 🕸️  Honeypot deployed: /backup.zip| extra=asctime='2026-06-22 14:11:59,497'
2026-06-22 14:11:59,497 - DEBUG - 🕸️  Honeypot deployed: /database.sql| extra=asctime='2026-06-22 14:11:59,497'
2026-06-22 14:11:59,505 - DEBUG - 🕸️  Honeypot deployed: /dump.sql| extra=asctime='2026-06-22 14:11:59,505'
2026-06-22 14:11:59,507 - DEBUG - 🕸️  Honeypot deployed: /old| extra=asctime='2026-06-22 14:11:59,507'
2026-06-22 14:11:59,507 - DEBUG - 🕸️  Honeypot deployed: /old.zip| extra=asctime='2026-06-22 14:11:59,507'
