2026-05-30 22:30:19,249 - DEBUG - 🕸️  Honeypot deployed: /admin| extra=taskName=None, asctime='2026-05-30 22:30:19,249'
2026-05-30 22:30:19,251 - DEBUG - 🕸️  Honeypot deployed: /administrator| extra=taskName=None, asctime='2026-05-30 22:30:19,251'
2026-05-30 22:30:19,253 - DEBUG - 🕸️  Honeypot deployed: /admin.php| extra=taskName=None, asctime='2026-05-30 22:30:19,253'
2026-05-30 22:30:19,254 - DEBUG - 🕸️  Honeypot deployed: /admin/login| extra=taskName=None, asctime='2026-05-30 22:30:19,254'
2026-05-30 22:30:19,256 - DEBUG - 🕸️  Honeypot deployed: /wp-admin| extra=taskName=None, asctime='2026-05-30 22:30:19,256'
2026-05-30 22:30:19,258 - DEBUG - 🕸️  Honeypot deployed: /wp-login.php| extra=taskName=None, asctime='2026-05-30 22:30:19,258'
2026-05-30 22:30:19,260 - DEBUG - 🕸️  Honeypot deployed: /wp-admin/admin-ajax.php| extra=taskName=None, asctime='2026-05-30 22:30:19,260'
2026-05-30 22:30:19,261 - DEBUG - 🕸️  Honeypot deployed: /phpmyadmin| extra=taskName=None, asctime='2026-05-30 22:30:19,261'
2026-05-30 22:30:19,263 - DEBUG - 🕸️  Honeypot deployed: /pma| extra=taskName=None, asctime='2026-05-30 22:30:19,263'
2026-05-30 22:30:19,264 - DEBUG - 🕸️  Honeypot deployed: /phpMyAdmin| extra=taskName=None, asctime='2026-05-30 22:30:19,264'
2026-05-30 22:30:19,266 - DEBUG - 🕸️  Honeypot deployed: /mysql| extra=taskName=None, asctime='2026-05-30 22:30:19,266'
2026-05-30 22:30:19,267 - DEBUG - 🕸️  Honeypot deployed: /adminer| extra=taskName=None, asctime='2026-05-30 22:30:19,267'
2026-05-30 22:30:19,268 - DEBUG - 🕸️  Honeypot deployed: /adminer.php| extra=taskName=None, asctime='2026-05-30 22:30:19,268'
2026-05-30 22:30:19,270 - DEBUG - 🕸️  Honeypot deployed: /db| extra=taskName=None, asctime='2026-05-30 22:30:19,270'
2026-05-30 22:30:19,272 - DEBUG - 🕸️  Honeypot deployed: /database| extra=taskName=None, asctime='2026-05-30 22:30:19,272'
2026-05-30 22:30:19,274 - DEBUG - 🕸️  Honeypot deployed: /.env| extra=taskName=None, asctime='2026-05-30 22:30:19,274'
2026-05-30 22:30:19,276 - DEBUG - 🕸️  Honeypot deployed: /.env.local| extra=taskName=None, asctime='2026-05-30 22:30:19,276'
2026-05-30 22:30:19,278 - DEBUG - 🕸️  Honeypot deployed: /.env.production| extra=taskName=None, asctime='2026-05-30 22:30:19,278'
2026-05-30 22:30:19,280 - DEBUG - 🕸️  Honeypot deployed: /config.php| extra=taskName=None, asctime='2026-05-30 22:30:19,280'
2026-05-30 22:30:19,282 - DEBUG - 🕸️  Honeypot deployed: /configuration.php| extra=taskName=None, asctime='2026-05-30 22:30:19,282'
2026-05-30 22:30:19,284 - DEBUG - 🕸️  Honeypot deployed: /wp-config.php| extra=taskName=None, asctime='2026-05-30 22:30:19,284'
2026-05-30 22:30:19,287 - DEBUG - 🕸️  Honeypot deployed: /.git/config| extra=taskName=None, asctime='2026-05-30 22:30:19,287'
2026-05-30 22:30:19,289 - DEBUG - 🕸️  Honeypot deployed: /.git/HEAD| extra=taskName=None, asctime='2026-05-30 22:30:19,289'
2026-05-30 22:30:19,291 - DEBUG - 🕸️  Honeypot deployed: /.aws/credentials| extra=taskName=None, asctime='2026-05-30 22:30:19,291'
2026-05-30 22:30:19,293 - DEBUG - 🕸️  Honeypot deployed: /xmlrpc.php| extra=taskName=None, asctime='2026-05-30 22:30:19,293'
2026-05-30 22:30:19,295 - DEBUG - 🕸️  Honeypot deployed: /phpinfo.php| extra=taskName=None, asctime='2026-05-30 22:30:19,295'
2026-05-30 22:30:19,298 - DEBUG - 🕸️  Honeypot deployed: /info.php| extra=taskName=None, asctime='2026-05-30 22:30:19,298'
2026-05-30 22:30:19,300 - DEBUG - 🕸️  Honeypot deployed: /shell.php| extra=taskName=None, asctime='2026-05-30 22:30:19,300'
2026-05-30 22:30:19,308 - DEBUG - 🕸️  Honeypot deployed: /c99.php| extra=taskName=None, asctime='2026-05-30 22:30:19,308'
2026-05-30 22:30:19,310 - DEBUG - 🕸️  Honeypot deployed: /r57.php| extra=taskName=None, asctime='2026-05-30 22:30:19,310'
2026-05-30 22:30:19,313 - DEBUG - 🕸️  Honeypot deployed: /backup.sql| extra=taskName=None, asctime='2026-05-30 22:30:19,313'
2026-05-30 22:30:19,315 - DEBUG - 🕸️  Honeypot deployed: /backup.zip| extra=taskName=None, asctime='2026-05-30 22:30:19,315'
2026-05-30 22:30:19,318 - DEBUG - 🕸️  Honeypot deployed: /database.sql| extra=taskName=None, asctime='2026-05-30 22:30:19,318'
2026-05-30 22:30:19,320 - DEBUG - 🕸️  Honeypot deployed: /dump.sql| extra=taskName=None, asctime='2026-05-30 22:30:19,320'
2026-05-30 22:30:19,323 - DEBUG - 🕸️  Honeypot deployed: /old| extra=taskName=None, asctime='2026-05-30 22:30:19,323'
2026-05-30 22:30:19,325 - DEBUG - 🕸️  Honeypot deployed: /old.zip| extra=taskName=None, asctime='2026-05-30 22:30:19,325'
2026-05-30 22:30:29,460 - DEBUG - 🕸️  Honeypot deployed: /admin| extra=taskName=None, asctime='2026-05-30 22:30:29,460'
2026-05-30 22:30:29,463 - DEBUG - 🕸️  Honeypot deployed: /administrator| extra=taskName=None, asctime='2026-05-30 22:30:29,463'
2026-05-30 22:30:29,465 - DEBUG - 🕸️  Honeypot deployed: /admin.php| extra=taskName=None, asctime='2026-05-30 22:30:29,465'
2026-05-30 22:30:29,467 - DEBUG - 🕸️  Honeypot deployed: /admin/login| extra=taskName=None, asctime='2026-05-30 22:30:29,467'
2026-05-30 22:30:29,469 - DEBUG - 🕸️  Honeypot deployed: /wp-admin| extra=taskName=None, asctime='2026-05-30 22:30:29,469'
2026-05-30 22:30:29,472 - DEBUG - 🕸️  Honeypot deployed: /wp-login.php| extra=taskName=None, asctime='2026-05-30 22:30:29,472'
2026-05-30 22:30:29,474 - DEBUG - 🕸️  Honeypot deployed: /wp-admin/admin-ajax.php| extra=taskName=None, asctime='2026-05-30 22:30:29,474'
2026-05-30 22:30:29,476 - DEBUG - 🕸️  Honeypot deployed: /phpmyadmin| extra=taskName=None, asctime='2026-05-30 22:30:29,476'
2026-05-30 22:30:29,478 - DEBUG - 🕸️  Honeypot deployed: /pma| extra=taskName=None, asctime='2026-05-30 22:30:29,478'
2026-05-30 22:30:29,480 - DEBUG - 🕸️  Honeypot deployed: /phpMyAdmin| extra=taskName=None, asctime='2026-05-30 22:30:29,480'
2026-05-30 22:30:29,483 - DEBUG - 🕸️  Honeypot deployed: /mysql| extra=taskName=None, asctime='2026-05-30 22:30:29,483'
2026-05-30 22:30:29,485 - DEBUG - 🕸️  Honeypot deployed: /adminer| extra=taskName=None, asctime='2026-05-30 22:30:29,485'
2026-05-30 22:30:29,487 - DEBUG - 🕸️  Honeypot deployed: /adminer.php| extra=taskName=None, asctime='2026-05-30 22:30:29,487'
2026-05-30 22:30:29,489 - DEBUG - 🕸️  Honeypot deployed: /db| extra=taskName=None, asctime='2026-05-30 22:30:29,489'
2026-05-30 22:30:29,492 - DEBUG - 🕸️  Honeypot deployed: /database| extra=taskName=None, asctime='2026-05-30 22:30:29,492'
2026-05-30 22:30:29,494 - DEBUG - 🕸️  Honeypot deployed: /.env| extra=taskName=None, asctime='2026-05-30 22:30:29,494'
2026-05-30 22:30:29,496 - DEBUG - 🕸️  Honeypot deployed: /.env.local| extra=taskName=None, asctime='2026-05-30 22:30:29,496'
2026-05-30 22:30:29,498 - DEBUG - 🕸️  Honeypot deployed: /.env.production| extra=taskName=None, asctime='2026-05-30 22:30:29,498'
2026-05-30 22:30:29,500 - DEBUG - 🕸️  Honeypot deployed: /config.php| extra=taskName=None, asctime='2026-05-30 22:30:29,500'
2026-05-30 22:30:29,506 - DEBUG - 🕸️  Honeypot deployed: /configuration.php| extra=taskName=None, asctime='2026-05-30 22:30:29,506'
2026-05-30 22:30:29,508 - DEBUG - 🕸️  Honeypot deployed: /wp-config.php| extra=taskName=None, asctime='2026-05-30 22:30:29,508'
2026-05-30 22:30:29,510 - DEBUG - 🕸️  Honeypot deployed: /.git/config| extra=taskName=None, asctime='2026-05-30 22:30:29,510'
2026-05-30 22:30:29,512 - DEBUG - 🕸️  Honeypot deployed: /.git/HEAD| extra=taskName=None, asctime='2026-05-30 22:30:29,512'
2026-05-30 22:30:29,514 - DEBUG - 🕸️  Honeypot deployed: /.aws/credentials| extra=taskName=None, asctime='2026-05-30 22:30:29,514'
2026-05-30 22:30:29,515 - DEBUG - 🕸️  Honeypot deployed: /xmlrpc.php| extra=taskName=None, asctime='2026-05-30 22:30:29,515'
2026-05-30 22:30:29,518 - DEBUG - 🕸️  Honeypot deployed: /phpinfo.php| extra=taskName=None, asctime='2026-05-30 22:30:29,518'
2026-05-30 22:30:29,521 - DEBUG - 🕸️  Honeypot deployed: /info.php| extra=taskName=None, asctime='2026-05-30 22:30:29,521'
2026-05-30 22:30:29,523 - DEBUG - 🕸️  Honeypot deployed: /shell.php| extra=taskName=None, asctime='2026-05-30 22:30:29,523'
2026-05-30 22:30:29,525 - DEBUG - 🕸️  Honeypot deployed: /c99.php| extra=taskName=None, asctime='2026-05-30 22:30:29,525'
2026-05-30 22:30:29,529 - DEBUG - 🕸️  Honeypot deployed: /r57.php| extra=taskName=None, asctime='2026-05-30 22:30:29,529'
2026-05-30 22:30:29,531 - DEBUG - 🕸️  Honeypot deployed: /backup.sql| extra=taskName=None, asctime='2026-05-30 22:30:29,531'
2026-05-30 22:30:29,533 - DEBUG - 🕸️  Honeypot deployed: /backup.zip| extra=taskName=None, asctime='2026-05-30 22:30:29,533'
2026-05-30 22:30:29,535 - DEBUG - 🕸️  Honeypot deployed: /database.sql| extra=taskName=None, asctime='2026-05-30 22:30:29,535'
2026-05-30 22:30:29,537 - DEBUG - 🕸️  Honeypot deployed: /dump.sql| extra=taskName=None, asctime='2026-05-30 22:30:29,537'
2026-05-30 22:30:29,540 - DEBUG - 🕸️  Honeypot deployed: /old| extra=taskName=None, asctime='2026-05-30 22:30:29,540'
2026-05-30 22:30:29,542 - DEBUG - 🕸️  Honeypot deployed: /old.zip| extra=taskName=None, asctime='2026-05-30 22:30:29,542'
2026-05-30 22:31:12,032 - DEBUG - 🕸️  Honeypot deployed: /admin| extra=taskName=None, asctime='2026-05-30 22:31:12,032'
2026-05-30 22:31:12,161 - DEBUG - 🕸️  Honeypot deployed: /administrator| extra=taskName=None, asctime='2026-05-30 22:31:12,161'
2026-05-30 22:31:12,163 - DEBUG - 🕸️  Honeypot deployed: /admin.php| extra=taskName=None, asctime='2026-05-30 22:31:12,163'
2026-05-30 22:31:12,165 - DEBUG - 🕸️  Honeypot deployed: /admin/login| extra=taskName=None, asctime='2026-05-30 22:31:12,165'
2026-05-30 22:31:12,167 - DEBUG - 🕸️  Honeypot deployed: /wp-admin| extra=taskName=None, asctime='2026-05-30 22:31:12,167'
2026-05-30 22:31:12,169 - DEBUG - 🕸️  Honeypot deployed: /wp-login.php| extra=taskName=None, asctime='2026-05-30 22:31:12,169'
2026-05-30 22:31:12,171 - DEBUG - 🕸️  Honeypot deployed: /wp-admin/admin-ajax.php| extra=taskName=None, asctime='2026-05-30 22:31:12,171'
2026-05-30 22:31:12,173 - DEBUG - 🕸️  Honeypot deployed: /phpmyadmin| extra=taskName=None, asctime='2026-05-30 22:31:12,173'
2026-05-30 22:31:12,175 - DEBUG - 🕸️  Honeypot deployed: /pma| extra=taskName=None, asctime='2026-05-30 22:31:12,175'
2026-05-30 22:31:12,177 - DEBUG - 🕸️  Honeypot deployed: /phpMyAdmin| extra=taskName=None, asctime='2026-05-30 22:31:12,177'
2026-05-30 22:31:12,179 - DEBUG - 🕸️  Honeypot deployed: /mysql| extra=taskName=None, asctime='2026-05-30 22:31:12,179'
2026-05-30 22:31:12,181 - DEBUG - 🕸️  Honeypot deployed: /adminer| extra=taskName=None, asctime='2026-05-30 22:31:12,181'
2026-05-30 22:31:12,183 - DEBUG - 🕸️  Honeypot deployed: /adminer.php| extra=taskName=None, asctime='2026-05-30 22:31:12,183'
2026-05-30 22:31:12,184 - DEBUG - 🕸️  Honeypot deployed: /db| extra=taskName=None, asctime='2026-05-30 22:31:12,184'
2026-05-30 22:31:12,186 - DEBUG - 🕸️  Honeypot deployed: /database| extra=taskName=None, asctime='2026-05-30 22:31:12,186'
2026-05-30 22:31:12,188 - DEBUG - 🕸️  Honeypot deployed: /.env| extra=taskName=None, asctime='2026-05-30 22:31:12,188'
2026-05-30 22:31:12,190 - DEBUG - 🕸️  Honeypot deployed: /.env.local| extra=taskName=None, asctime='2026-05-30 22:31:12,190'
2026-05-30 22:31:12,192 - DEBUG - 🕸️  Honeypot deployed: /.env.production| extra=taskName=None, asctime='2026-05-30 22:31:12,192'
2026-05-30 22:31:12,194 - DEBUG - 🕸️  Honeypot deployed: /config.php| extra=taskName=None, asctime='2026-05-30 22:31:12,194'
2026-05-30 22:31:12,196 - DEBUG - 🕸️  Honeypot deployed: /configuration.php| extra=taskName=None, asctime='2026-05-30 22:31:12,196'
2026-05-30 22:31:12,198 - DEBUG - 🕸️  Honeypot deployed: /wp-config.php| extra=taskName=None, asctime='2026-05-30 22:31:12,198'
2026-05-30 22:31:12,200 - DEBUG - 🕸️  Honeypot deployed: /.git/config| extra=taskName=None, asctime='2026-05-30 22:31:12,200'
2026-05-30 22:31:12,203 - DEBUG - 🕸️  Honeypot deployed: /.git/HEAD| extra=taskName=None, asctime='2026-05-30 22:31:12,203'
2026-05-30 22:31:12,205 - DEBUG - 🕸️  Honeypot deployed: /.aws/credentials| extra=taskName=None, asctime='2026-05-30 22:31:12,205'
2026-05-30 22:31:12,272 - DEBUG - 🕸️  Honeypot deployed: /xmlrpc.php| extra=taskName=None, asctime='2026-05-30 22:31:12,272'
2026-05-30 22:31:12,281 - DEBUG - 🕸️  Honeypot deployed: /phpinfo.php| extra=taskName=None, asctime='2026-05-30 22:31:12,281'
2026-05-30 22:31:12,284 - DEBUG - 🕸️  Honeypot deployed: /info.php| extra=taskName=None, asctime='2026-05-30 22:31:12,284'
2026-05-30 22:31:12,286 - DEBUG - 🕸️  Honeypot deployed: /shell.php| extra=taskName=None, asctime='2026-05-30 22:31:12,286'
2026-05-30 22:31:12,288 - DEBUG - 🕸️  Honeypot deployed: /c99.php| extra=taskName=None, asctime='2026-05-30 22:31:12,288'
2026-05-30 22:31:12,290 - DEBUG - 🕸️  Honeypot deployed: /r57.php| extra=taskName=None, asctime='2026-05-30 22:31:12,290'
2026-05-30 22:31:12,291 - DEBUG - 🕸️  Honeypot deployed: /backup.sql| extra=taskName=None, asctime='2026-05-30 22:31:12,291'
2026-05-30 22:31:12,293 - DEBUG - 🕸️  Honeypot deployed: /backup.zip| extra=taskName=None, asctime='2026-05-30 22:31:12,293'
2026-05-30 22:31:12,295 - DEBUG - 🕸️  Honeypot deployed: /database.sql| extra=taskName=None, asctime='2026-05-30 22:31:12,295'
2026-05-30 22:31:12,297 - DEBUG - 🕸️  Honeypot deployed: /dump.sql| extra=taskName=None, asctime='2026-05-30 22:31:12,297'
2026-05-30 22:31:12,299 - DEBUG - 🕸️  Honeypot deployed: /old| extra=taskName=None, asctime='2026-05-30 22:31:12,299'
2026-05-30 22:31:12,300 - DEBUG - 🕸️  Honeypot deployed: /old.zip| extra=taskName=None, asctime='2026-05-30 22:31:12,300'
2026-05-30 22:31:36,973 - DEBUG - 🕸️  Honeypot deployed: /admin| extra=taskName=None, asctime='2026-05-30 22:31:36,973'
2026-05-30 22:31:36,975 - DEBUG - 🕸️  Honeypot deployed: /administrator| extra=taskName=None, asctime='2026-05-30 22:31:36,975'
2026-05-30 22:31:36,977 - DEBUG - 🕸️  Honeypot deployed: /admin.php| extra=taskName=None, asctime='2026-05-30 22:31:36,977'
2026-05-30 22:31:36,979 - DEBUG - 🕸️  Honeypot deployed: /admin/login| extra=taskName=None, asctime='2026-05-30 22:31:36,979'
2026-05-30 22:31:36,981 - DEBUG - 🕸️  Honeypot deployed: /wp-admin| extra=taskName=None, asctime='2026-05-30 22:31:36,981'
2026-05-30 22:31:36,983 - DEBUG - 🕸️  Honeypot deployed: /wp-login.php| extra=taskName=None, asctime='2026-05-30 22:31:36,983'
2026-05-30 22:31:36,985 - DEBUG - 🕸️  Honeypot deployed: /wp-admin/admin-ajax.php| extra=taskName=None, asctime='2026-05-30 22:31:36,985'
2026-05-30 22:31:36,987 - DEBUG - 🕸️  Honeypot deployed: /phpmyadmin| extra=taskName=None, asctime='2026-05-30 22:31:36,987'
2026-05-30 22:31:36,989 - DEBUG - 🕸️  Honeypot deployed: /pma| extra=taskName=None, asctime='2026-05-30 22:31:36,989'
2026-05-30 22:31:36,992 - DEBUG - 🕸️  Honeypot deployed: /phpMyAdmin| extra=taskName=None, asctime='2026-05-30 22:31:36,992'
2026-05-30 22:31:36,994 - DEBUG - 🕸️  Honeypot deployed: /mysql| extra=taskName=None, asctime='2026-05-30 22:31:36,994'
2026-05-30 22:31:36,997 - DEBUG - 🕸️  Honeypot deployed: /adminer| extra=taskName=None, asctime='2026-05-30 22:31:36,997'
2026-05-30 22:31:37,000 - DEBUG - 🕸️  Honeypot deployed: /adminer.php| extra=taskName=None, asctime='2026-05-30 22:31:37,000'
2026-05-30 22:31:37,003 - DEBUG - 🕸️  Honeypot deployed: /db| extra=taskName=None, asctime='2026-05-30 22:31:37,003'
2026-05-30 22:31:37,005 - DEBUG - 🕸️  Honeypot deployed: /database| extra=taskName=None, asctime='2026-05-30 22:31:37,005'
2026-05-30 22:31:37,009 - DEBUG - 🕸️  Honeypot deployed: /.env| extra=taskName=None, asctime='2026-05-30 22:31:37,009'
2026-05-30 22:31:37,011 - DEBUG - 🕸️  Honeypot deployed: /.env.local| extra=taskName=None, asctime='2026-05-30 22:31:37,011'
2026-05-30 22:31:37,014 - DEBUG - 🕸️  Honeypot deployed: /.env.production| extra=taskName=None, asctime='2026-05-30 22:31:37,014'
2026-05-30 22:31:37,017 - DEBUG - 🕸️  Honeypot deployed: /config.php| extra=taskName=None, asctime='2026-05-30 22:31:37,017'
2026-05-30 22:31:37,019 - DEBUG - 🕸️  Honeypot deployed: /configuration.php| extra=taskName=None, asctime='2026-05-30 22:31:37,019'
2026-05-30 22:31:37,021 - DEBUG - 🕸️  Honeypot deployed: /wp-config.php| extra=taskName=None, asctime='2026-05-30 22:31:37,021'
2026-05-30 22:31:37,023 - DEBUG - 🕸️  Honeypot deployed: /.git/config| extra=taskName=None, asctime='2026-05-30 22:31:37,023'
2026-05-30 22:31:37,025 - DEBUG - 🕸️  Honeypot deployed: /.git/HEAD| extra=taskName=None, asctime='2026-05-30 22:31:37,025'
2026-05-30 22:31:37,028 - DEBUG - 🕸️  Honeypot deployed: /.aws/credentials| extra=taskName=None, asctime='2026-05-30 22:31:37,028'
2026-05-30 22:31:37,030 - DEBUG - 🕸️  Honeypot deployed: /xmlrpc.php| extra=taskName=None, asctime='2026-05-30 22:31:37,030'
2026-05-30 22:31:37,033 - DEBUG - 🕸️  Honeypot deployed: /phpinfo.php| extra=taskName=None, asctime='2026-05-30 22:31:37,033'
2026-05-30 22:31:37,036 - DEBUG - 🕸️  Honeypot deployed: /info.php| extra=taskName=None, asctime='2026-05-30 22:31:37,036'
2026-05-30 22:31:37,038 - DEBUG - 🕸️  Honeypot deployed: /shell.php| extra=taskName=None, asctime='2026-05-30 22:31:37,038'
2026-05-30 22:31:37,040 - DEBUG - 🕸️  Honeypot deployed: /c99.php| extra=taskName=None, asctime='2026-05-30 22:31:37,040'
2026-05-30 22:31:37,043 - DEBUG - 🕸️  Honeypot deployed: /r57.php| extra=taskName=None, asctime='2026-05-30 22:31:37,043'
2026-05-30 22:31:37,045 - DEBUG - 🕸️  Honeypot deployed: /backup.sql| extra=taskName=None, asctime='2026-05-30 22:31:37,045'
2026-05-30 22:31:37,046 - DEBUG - 🕸️  Honeypot deployed: /backup.zip| extra=taskName=None, asctime='2026-05-30 22:31:37,046'
2026-05-30 22:31:37,048 - DEBUG - 🕸️  Honeypot deployed: /database.sql| extra=taskName=None, asctime='2026-05-30 22:31:37,048'
2026-05-30 22:31:37,049 - DEBUG - 🕸️  Honeypot deployed: /dump.sql| extra=taskName=None, asctime='2026-05-30 22:31:37,049'
2026-05-30 22:31:37,052 - DEBUG - 🕸️  Honeypot deployed: /old| extra=taskName=None, asctime='2026-05-30 22:31:37,052'
2026-05-30 22:31:37,053 - DEBUG - 🕸️  Honeypot deployed: /old.zip| extra=taskName=None, asctime='2026-05-30 22:31:37,053'
2026-05-30 22:41:15,962 - DEBUG - 🕸️  Honeypot deployed: /admin| extra=taskName=None, asctime='2026-05-30 22:41:15,962'
2026-05-30 22:41:15,965 - DEBUG - 🕸️  Honeypot deployed: /administrator| extra=taskName=None, asctime='2026-05-30 22:41:15,965'
2026-05-30 22:41:15,967 - DEBUG - 🕸️  Honeypot deployed: /admin.php| extra=taskName=None, asctime='2026-05-30 22:41:15,967'
2026-05-30 22:41:15,970 - DEBUG - 🕸️  Honeypot deployed: /admin/login| extra=taskName=None, asctime='2026-05-30 22:41:15,970'
2026-05-30 22:41:15,972 - DEBUG - 🕸️  Honeypot deployed: /wp-admin| extra=taskName=None, asctime='2026-05-30 22:41:15,972'
2026-05-30 22:41:15,974 - DEBUG - 🕸️  Honeypot deployed: /wp-login.php| extra=taskName=None, asctime='2026-05-30 22:41:15,974'
2026-05-30 22:41:15,976 - DEBUG - 🕸️  Honeypot deployed: /wp-admin/admin-ajax.php| extra=taskName=None, asctime='2026-05-30 22:41:15,976'
2026-05-30 22:41:15,978 - DEBUG - 🕸️  Honeypot deployed: /phpmyadmin| extra=taskName=None, asctime='2026-05-30 22:41:15,978'
2026-05-30 22:41:15,980 - DEBUG - 🕸️  Honeypot deployed: /pma| extra=taskName=None, asctime='2026-05-30 22:41:15,980'
2026-05-30 22:41:15,982 - DEBUG - 🕸️  Honeypot deployed: /phpMyAdmin| extra=taskName=None, asctime='2026-05-30 22:41:15,982'
2026-05-30 22:41:15,984 - DEBUG - 🕸️  Honeypot deployed: /mysql| extra=taskName=None, asctime='2026-05-30 22:41:15,984'
2026-05-30 22:41:15,986 - DEBUG - 🕸️  Honeypot deployed: /adminer| extra=taskName=None, asctime='2026-05-30 22:41:15,986'
2026-05-30 22:41:15,988 - DEBUG - 🕸️  Honeypot deployed: /adminer.php| extra=taskName=None, asctime='2026-05-30 22:41:15,988'
2026-05-30 22:41:15,990 - DEBUG - 🕸️  Honeypot deployed: /db| extra=taskName=None, asctime='2026-05-30 22:41:15,990'
2026-05-30 22:41:15,992 - DEBUG - 🕸️  Honeypot deployed: /database| extra=taskName=None, asctime='2026-05-30 22:41:15,992'
2026-05-30 22:41:15,994 - DEBUG - 🕸️  Honeypot deployed: /.env| extra=taskName=None, asctime='2026-05-30 22:41:15,994'
2026-05-30 22:41:15,996 - DEBUG - 🕸️  Honeypot deployed: /.env.local| extra=taskName=None, asctime='2026-05-30 22:41:15,996'
2026-05-30 22:41:15,998 - DEBUG - 🕸️  Honeypot deployed: /.env.production| extra=taskName=None, asctime='2026-05-30 22:41:15,998'
2026-05-30 22:41:16,000 - DEBUG - 🕸️  Honeypot deployed: /config.php| extra=taskName=None, asctime='2026-05-30 22:41:16,000'
2026-05-30 22:41:16,005 - DEBUG - 🕸️  Honeypot deployed: /configuration.php| extra=taskName=None, asctime='2026-05-30 22:41:16,005'
2026-05-30 22:41:16,007 - DEBUG - 🕸️  Honeypot deployed: /wp-config.php| extra=taskName=None, asctime='2026-05-30 22:41:16,007'
2026-05-30 22:41:16,009 - DEBUG - 🕸️  Honeypot deployed: /.git/config| extra=taskName=None, asctime='2026-05-30 22:41:16,009'
2026-05-30 22:41:16,011 - DEBUG - 🕸️  Honeypot deployed: /.git/HEAD| extra=taskName=None, asctime='2026-05-30 22:41:16,011'
2026-05-30 22:41:16,013 - DEBUG - 🕸️  Honeypot deployed: /.aws/credentials| extra=taskName=None, asctime='2026-05-30 22:41:16,013'
2026-05-30 22:41:16,014 - DEBUG - 🕸️  Honeypot deployed: /xmlrpc.php| extra=taskName=None, asctime='2026-05-30 22:41:16,014'
2026-05-30 22:41:16,016 - DEBUG - 🕸️  Honeypot deployed: /phpinfo.php| extra=taskName=None, asctime='2026-05-30 22:41:16,016'
2026-05-30 22:41:16,018 - DEBUG - 🕸️  Honeypot deployed: /info.php| extra=taskName=None, asctime='2026-05-30 22:41:16,018'
2026-05-30 22:41:16,020 - DEBUG - 🕸️  Honeypot deployed: /shell.php| extra=taskName=None, asctime='2026-05-30 22:41:16,020'
2026-05-30 22:41:16,022 - DEBUG - 🕸️  Honeypot deployed: /c99.php| extra=taskName=None, asctime='2026-05-30 22:41:16,022'
2026-05-30 22:41:16,024 - DEBUG - 🕸️  Honeypot deployed: /r57.php| extra=taskName=None, asctime='2026-05-30 22:41:16,024'
2026-05-30 22:41:16,026 - DEBUG - 🕸️  Honeypot deployed: /backup.sql| extra=taskName=None, asctime='2026-05-30 22:41:16,026'
2026-05-30 22:41:16,029 - DEBUG - 🕸️  Honeypot deployed: /backup.zip| extra=taskName=None, asctime='2026-05-30 22:41:16,029'
2026-05-30 22:41:16,031 - DEBUG - 🕸️  Honeypot deployed: /database.sql| extra=taskName=None, asctime='2026-05-30 22:41:16,031'
2026-05-30 22:41:16,033 - DEBUG - 🕸️  Honeypot deployed: /dump.sql| extra=taskName=None, asctime='2026-05-30 22:41:16,033'
2026-05-30 22:41:16,035 - DEBUG - 🕸️  Honeypot deployed: /old| extra=taskName=None, asctime='2026-05-30 22:41:16,035'
2026-05-30 22:41:16,037 - DEBUG - 🕸️  Honeypot deployed: /old.zip| extra=taskName=None, asctime='2026-05-30 22:41:16,037'
2026-05-30 22:52:29,344 - DEBUG - 🕸️  Honeypot deployed: /admin| extra=asctime='2026-05-30 22:52:29,344'
2026-05-30 22:52:29,344 - DEBUG - 🕸️  Honeypot deployed: /administrator| extra=asctime='2026-05-30 22:52:29,344'
2026-05-30 22:52:29,344 - DEBUG - 🕸️  Honeypot deployed: /admin.php| extra=asctime='2026-05-30 22:52:29,344'
2026-05-30 22:52:29,344 - DEBUG - 🕸️  Honeypot deployed: /admin/login| extra=asctime='2026-05-30 22:52:29,344'
2026-05-30 22:52:29,344 - DEBUG - 🕸️  Honeypot deployed: /wp-admin| extra=asctime='2026-05-30 22:52:29,344'
2026-05-30 22:52:29,344 - DEBUG - 🕸️  Honeypot deployed: /wp-login.php| extra=asctime='2026-05-30 22:52:29,344'
2026-05-30 22:52:29,344 - DEBUG - 🕸️  Honeypot deployed: /wp-admin/admin-ajax.php| extra=asctime='2026-05-30 22:52:29,344'
2026-05-30 22:52:29,344 - DEBUG - 🕸️  Honeypot deployed: /phpmyadmin| extra=asctime='2026-05-30 22:52:29,344'
2026-05-30 22:52:29,344 - DEBUG - 🕸️  Honeypot deployed: /pma| extra=asctime='2026-05-30 22:52:29,344'
2026-05-30 22:52:29,344 - DEBUG - 🕸️  Honeypot deployed: /phpMyAdmin| extra=asctime='2026-05-30 22:52:29,344'
2026-05-30 22:52:29,359 - DEBUG - 🕸️  Honeypot deployed: /mysql| extra=asctime='2026-05-30 22:52:29,359'
2026-05-30 22:52:29,359 - DEBUG - 🕸️  Honeypot deployed: /adminer| extra=asctime='2026-05-30 22:52:29,359'
2026-05-30 22:52:29,359 - DEBUG - 🕸️  Honeypot deployed: /adminer.php| extra=asctime='2026-05-30 22:52:29,359'
2026-05-30 22:52:29,359 - DEBUG - 🕸️  Honeypot deployed: /db| extra=asctime='2026-05-30 22:52:29,359'
2026-05-30 22:52:29,359 - DEBUG - 🕸️  Honeypot deployed: /database| extra=asctime='2026-05-30 22:52:29,359'
2026-05-30 22:52:29,359 - DEBUG - 🕸️  Honeypot deployed: /.env| extra=asctime='2026-05-30 22:52:29,359'
2026-05-30 22:52:29,359 - DEBUG - 🕸️  Honeypot deployed: /.env.local| extra=asctime='2026-05-30 22:52:29,359'
2026-05-30 22:52:29,359 - DEBUG - 🕸️  Honeypot deployed: /.env.production| extra=asctime='2026-05-30 22:52:29,359'
2026-05-30 22:52:29,359 - DEBUG - 🕸️  Honeypot deployed: /config.php| extra=asctime='2026-05-30 22:52:29,359'
2026-05-30 22:52:29,359 - DEBUG - 🕸️  Honeypot deployed: /configuration.php| extra=asctime='2026-05-30 22:52:29,359'
2026-05-30 22:52:29,359 - DEBUG - 🕸️  Honeypot deployed: /wp-config.php| extra=asctime='2026-05-30 22:52:29,359'
2026-05-30 22:52:29,359 - DEBUG - 🕸️  Honeypot deployed: /.git/config| extra=asctime='2026-05-30 22:52:29,359'
2026-05-30 22:52:29,359 - DEBUG - 🕸️  Honeypot deployed: /.git/HEAD| extra=asctime='2026-05-30 22:52:29,359'
2026-05-30 22:52:29,359 - DEBUG - 🕸️  Honeypot deployed: /.aws/credentials| extra=asctime='2026-05-30 22:52:29,359'
2026-05-30 22:52:29,359 - DEBUG - 🕸️  Honeypot deployed: /xmlrpc.php| extra=asctime='2026-05-30 22:52:29,359'
2026-05-30 22:52:29,375 - DEBUG - 🕸️  Honeypot deployed: /phpinfo.php| extra=asctime='2026-05-30 22:52:29,375'
2026-05-30 22:52:29,375 - DEBUG - 🕸️  Honeypot deployed: /info.php| extra=asctime='2026-05-30 22:52:29,375'
2026-05-30 22:52:29,375 - DEBUG - 🕸️  Honeypot deployed: /shell.php| extra=asctime='2026-05-30 22:52:29,375'
2026-05-30 22:52:29,375 - DEBUG - 🕸️  Honeypot deployed: /c99.php| extra=asctime='2026-05-30 22:52:29,375'
2026-05-30 22:52:29,375 - DEBUG - 🕸️  Honeypot deployed: /r57.php| extra=asctime='2026-05-30 22:52:29,375'
2026-05-30 22:52:29,375 - DEBUG - 🕸️  Honeypot deployed: /backup.sql| extra=asctime='2026-05-30 22:52:29,375'
2026-05-30 22:52:29,375 - DEBUG - 🕸️  Honeypot deployed: /backup.zip| extra=asctime='2026-05-30 22:52:29,375'
2026-05-30 22:52:29,375 - DEBUG - 🕸️  Honeypot deployed: /database.sql| extra=asctime='2026-05-30 22:52:29,375'
2026-05-30 22:52:29,375 - DEBUG - 🕸️  Honeypot deployed: /dump.sql| extra=asctime='2026-05-30 22:52:29,375'
2026-05-30 22:52:29,375 - DEBUG - 🕸️  Honeypot deployed: /old| extra=asctime='2026-05-30 22:52:29,375'
2026-05-30 22:52:29,375 - DEBUG - 🕸️  Honeypot deployed: /old.zip| extra=asctime='2026-05-30 22:52:29,375'
