2026-05-14 15:49:17,954 - DEBUG - 🕸️  Honeypot deployed: /admin| extra=asctime='2026-05-14 15:49:17,954'
2026-05-14 15:49:17,954 - DEBUG - 🕸️  Honeypot deployed: /administrator| extra=asctime='2026-05-14 15:49:17,954'
2026-05-14 15:49:17,954 - DEBUG - 🕸️  Honeypot deployed: /admin.php| extra=asctime='2026-05-14 15:49:17,954'
2026-05-14 15:49:17,962 - DEBUG - 🕸️  Honeypot deployed: /admin/login| extra=asctime='2026-05-14 15:49:17,962'
2026-05-14 15:49:17,964 - DEBUG - 🕸️  Honeypot deployed: /wp-admin| extra=asctime='2026-05-14 15:49:17,964'
2026-05-14 15:49:17,964 - DEBUG - 🕸️  Honeypot deployed: /wp-login.php| extra=asctime='2026-05-14 15:49:17,964'
2026-05-14 15:49:17,964 - DEBUG - 🕸️  Honeypot deployed: /wp-admin/admin-ajax.php| extra=asctime='2026-05-14 15:49:17,964'
2026-05-14 15:49:17,964 - DEBUG - 🕸️  Honeypot deployed: /phpmyadmin| extra=asctime='2026-05-14 15:49:17,964'
2026-05-14 15:49:17,964 - DEBUG - 🕸️  Honeypot deployed: /pma| extra=asctime='2026-05-14 15:49:17,964'
2026-05-14 15:49:17,964 - DEBUG - 🕸️  Honeypot deployed: /phpMyAdmin| extra=asctime='2026-05-14 15:49:17,964'
2026-05-14 15:49:17,972 - DEBUG - 🕸️  Honeypot deployed: /mysql| extra=asctime='2026-05-14 15:49:17,972'
2026-05-14 15:49:17,972 - DEBUG - 🕸️  Honeypot deployed: /adminer| extra=asctime='2026-05-14 15:49:17,972'
2026-05-14 15:49:17,974 - DEBUG - 🕸️  Honeypot deployed: /adminer.php| extra=asctime='2026-05-14 15:49:17,974'
2026-05-14 15:49:17,974 - DEBUG - 🕸️  Honeypot deployed: /db| extra=asctime='2026-05-14 15:49:17,974'
2026-05-14 15:49:17,974 - DEBUG - 🕸️  Honeypot deployed: /database| extra=asctime='2026-05-14 15:49:17,974'
2026-05-14 15:49:17,974 - DEBUG - 🕸️  Honeypot deployed: /.env| extra=asctime='2026-05-14 15:49:17,974'
2026-05-14 15:49:17,974 - DEBUG - 🕸️  Honeypot deployed: /.env.local| extra=asctime='2026-05-14 15:49:17,974'
2026-05-14 15:49:17,974 - DEBUG - 🕸️  Honeypot deployed: /.env.production| extra=asctime='2026-05-14 15:49:17,974'
2026-05-14 15:49:17,982 - DEBUG - 🕸️  Honeypot deployed: /config.php| extra=asctime='2026-05-14 15:49:17,982'
2026-05-14 15:49:17,984 - DEBUG - 🕸️  Honeypot deployed: /configuration.php| extra=asctime='2026-05-14 15:49:17,984'
2026-05-14 15:49:17,984 - DEBUG - 🕸️  Honeypot deployed: /wp-config.php| extra=asctime='2026-05-14 15:49:17,984'
2026-05-14 15:49:17,984 - DEBUG - 🕸️  Honeypot deployed: /.git/config| extra=asctime='2026-05-14 15:49:17,984'
2026-05-14 15:49:17,984 - DEBUG - 🕸️  Honeypot deployed: /.git/HEAD| extra=asctime='2026-05-14 15:49:17,984'
2026-05-14 15:49:17,984 - DEBUG - 🕸️  Honeypot deployed: /.aws/credentials| extra=asctime='2026-05-14 15:49:17,984'
2026-05-14 15:49:17,984 - DEBUG - 🕸️  Honeypot deployed: /xmlrpc.php| extra=asctime='2026-05-14 15:49:17,984'
2026-05-14 15:49:17,984 - DEBUG - 🕸️  Honeypot deployed: /phpinfo.php| extra=asctime='2026-05-14 15:49:17,984'
2026-05-14 15:49:17,984 - DEBUG - 🕸️  Honeypot deployed: /info.php| extra=asctime='2026-05-14 15:49:17,984'
2026-05-14 15:49:17,992 - DEBUG - 🕸️  Honeypot deployed: /shell.php| extra=asctime='2026-05-14 15:49:17,992'
2026-05-14 15:49:17,992 - DEBUG - 🕸️  Honeypot deployed: /c99.php| extra=asctime='2026-05-14 15:49:17,992'
2026-05-14 15:49:17,995 - DEBUG - 🕸️  Honeypot deployed: /r57.php| extra=asctime='2026-05-14 15:49:17,995'
2026-05-14 15:49:17,995 - DEBUG - 🕸️  Honeypot deployed: /backup.sql| extra=asctime='2026-05-14 15:49:17,995'
2026-05-14 15:49:17,995 - DEBUG - 🕸️  Honeypot deployed: /backup.zip| extra=asctime='2026-05-14 15:49:17,995'
2026-05-14 15:49:17,995 - DEBUG - 🕸️  Honeypot deployed: /database.sql| extra=asctime='2026-05-14 15:49:17,995'
2026-05-14 15:49:17,995 - DEBUG - 🕸️  Honeypot deployed: /dump.sql| extra=asctime='2026-05-14 15:49:17,995'
2026-05-14 15:49:17,995 - DEBUG - 🕸️  Honeypot deployed: /old| extra=asctime='2026-05-14 15:49:17,995'
2026-05-14 15:49:17,995 - DEBUG - 🕸️  Honeypot deployed: /old.zip| extra=asctime='2026-05-14 15:49:17,995'
2026-05-14 15:50:23,951 - DEBUG - 🚨 BAD UA detected: curl/8.12.1... from 127.0.0.1| extra=asctime='2026-05-14 15:50:23,951'
2026-05-14 15:50:27,229 - DEBUG - 🚨 BAD UA detected: curl/8.12.1... from 127.0.0.1| extra=asctime='2026-05-14 15:50:27,229'
2026-05-14 15:50:28,759 - DEBUG - 🚨 BAD UA detected: curl/8.12.1... from 127.0.0.1| extra=asctime='2026-05-14 15:50:28,759'
2026-05-14 15:52:57,516 - DEBUG - 🚨 BAD UA detected: curl/8.12.1... from 127.0.0.1| extra=asctime='2026-05-14 15:52:57,516'
2026-05-14 15:53:00,625 - DEBUG - 🚨 BAD UA detected: curl/8.12.1... from 127.0.0.1| extra=asctime='2026-05-14 15:53:00,625'
2026-05-14 15:53:12,435 - DEBUG - 🚨 BAD UA detected: curl/8.12.1... from 127.0.0.1| extra=asctime='2026-05-14 15:53:12,435'
2026-05-14 15:53:13,036 - DEBUG - 🚨 BAD UA detected: curl/8.12.1... from 127.0.0.1| extra=asctime='2026-05-14 15:53:13,036'
2026-05-14 16:00:42,797 - DEBUG - 🕸️  Honeypot deployed: /admin| extra=asctime='2026-05-14 16:00:42,797'
2026-05-14 16:00:42,797 - DEBUG - 🕸️  Honeypot deployed: /administrator| extra=asctime='2026-05-14 16:00:42,797'
2026-05-14 16:00:42,803 - DEBUG - 🕸️  Honeypot deployed: /admin.php| extra=asctime='2026-05-14 16:00:42,803'
2026-05-14 16:00:42,803 - DEBUG - 🕸️  Honeypot deployed: /admin/login| extra=asctime='2026-05-14 16:00:42,803'
2026-05-14 16:00:42,803 - DEBUG - 🕸️  Honeypot deployed: /wp-admin| extra=asctime='2026-05-14 16:00:42,803'
2026-05-14 16:00:42,811 - DEBUG - 🕸️  Honeypot deployed: /wp-login.php| extra=asctime='2026-05-14 16:00:42,811'
2026-05-14 16:00:42,811 - DEBUG - 🕸️  Honeypot deployed: /wp-admin/admin-ajax.php| extra=asctime='2026-05-14 16:00:42,811'
2026-05-14 16:00:42,813 - DEBUG - 🕸️  Honeypot deployed: /phpmyadmin| extra=asctime='2026-05-14 16:00:42,813'
2026-05-14 16:00:42,813 - DEBUG - 🕸️  Honeypot deployed: /pma| extra=asctime='2026-05-14 16:00:42,813'
2026-05-14 16:00:42,813 - DEBUG - 🕸️  Honeypot deployed: /phpMyAdmin| extra=asctime='2026-05-14 16:00:42,813'
2026-05-14 16:00:42,813 - DEBUG - 🕸️  Honeypot deployed: /mysql| extra=asctime='2026-05-14 16:00:42,813'
2026-05-14 16:00:42,813 - DEBUG - 🕸️  Honeypot deployed: /adminer| extra=asctime='2026-05-14 16:00:42,813'
2026-05-14 16:00:42,813 - DEBUG - 🕸️  Honeypot deployed: /adminer.php| extra=asctime='2026-05-14 16:00:42,813'
2026-05-14 16:00:42,813 - DEBUG - 🕸️  Honeypot deployed: /db| extra=asctime='2026-05-14 16:00:42,813'
2026-05-14 16:00:42,821 - DEBUG - 🕸️  Honeypot deployed: /database| extra=asctime='2026-05-14 16:00:42,821'
2026-05-14 16:00:42,823 - DEBUG - 🕸️  Honeypot deployed: /.env| extra=asctime='2026-05-14 16:00:42,823'
2026-05-14 16:00:42,823 - DEBUG - 🕸️  Honeypot deployed: /.env.local| extra=asctime='2026-05-14 16:00:42,823'
2026-05-14 16:00:42,823 - DEBUG - 🕸️  Honeypot deployed: /.env.production| extra=asctime='2026-05-14 16:00:42,823'
2026-05-14 16:00:42,823 - DEBUG - 🕸️  Honeypot deployed: /config.php| extra=asctime='2026-05-14 16:00:42,823'
2026-05-14 16:00:42,823 - DEBUG - 🕸️  Honeypot deployed: /configuration.php| extra=asctime='2026-05-14 16:00:42,823'
2026-05-14 16:00:42,823 - DEBUG - 🕸️  Honeypot deployed: /wp-config.php| extra=asctime='2026-05-14 16:00:42,823'
2026-05-14 16:00:42,823 - DEBUG - 🕸️  Honeypot deployed: /.git/config| extra=asctime='2026-05-14 16:00:42,823'
2026-05-14 16:00:42,831 - DEBUG - 🕸️  Honeypot deployed: /.git/HEAD| extra=asctime='2026-05-14 16:00:42,831'
2026-05-14 16:00:42,833 - DEBUG - 🕸️  Honeypot deployed: /.aws/credentials| extra=asctime='2026-05-14 16:00:42,833'
2026-05-14 16:00:42,833 - DEBUG - 🕸️  Honeypot deployed: /xmlrpc.php| extra=asctime='2026-05-14 16:00:42,833'
2026-05-14 16:00:42,833 - DEBUG - 🕸️  Honeypot deployed: /phpinfo.php| extra=asctime='2026-05-14 16:00:42,833'
2026-05-14 16:00:42,833 - DEBUG - 🕸️  Honeypot deployed: /info.php| extra=asctime='2026-05-14 16:00:42,833'
2026-05-14 16:00:42,833 - DEBUG - 🕸️  Honeypot deployed: /shell.php| extra=asctime='2026-05-14 16:00:42,833'
2026-05-14 16:00:42,833 - DEBUG - 🕸️  Honeypot deployed: /c99.php| extra=asctime='2026-05-14 16:00:42,833'
2026-05-14 16:00:42,841 - DEBUG - 🕸️  Honeypot deployed: /r57.php| extra=asctime='2026-05-14 16:00:42,841'
2026-05-14 16:00:42,843 - DEBUG - 🕸️  Honeypot deployed: /backup.sql| extra=asctime='2026-05-14 16:00:42,843'
2026-05-14 16:00:42,843 - DEBUG - 🕸️  Honeypot deployed: /backup.zip| extra=asctime='2026-05-14 16:00:42,843'
2026-05-14 16:00:42,843 - DEBUG - 🕸️  Honeypot deployed: /database.sql| extra=asctime='2026-05-14 16:00:42,843'
2026-05-14 16:00:42,851 - DEBUG - 🕸️  Honeypot deployed: /dump.sql| extra=asctime='2026-05-14 16:00:42,851'
2026-05-14 16:00:42,851 - DEBUG - 🕸️  Honeypot deployed: /old| extra=asctime='2026-05-14 16:00:42,851'
2026-05-14 16:00:42,853 - DEBUG - 🕸️  Honeypot deployed: /old.zip| extra=asctime='2026-05-14 16:00:42,853'
2026-05-14 16:02:37,319 - DEBUG - 🕸️  Honeypot deployed: /admin| extra=asctime='2026-05-14 16:02:37,319'
2026-05-14 16:02:37,319 - DEBUG - 🕸️  Honeypot deployed: /administrator| extra=asctime='2026-05-14 16:02:37,319'
2026-05-14 16:02:37,327 - DEBUG - 🕸️  Honeypot deployed: /admin.php| extra=asctime='2026-05-14 16:02:37,327'
2026-05-14 16:02:37,329 - DEBUG - 🕸️  Honeypot deployed: /admin/login| extra=asctime='2026-05-14 16:02:37,329'
2026-05-14 16:02:37,329 - DEBUG - 🕸️  Honeypot deployed: /wp-admin| extra=asctime='2026-05-14 16:02:37,329'
2026-05-14 16:02:37,329 - DEBUG - 🕸️  Honeypot deployed: /wp-login.php| extra=asctime='2026-05-14 16:02:37,329'
2026-05-14 16:02:37,329 - DEBUG - 🕸️  Honeypot deployed: /wp-admin/admin-ajax.php| extra=asctime='2026-05-14 16:02:37,329'
2026-05-14 16:02:37,329 - DEBUG - 🕸️  Honeypot deployed: /phpmyadmin| extra=asctime='2026-05-14 16:02:37,329'
2026-05-14 16:02:37,329 - DEBUG - 🕸️  Honeypot deployed: /pma| extra=asctime='2026-05-14 16:02:37,329'
2026-05-14 16:02:37,329 - DEBUG - 🕸️  Honeypot deployed: /phpMyAdmin| extra=asctime='2026-05-14 16:02:37,329'
2026-05-14 16:02:37,337 - DEBUG - 🕸️  Honeypot deployed: /mysql| extra=asctime='2026-05-14 16:02:37,337'
2026-05-14 16:02:37,337 - DEBUG - 🕸️  Honeypot deployed: /adminer| extra=asctime='2026-05-14 16:02:37,337'
2026-05-14 16:02:37,339 - DEBUG - 🕸️  Honeypot deployed: /adminer.php| extra=asctime='2026-05-14 16:02:37,339'
2026-05-14 16:02:37,339 - DEBUG - 🕸️  Honeypot deployed: /db| extra=asctime='2026-05-14 16:02:37,339'
2026-05-14 16:02:37,339 - DEBUG - 🕸️  Honeypot deployed: /database| extra=asctime='2026-05-14 16:02:37,339'
2026-05-14 16:02:37,342 - DEBUG - 🕸️  Honeypot deployed: /.env| extra=asctime='2026-05-14 16:02:37,342'
2026-05-14 16:02:37,342 - DEBUG - 🕸️  Honeypot deployed: /.env.local| extra=asctime='2026-05-14 16:02:37,342'
2026-05-14 16:02:37,342 - DEBUG - 🕸️  Honeypot deployed: /.env.production| extra=asctime='2026-05-14 16:02:37,342'
2026-05-14 16:02:37,342 - DEBUG - 🕸️  Honeypot deployed: /config.php| extra=asctime='2026-05-14 16:02:37,342'
2026-05-14 16:02:37,347 - DEBUG - 🕸️  Honeypot deployed: /configuration.php| extra=asctime='2026-05-14 16:02:37,347'
2026-05-14 16:02:37,349 - DEBUG - 🕸️  Honeypot deployed: /wp-config.php| extra=asctime='2026-05-14 16:02:37,349'
2026-05-14 16:02:37,349 - DEBUG - 🕸️  Honeypot deployed: /.git/config| extra=asctime='2026-05-14 16:02:37,349'
2026-05-14 16:02:37,349 - DEBUG - 🕸️  Honeypot deployed: /.git/HEAD| extra=asctime='2026-05-14 16:02:37,349'
2026-05-14 16:02:37,349 - DEBUG - 🕸️  Honeypot deployed: /.aws/credentials| extra=asctime='2026-05-14 16:02:37,349'
2026-05-14 16:02:37,349 - DEBUG - 🕸️  Honeypot deployed: /xmlrpc.php| extra=asctime='2026-05-14 16:02:37,349'
2026-05-14 16:02:37,349 - DEBUG - 🕸️  Honeypot deployed: /phpinfo.php| extra=asctime='2026-05-14 16:02:37,349'
2026-05-14 16:02:37,349 - DEBUG - 🕸️  Honeypot deployed: /info.php| extra=asctime='2026-05-14 16:02:37,349'
2026-05-14 16:02:37,357 - DEBUG - 🕸️  Honeypot deployed: /shell.php| extra=asctime='2026-05-14 16:02:37,357'
2026-05-14 16:02:37,357 - DEBUG - 🕸️  Honeypot deployed: /c99.php| extra=asctime='2026-05-14 16:02:37,357'
2026-05-14 16:02:37,359 - DEBUG - 🕸️  Honeypot deployed: /r57.php| extra=asctime='2026-05-14 16:02:37,359'
2026-05-14 16:02:37,359 - DEBUG - 🕸️  Honeypot deployed: /backup.sql| extra=asctime='2026-05-14 16:02:37,359'
2026-05-14 16:02:37,359 - DEBUG - 🕸️  Honeypot deployed: /backup.zip| extra=asctime='2026-05-14 16:02:37,359'
2026-05-14 16:02:37,359 - DEBUG - 🕸️  Honeypot deployed: /database.sql| extra=asctime='2026-05-14 16:02:37,359'
2026-05-14 16:02:37,359 - DEBUG - 🕸️  Honeypot deployed: /dump.sql| extra=asctime='2026-05-14 16:02:37,359'
2026-05-14 16:02:37,365 - DEBUG - 🕸️  Honeypot deployed: /old| extra=asctime='2026-05-14 16:02:37,365'
2026-05-14 16:02:37,367 - DEBUG - 🕸️  Honeypot deployed: /old.zip| extra=asctime='2026-05-14 16:02:37,367'
2026-05-14 16:04:21,632 - DEBUG - 🕸️  Honeypot deployed: /admin| extra=asctime='2026-05-14 16:04:21,632'
2026-05-14 16:04:21,632 - DEBUG - 🕸️  Honeypot deployed: /administrator| extra=asctime='2026-05-14 16:04:21,632'
2026-05-14 16:04:21,640 - DEBUG - 🕸️  Honeypot deployed: /admin.php| extra=asctime='2026-05-14 16:04:21,640'
2026-05-14 16:04:21,642 - DEBUG - 🕸️  Honeypot deployed: /admin/login| extra=asctime='2026-05-14 16:04:21,642'
2026-05-14 16:04:21,642 - DEBUG - 🕸️  Honeypot deployed: /wp-admin| extra=asctime='2026-05-14 16:04:21,642'
2026-05-14 16:04:21,642 - DEBUG - 🕸️  Honeypot deployed: /wp-login.php| extra=asctime='2026-05-14 16:04:21,642'
2026-05-14 16:04:21,642 - DEBUG - 🕸️  Honeypot deployed: /wp-admin/admin-ajax.php| extra=asctime='2026-05-14 16:04:21,642'
2026-05-14 16:04:21,642 - DEBUG - 🕸️  Honeypot deployed: /phpmyadmin| extra=asctime='2026-05-14 16:04:21,642'
2026-05-14 16:04:21,642 - DEBUG - 🕸️  Honeypot deployed: /pma| extra=asctime='2026-05-14 16:04:21,642'
2026-05-14 16:04:21,650 - DEBUG - 🕸️  Honeypot deployed: /phpMyAdmin| extra=asctime='2026-05-14 16:04:21,650'
2026-05-14 16:04:21,650 - DEBUG - 🕸️  Honeypot deployed: /mysql| extra=asctime='2026-05-14 16:04:21,650'
2026-05-14 16:04:21,652 - DEBUG - 🕸️  Honeypot deployed: /adminer| extra=asctime='2026-05-14 16:04:21,652'
2026-05-14 16:04:21,653 - DEBUG - 🕸️  Honeypot deployed: /adminer.php| extra=asctime='2026-05-14 16:04:21,653'
2026-05-14 16:04:21,653 - DEBUG - 🕸️  Honeypot deployed: /db| extra=asctime='2026-05-14 16:04:21,653'
2026-05-14 16:04:21,653 - DEBUG - 🕸️  Honeypot deployed: /database| extra=asctime='2026-05-14 16:04:21,653'
2026-05-14 16:04:21,653 - DEBUG - 🕸️  Honeypot deployed: /.env| extra=asctime='2026-05-14 16:04:21,653'
2026-05-14 16:04:21,653 - DEBUG - 🕸️  Honeypot deployed: /.env.local| extra=asctime='2026-05-14 16:04:21,653'
2026-05-14 16:04:21,653 - DEBUG - 🕸️  Honeypot deployed: /.env.production| extra=asctime='2026-05-14 16:04:21,653'
2026-05-14 16:04:21,660 - DEBUG - 🕸️  Honeypot deployed: /config.php| extra=asctime='2026-05-14 16:04:21,660'
2026-05-14 16:04:21,662 - DEBUG - 🕸️  Honeypot deployed: /configuration.php| extra=asctime='2026-05-14 16:04:21,662'
2026-05-14 16:04:21,662 - DEBUG - 🕸️  Honeypot deployed: /wp-config.php| extra=asctime='2026-05-14 16:04:21,662'
2026-05-14 16:04:21,662 - DEBUG - 🕸️  Honeypot deployed: /.git/config| extra=asctime='2026-05-14 16:04:21,662'
2026-05-14 16:04:21,662 - DEBUG - 🕸️  Honeypot deployed: /.git/HEAD| extra=asctime='2026-05-14 16:04:21,662'
2026-05-14 16:04:21,662 - DEBUG - 🕸️  Honeypot deployed: /.aws/credentials| extra=asctime='2026-05-14 16:04:21,662'
2026-05-14 16:04:21,662 - DEBUG - 🕸️  Honeypot deployed: /xmlrpc.php| extra=asctime='2026-05-14 16:04:21,662'
2026-05-14 16:04:21,662 - DEBUG - 🕸️  Honeypot deployed: /phpinfo.php| extra=asctime='2026-05-14 16:04:21,662'
2026-05-14 16:04:21,671 - DEBUG - 🕸️  Honeypot deployed: /info.php| extra=asctime='2026-05-14 16:04:21,671'
2026-05-14 16:04:21,673 - DEBUG - 🕸️  Honeypot deployed: /shell.php| extra=asctime='2026-05-14 16:04:21,673'
2026-05-14 16:04:21,673 - DEBUG - 🕸️  Honeypot deployed: /c99.php| extra=asctime='2026-05-14 16:04:21,673'
2026-05-14 16:04:21,673 - DEBUG - 🕸️  Honeypot deployed: /r57.php| extra=asctime='2026-05-14 16:04:21,673'
2026-05-14 16:04:21,673 - DEBUG - 🕸️  Honeypot deployed: /backup.sql| extra=asctime='2026-05-14 16:04:21,673'
2026-05-14 16:04:21,673 - DEBUG - 🕸️  Honeypot deployed: /backup.zip| extra=asctime='2026-05-14 16:04:21,673'
2026-05-14 16:04:21,673 - DEBUG - 🕸️  Honeypot deployed: /database.sql| extra=asctime='2026-05-14 16:04:21,673'
2026-05-14 16:04:21,673 - DEBUG - 🕸️  Honeypot deployed: /dump.sql| extra=asctime='2026-05-14 16:04:21,673'
2026-05-14 16:04:21,681 - DEBUG - 🕸️  Honeypot deployed: /old| extra=asctime='2026-05-14 16:04:21,681'
2026-05-14 16:04:21,681 - DEBUG - 🕸️  Honeypot deployed: /old.zip| extra=asctime='2026-05-14 16:04:21,681'
2026-05-14 16:05:31,056 - DEBUG - 🕸️  Honeypot deployed: /admin| extra=asctime='2026-05-14 16:05:31,056'
2026-05-14 16:05:31,067 - DEBUG - 🕸️  Honeypot deployed: /administrator| extra=asctime='2026-05-14 16:05:31,067'
2026-05-14 16:05:31,077 - DEBUG - 🕸️  Honeypot deployed: /admin.php| extra=asctime='2026-05-14 16:05:31,077'
2026-05-14 16:05:31,077 - DEBUG - 🕸️  Honeypot deployed: /admin/login| extra=asctime='2026-05-14 16:05:31,077'
2026-05-14 16:05:31,085 - DEBUG - 🕸️  Honeypot deployed: /wp-admin| extra=asctime='2026-05-14 16:05:31,085'
2026-05-14 16:05:31,087 - DEBUG - 🕸️  Honeypot deployed: /wp-login.php| extra=asctime='2026-05-14 16:05:31,087'
2026-05-14 16:05:31,087 - DEBUG - 🕸️  Honeypot deployed: /wp-admin/admin-ajax.php| extra=asctime='2026-05-14 16:05:31,087'
2026-05-14 16:05:31,095 - DEBUG - 🕸️  Honeypot deployed: /phpmyadmin| extra=asctime='2026-05-14 16:05:31,095'
2026-05-14 16:05:31,097 - DEBUG - 🕸️  Honeypot deployed: /pma| extra=asctime='2026-05-14 16:05:31,097'
2026-05-14 16:05:31,097 - DEBUG - 🕸️  Honeypot deployed: /phpMyAdmin| extra=asctime='2026-05-14 16:05:31,097'
2026-05-14 16:05:31,097 - DEBUG - 🕸️  Honeypot deployed: /mysql| extra=asctime='2026-05-14 16:05:31,097'
2026-05-14 16:05:31,105 - DEBUG - 🕸️  Honeypot deployed: /adminer| extra=asctime='2026-05-14 16:05:31,105'
2026-05-14 16:05:31,107 - DEBUG - 🕸️  Honeypot deployed: /adminer.php| extra=asctime='2026-05-14 16:05:31,107'
2026-05-14 16:05:31,107 - DEBUG - 🕸️  Honeypot deployed: /db| extra=asctime='2026-05-14 16:05:31,107'
2026-05-14 16:05:31,115 - DEBUG - 🕸️  Honeypot deployed: /database| extra=asctime='2026-05-14 16:05:31,115'
2026-05-14 16:05:31,117 - DEBUG - 🕸️  Honeypot deployed: /.env| extra=asctime='2026-05-14 16:05:31,117'
2026-05-14 16:05:31,117 - DEBUG - 🕸️  Honeypot deployed: /.env.local| extra=asctime='2026-05-14 16:05:31,117'
2026-05-14 16:05:31,117 - DEBUG - 🕸️  Honeypot deployed: /.env.production| extra=asctime='2026-05-14 16:05:31,117'
2026-05-14 16:05:31,125 - DEBUG - 🕸️  Honeypot deployed: /config.php| extra=asctime='2026-05-14 16:05:31,125'
2026-05-14 16:05:31,128 - DEBUG - 🕸️  Honeypot deployed: /configuration.php| extra=asctime='2026-05-14 16:05:31,128'
2026-05-14 16:05:31,128 - DEBUG - 🕸️  Honeypot deployed: /wp-config.php| extra=asctime='2026-05-14 16:05:31,128'
2026-05-14 16:05:31,128 - DEBUG - 🕸️  Honeypot deployed: /.git/config| extra=asctime='2026-05-14 16:05:31,128'
2026-05-14 16:05:31,136 - DEBUG - 🕸️  Honeypot deployed: /.git/HEAD| extra=asctime='2026-05-14 16:05:31,136'
2026-05-14 16:05:31,138 - DEBUG - 🕸️  Honeypot deployed: /.aws/credentials| extra=asctime='2026-05-14 16:05:31,138'
2026-05-14 16:05:31,138 - DEBUG - 🕸️  Honeypot deployed: /xmlrpc.php| extra=asctime='2026-05-14 16:05:31,138'
2026-05-14 16:05:31,146 - DEBUG - 🕸️  Honeypot deployed: /phpinfo.php| extra=asctime='2026-05-14 16:05:31,146'
2026-05-14 16:05:31,148 - DEBUG - 🕸️  Honeypot deployed: /info.php| extra=asctime='2026-05-14 16:05:31,148'
2026-05-14 16:05:31,148 - DEBUG - 🕸️  Honeypot deployed: /shell.php| extra=asctime='2026-05-14 16:05:31,148'
2026-05-14 16:05:31,148 - DEBUG - 🕸️  Honeypot deployed: /c99.php| extra=asctime='2026-05-14 16:05:31,148'
2026-05-14 16:05:31,156 - DEBUG - 🕸️  Honeypot deployed: /r57.php| extra=asctime='2026-05-14 16:05:31,156'
2026-05-14 16:05:31,158 - DEBUG - 🕸️  Honeypot deployed: /backup.sql| extra=asctime='2026-05-14 16:05:31,158'
2026-05-14 16:05:31,158 - DEBUG - 🕸️  Honeypot deployed: /backup.zip| extra=asctime='2026-05-14 16:05:31,158'
2026-05-14 16:05:31,158 - DEBUG - 🕸️  Honeypot deployed: /database.sql| extra=asctime='2026-05-14 16:05:31,158'
2026-05-14 16:05:31,168 - DEBUG - 🕸️  Honeypot deployed: /dump.sql| extra=asctime='2026-05-14 16:05:31,168'
2026-05-14 16:05:31,168 - DEBUG - 🕸️  Honeypot deployed: /old| extra=asctime='2026-05-14 16:05:31,168'
2026-05-14 16:05:31,168 - DEBUG - 🕸️  Honeypot deployed: /old.zip| extra=asctime='2026-05-14 16:05:31,168'
2026-05-14 16:06:34,462 - DEBUG - 🕸️  Honeypot deployed: /admin| extra=asctime='2026-05-14 16:06:34,462'
2026-05-14 16:06:34,462 - DEBUG - 🕸️  Honeypot deployed: /administrator| extra=asctime='2026-05-14 16:06:34,462'
2026-05-14 16:06:34,472 - DEBUG - 🕸️  Honeypot deployed: /admin.php| extra=asctime='2026-05-14 16:06:34,472'
2026-05-14 16:06:34,472 - DEBUG - 🕸️  Honeypot deployed: /admin/login| extra=asctime='2026-05-14 16:06:34,472'
2026-05-14 16:06:34,472 - DEBUG - 🕸️  Honeypot deployed: /wp-admin| extra=asctime='2026-05-14 16:06:34,472'
2026-05-14 16:06:34,480 - DEBUG - 🕸️  Honeypot deployed: /wp-login.php| extra=asctime='2026-05-14 16:06:34,480'
2026-05-14 16:06:34,482 - DEBUG - 🕸️  Honeypot deployed: /wp-admin/admin-ajax.php| extra=asctime='2026-05-14 16:06:34,482'
2026-05-14 16:06:34,482 - DEBUG - 🕸️  Honeypot deployed: /phpmyadmin| extra=asctime='2026-05-14 16:06:34,482'
2026-05-14 16:06:34,482 - DEBUG - 🕸️  Honeypot deployed: /pma| extra=asctime='2026-05-14 16:06:34,482'
2026-05-14 16:06:34,490 - DEBUG - 🕸️  Honeypot deployed: /phpMyAdmin| extra=asctime='2026-05-14 16:06:34,490'
2026-05-14 16:06:34,492 - DEBUG - 🕸️  Honeypot deployed: /mysql| extra=asctime='2026-05-14 16:06:34,492'
2026-05-14 16:06:34,492 - DEBUG - 🕸️  Honeypot deployed: /adminer| extra=asctime='2026-05-14 16:06:34,492'
2026-05-14 16:06:34,492 - DEBUG - 🕸️  Honeypot deployed: /adminer.php| extra=asctime='2026-05-14 16:06:34,492'
2026-05-14 16:06:34,492 - DEBUG - 🕸️  Honeypot deployed: /db| extra=asctime='2026-05-14 16:06:34,492'
2026-05-14 16:06:34,500 - DEBUG - 🕸️  Honeypot deployed: /database| extra=asctime='2026-05-14 16:06:34,500'
2026-05-14 16:06:34,502 - DEBUG - 🕸️  Honeypot deployed: /.env| extra=asctime='2026-05-14 16:06:34,502'
2026-05-14 16:06:34,502 - DEBUG - 🕸️  Honeypot deployed: /.env.local| extra=asctime='2026-05-14 16:06:34,502'
2026-05-14 16:06:34,502 - DEBUG - 🕸️  Honeypot deployed: /.env.production| extra=asctime='2026-05-14 16:06:34,502'
2026-05-14 16:06:34,502 - DEBUG - 🕸️  Honeypot deployed: /config.php| extra=asctime='2026-05-14 16:06:34,502'
2026-05-14 16:06:34,510 - DEBUG - 🕸️  Honeypot deployed: /configuration.php| extra=asctime='2026-05-14 16:06:34,510'
2026-05-14 16:06:34,512 - DEBUG - 🕸️  Honeypot deployed: /wp-config.php| extra=asctime='2026-05-14 16:06:34,512'
2026-05-14 16:06:34,512 - DEBUG - 🕸️  Honeypot deployed: /.git/config| extra=asctime='2026-05-14 16:06:34,512'
2026-05-14 16:06:34,512 - DEBUG - 🕸️  Honeypot deployed: /.git/HEAD| extra=asctime='2026-05-14 16:06:34,512'
2026-05-14 16:06:34,512 - DEBUG - 🕸️  Honeypot deployed: /.aws/credentials| extra=asctime='2026-05-14 16:06:34,512'
2026-05-14 16:06:34,512 - DEBUG - 🕸️  Honeypot deployed: /xmlrpc.php| extra=asctime='2026-05-14 16:06:34,512'
2026-05-14 16:06:34,522 - DEBUG - 🕸️  Honeypot deployed: /phpinfo.php| extra=asctime='2026-05-14 16:06:34,522'
2026-05-14 16:06:34,522 - DEBUG - 🕸️  Honeypot deployed: /info.php| extra=asctime='2026-05-14 16:06:34,522'
2026-05-14 16:06:34,522 - DEBUG - 🕸️  Honeypot deployed: /shell.php| extra=asctime='2026-05-14 16:06:34,522'
2026-05-14 16:06:34,522 - DEBUG - 🕸️  Honeypot deployed: /c99.php| extra=asctime='2026-05-14 16:06:34,522'
2026-05-14 16:06:34,531 - DEBUG - 🕸️  Honeypot deployed: /r57.php| extra=asctime='2026-05-14 16:06:34,531'
2026-05-14 16:06:34,533 - DEBUG - 🕸️  Honeypot deployed: /backup.sql| extra=asctime='2026-05-14 16:06:34,533'
2026-05-14 16:06:34,533 - DEBUG - 🕸️  Honeypot deployed: /backup.zip| extra=asctime='2026-05-14 16:06:34,533'
2026-05-14 16:06:34,533 - DEBUG - 🕸️  Honeypot deployed: /database.sql| extra=asctime='2026-05-14 16:06:34,533'
2026-05-14 16:06:34,533 - DEBUG - 🕸️  Honeypot deployed: /dump.sql| extra=asctime='2026-05-14 16:06:34,533'
2026-05-14 16:06:34,533 - DEBUG - 🕸️  Honeypot deployed: /old| extra=asctime='2026-05-14 16:06:34,533'
2026-05-14 16:06:34,541 - DEBUG - 🕸️  Honeypot deployed: /old.zip| extra=asctime='2026-05-14 16:06:34,541'
2026-05-14 16:06:56,149 - DEBUG - 🕸️  Honeypot deployed: /admin| extra=asctime='2026-05-14 16:06:56,149'
2026-05-14 16:06:56,149 - DEBUG - 🕸️  Honeypot deployed: /administrator| extra=asctime='2026-05-14 16:06:56,149'
2026-05-14 16:06:56,159 - DEBUG - 🕸️  Honeypot deployed: /admin.php| extra=asctime='2026-05-14 16:06:56,159'
2026-05-14 16:06:56,159 - DEBUG - 🕸️  Honeypot deployed: /admin/login| extra=asctime='2026-05-14 16:06:56,159'
2026-05-14 16:06:56,159 - DEBUG - 🕸️  Honeypot deployed: /wp-admin| extra=asctime='2026-05-14 16:06:56,159'
2026-05-14 16:06:56,167 - DEBUG - 🕸️  Honeypot deployed: /wp-login.php| extra=asctime='2026-05-14 16:06:56,167'
2026-05-14 16:06:56,169 - DEBUG - 🕸️  Honeypot deployed: /wp-admin/admin-ajax.php| extra=asctime='2026-05-14 16:06:56,169'
2026-05-14 16:06:56,169 - DEBUG - 🕸️  Honeypot deployed: /phpmyadmin| extra=asctime='2026-05-14 16:06:56,169'
2026-05-14 16:06:56,169 - DEBUG - 🕸️  Honeypot deployed: /pma| extra=asctime='2026-05-14 16:06:56,169'
2026-05-14 16:06:56,169 - DEBUG - 🕸️  Honeypot deployed: /phpMyAdmin| extra=asctime='2026-05-14 16:06:56,169'
2026-05-14 16:06:56,178 - DEBUG - 🕸️  Honeypot deployed: /mysql| extra=asctime='2026-05-14 16:06:56,178'
2026-05-14 16:06:56,180 - DEBUG - 🕸️  Honeypot deployed: /adminer| extra=asctime='2026-05-14 16:06:56,180'
2026-05-14 16:06:56,180 - DEBUG - 🕸️  Honeypot deployed: /adminer.php| extra=asctime='2026-05-14 16:06:56,180'
2026-05-14 16:06:56,180 - DEBUG - 🕸️  Honeypot deployed: /db| extra=asctime='2026-05-14 16:06:56,180'
2026-05-14 16:06:56,180 - DEBUG - 🕸️  Honeypot deployed: /database| extra=asctime='2026-05-14 16:06:56,180'
2026-05-14 16:06:56,180 - DEBUG - 🕸️  Honeypot deployed: /.env| extra=asctime='2026-05-14 16:06:56,180'
2026-05-14 16:06:56,188 - DEBUG - 🕸️  Honeypot deployed: /.env.local| extra=asctime='2026-05-14 16:06:56,188'
2026-05-14 16:06:56,190 - DEBUG - 🕸️  Honeypot deployed: /.env.production| extra=asctime='2026-05-14 16:06:56,190'
2026-05-14 16:06:56,190 - DEBUG - 🕸️  Honeypot deployed: /config.php| extra=asctime='2026-05-14 16:06:56,190'
2026-05-14 16:06:56,190 - DEBUG - 🕸️  Honeypot deployed: /configuration.php| extra=asctime='2026-05-14 16:06:56,190'
2026-05-14 16:06:56,190 - DEBUG - 🕸️  Honeypot deployed: /wp-config.php| extra=asctime='2026-05-14 16:06:56,190'
2026-05-14 16:06:56,198 - DEBUG - 🕸️  Honeypot deployed: /.git/config| extra=asctime='2026-05-14 16:06:56,198'
2026-05-14 16:06:56,200 - DEBUG - 🕸️  Honeypot deployed: /.git/HEAD| extra=asctime='2026-05-14 16:06:56,200'
2026-05-14 16:06:56,200 - DEBUG - 🕸️  Honeypot deployed: /.aws/credentials| extra=asctime='2026-05-14 16:06:56,200'
2026-05-14 16:06:56,200 - DEBUG - 🕸️  Honeypot deployed: /xmlrpc.php| extra=asctime='2026-05-14 16:06:56,200'
2026-05-14 16:06:56,210 - DEBUG - 🕸️  Honeypot deployed: /phpinfo.php| extra=asctime='2026-05-14 16:06:56,210'
2026-05-14 16:06:56,210 - DEBUG - 🕸️  Honeypot deployed: /info.php| extra=asctime='2026-05-14 16:06:56,210'
2026-05-14 16:06:56,210 - DEBUG - 🕸️  Honeypot deployed: /shell.php| extra=asctime='2026-05-14 16:06:56,210'
2026-05-14 16:06:56,210 - DEBUG - 🕸️  Honeypot deployed: /c99.php| extra=asctime='2026-05-14 16:06:56,210'
2026-05-14 16:06:56,221 - DEBUG - 🕸️  Honeypot deployed: /r57.php| extra=asctime='2026-05-14 16:06:56,221'
2026-05-14 16:06:56,221 - DEBUG - 🕸️  Honeypot deployed: /backup.sql| extra=asctime='2026-05-14 16:06:56,221'
2026-05-14 16:06:56,221 - DEBUG - 🕸️  Honeypot deployed: /backup.zip| extra=asctime='2026-05-14 16:06:56,221'
2026-05-14 16:06:56,221 - DEBUG - 🕸️  Honeypot deployed: /database.sql| extra=asctime='2026-05-14 16:06:56,221'
2026-05-14 16:06:56,221 - DEBUG - 🕸️  Honeypot deployed: /dump.sql| extra=asctime='2026-05-14 16:06:56,221'
2026-05-14 16:06:56,229 - DEBUG - 🕸️  Honeypot deployed: /old| extra=asctime='2026-05-14 16:06:56,229'
2026-05-14 16:06:56,231 - DEBUG - 🕸️  Honeypot deployed: /old.zip| extra=asctime='2026-05-14 16:06:56,231'
2026-05-14 16:08:27,565 - DEBUG - 🕸️  Honeypot deployed: /admin| extra=asctime='2026-05-14 16:08:27,565'
2026-05-14 16:08:27,567 - DEBUG - 🕸️  Honeypot deployed: /administrator| extra=asctime='2026-05-14 16:08:27,567'
2026-05-14 16:08:27,567 - DEBUG - 🕸️  Honeypot deployed: /admin.php| extra=asctime='2026-05-14 16:08:27,567'
2026-05-14 16:08:27,575 - DEBUG - 🕸️  Honeypot deployed: /admin/login| extra=asctime='2026-05-14 16:08:27,575'
2026-05-14 16:08:27,577 - DEBUG - 🕸️  Honeypot deployed: /wp-admin| extra=asctime='2026-05-14 16:08:27,577'
2026-05-14 16:08:27,577 - DEBUG - 🕸️  Honeypot deployed: /wp-login.php| extra=asctime='2026-05-14 16:08:27,577'
2026-05-14 16:08:27,577 - DEBUG - 🕸️  Honeypot deployed: /wp-admin/admin-ajax.php| extra=asctime='2026-05-14 16:08:27,577'
2026-05-14 16:08:27,577 - DEBUG - 🕸️  Honeypot deployed: /phpmyadmin| extra=asctime='2026-05-14 16:08:27,577'
2026-05-14 16:08:27,585 - DEBUG - 🕸️  Honeypot deployed: /pma| extra=asctime='2026-05-14 16:08:27,585'
2026-05-14 16:08:27,587 - DEBUG - 🕸️  Honeypot deployed: /phpMyAdmin| extra=asctime='2026-05-14 16:08:27,587'
2026-05-14 16:08:27,587 - DEBUG - 🕸️  Honeypot deployed: /mysql| extra=asctime='2026-05-14 16:08:27,587'
2026-05-14 16:08:27,587 - DEBUG - 🕸️  Honeypot deployed: /adminer| extra=asctime='2026-05-14 16:08:27,587'
2026-05-14 16:08:27,587 - DEBUG - 🕸️  Honeypot deployed: /adminer.php| extra=asctime='2026-05-14 16:08:27,587'
2026-05-14 16:08:27,595 - DEBUG - 🕸️  Honeypot deployed: /db| extra=asctime='2026-05-14 16:08:27,595'
2026-05-14 16:08:27,597 - DEBUG - 🕸️  Honeypot deployed: /database| extra=asctime='2026-05-14 16:08:27,597'
2026-05-14 16:08:27,597 - DEBUG - 🕸️  Honeypot deployed: /.env| extra=asctime='2026-05-14 16:08:27,597'
2026-05-14 16:08:27,597 - DEBUG - 🕸️  Honeypot deployed: /.env.local| extra=asctime='2026-05-14 16:08:27,597'
2026-05-14 16:08:27,597 - DEBUG - 🕸️  Honeypot deployed: /.env.production| extra=asctime='2026-05-14 16:08:27,597'
2026-05-14 16:08:27,605 - DEBUG - 🕸️  Honeypot deployed: /config.php| extra=asctime='2026-05-14 16:08:27,605'
2026-05-14 16:08:27,607 - DEBUG - 🕸️  Honeypot deployed: /configuration.php| extra=asctime='2026-05-14 16:08:27,607'
2026-05-14 16:08:27,607 - DEBUG - 🕸️  Honeypot deployed: /wp-config.php| extra=asctime='2026-05-14 16:08:27,607'
2026-05-14 16:08:27,607 - DEBUG - 🕸️  Honeypot deployed: /.git/config| extra=asctime='2026-05-14 16:08:27,607'
2026-05-14 16:08:27,607 - DEBUG - 🕸️  Honeypot deployed: /.git/HEAD| extra=asctime='2026-05-14 16:08:27,607'
2026-05-14 16:08:27,615 - DEBUG - 🕸️  Honeypot deployed: /.aws/credentials| extra=asctime='2026-05-14 16:08:27,615'
2026-05-14 16:08:27,618 - DEBUG - 🕸️  Honeypot deployed: /xmlrpc.php| extra=asctime='2026-05-14 16:08:27,618'
2026-05-14 16:08:27,618 - DEBUG - 🕸️  Honeypot deployed: /phpinfo.php| extra=asctime='2026-05-14 16:08:27,618'
2026-05-14 16:08:27,618 - DEBUG - 🕸️  Honeypot deployed: /info.php| extra=asctime='2026-05-14 16:08:27,618'
2026-05-14 16:08:27,618 - DEBUG - 🕸️  Honeypot deployed: /shell.php| extra=asctime='2026-05-14 16:08:27,618'
2026-05-14 16:08:27,626 - DEBUG - 🕸️  Honeypot deployed: /c99.php| extra=asctime='2026-05-14 16:08:27,626'
2026-05-14 16:08:27,628 - DEBUG - 🕸️  Honeypot deployed: /r57.php| extra=asctime='2026-05-14 16:08:27,628'
2026-05-14 16:08:27,628 - DEBUG - 🕸️  Honeypot deployed: /backup.sql| extra=asctime='2026-05-14 16:08:27,628'
2026-05-14 16:08:27,628 - DEBUG - 🕸️  Honeypot deployed: /backup.zip| extra=asctime='2026-05-14 16:08:27,628'
2026-05-14 16:08:27,628 - DEBUG - 🕸️  Honeypot deployed: /database.sql| extra=asctime='2026-05-14 16:08:27,628'
2026-05-14 16:08:27,636 - DEBUG - 🕸️  Honeypot deployed: /dump.sql| extra=asctime='2026-05-14 16:08:27,636'
2026-05-14 16:08:27,638 - DEBUG - 🕸️  Honeypot deployed: /old| extra=asctime='2026-05-14 16:08:27,638'
2026-05-14 16:08:27,638 - DEBUG - 🕸️  Honeypot deployed: /old.zip| extra=asctime='2026-05-14 16:08:27,638'
2026-05-14 16:09:02,127 - DEBUG - 🕸️  Honeypot deployed: /admin| extra=asctime='2026-05-14 16:09:02,127'
2026-05-14 16:09:02,129 - DEBUG - 🕸️  Honeypot deployed: /administrator| extra=asctime='2026-05-14 16:09:02,129'
2026-05-14 16:09:02,129 - DEBUG - 🕸️  Honeypot deployed: /admin.php| extra=asctime='2026-05-14 16:09:02,129'
2026-05-14 16:09:02,129 - DEBUG - 🕸️  Honeypot deployed: /admin/login| extra=asctime='2026-05-14 16:09:02,129'
2026-05-14 16:09:02,137 - DEBUG - 🕸️  Honeypot deployed: /wp-admin| extra=asctime='2026-05-14 16:09:02,137'
2026-05-14 16:09:02,139 - DEBUG - 🕸️  Honeypot deployed: /wp-login.php| extra=asctime='2026-05-14 16:09:02,139'
2026-05-14 16:09:02,139 - DEBUG - 🕸️  Honeypot deployed: /wp-admin/admin-ajax.php| extra=asctime='2026-05-14 16:09:02,139'
2026-05-14 16:09:02,139 - DEBUG - 🕸️  Honeypot deployed: /phpmyadmin| extra=asctime='2026-05-14 16:09:02,139'
2026-05-14 16:09:02,139 - DEBUG - 🕸️  Honeypot deployed: /pma| extra=asctime='2026-05-14 16:09:02,139'
2026-05-14 16:09:02,139 - DEBUG - 🕸️  Honeypot deployed: /phpMyAdmin| extra=asctime='2026-05-14 16:09:02,139'
2026-05-14 16:09:02,147 - DEBUG - 🕸️  Honeypot deployed: /mysql| extra=asctime='2026-05-14 16:09:02,147'
2026-05-14 16:09:02,149 - DEBUG - 🕸️  Honeypot deployed: /adminer| extra=asctime='2026-05-14 16:09:02,149'
2026-05-14 16:09:02,149 - DEBUG - 🕸️  Honeypot deployed: /adminer.php| extra=asctime='2026-05-14 16:09:02,149'
2026-05-14 16:09:02,149 - DEBUG - 🕸️  Honeypot deployed: /db| extra=asctime='2026-05-14 16:09:02,149'
2026-05-14 16:09:02,149 - DEBUG - 🕸️  Honeypot deployed: /database| extra=asctime='2026-05-14 16:09:02,149'
2026-05-14 16:09:02,157 - DEBUG - 🕸️  Honeypot deployed: /.env| extra=asctime='2026-05-14 16:09:02,157'
2026-05-14 16:09:02,159 - DEBUG - 🕸️  Honeypot deployed: /.env.local| extra=asctime='2026-05-14 16:09:02,159'
2026-05-14 16:09:02,159 - DEBUG - 🕸️  Honeypot deployed: /.env.production| extra=asctime='2026-05-14 16:09:02,159'
2026-05-14 16:09:02,159 - DEBUG - 🕸️  Honeypot deployed: /config.php| extra=asctime='2026-05-14 16:09:02,159'
2026-05-14 16:09:02,159 - DEBUG - 🕸️  Honeypot deployed: /configuration.php| extra=asctime='2026-05-14 16:09:02,159'
2026-05-14 16:09:02,159 - DEBUG - 🕸️  Honeypot deployed: /wp-config.php| extra=asctime='2026-05-14 16:09:02,159'
2026-05-14 16:09:02,168 - DEBUG - 🕸️  Honeypot deployed: /.git/config| extra=asctime='2026-05-14 16:09:02,168'
2026-05-14 16:09:02,170 - DEBUG - 🕸️  Honeypot deployed: /.git/HEAD| extra=asctime='2026-05-14 16:09:02,170'
2026-05-14 16:09:02,170 - DEBUG - 🕸️  Honeypot deployed: /.aws/credentials| extra=asctime='2026-05-14 16:09:02,170'
2026-05-14 16:09:02,170 - DEBUG - 🕸️  Honeypot deployed: /xmlrpc.php| extra=asctime='2026-05-14 16:09:02,170'
2026-05-14 16:09:02,170 - DEBUG - 🕸️  Honeypot deployed: /phpinfo.php| extra=asctime='2026-05-14 16:09:02,170'
2026-05-14 16:09:02,178 - DEBUG - 🕸️  Honeypot deployed: /info.php| extra=asctime='2026-05-14 16:09:02,178'
2026-05-14 16:09:02,180 - DEBUG - 🕸️  Honeypot deployed: /shell.php| extra=asctime='2026-05-14 16:09:02,180'
2026-05-14 16:09:02,180 - DEBUG - 🕸️  Honeypot deployed: /c99.php| extra=asctime='2026-05-14 16:09:02,180'
2026-05-14 16:09:02,180 - DEBUG - 🕸️  Honeypot deployed: /r57.php| extra=asctime='2026-05-14 16:09:02,180'
2026-05-14 16:09:02,180 - DEBUG - 🕸️  Honeypot deployed: /backup.sql| extra=asctime='2026-05-14 16:09:02,180'
2026-05-14 16:09:02,180 - DEBUG - 🕸️  Honeypot deployed: /backup.zip| extra=asctime='2026-05-14 16:09:02,180'
2026-05-14 16:09:02,188 - DEBUG - 🕸️  Honeypot deployed: /database.sql| extra=asctime='2026-05-14 16:09:02,188'
2026-05-14 16:09:02,190 - DEBUG - 🕸️  Honeypot deployed: /dump.sql| extra=asctime='2026-05-14 16:09:02,190'
2026-05-14 16:09:02,190 - DEBUG - 🕸️  Honeypot deployed: /old| extra=asctime='2026-05-14 16:09:02,190'
2026-05-14 16:09:02,190 - DEBUG - 🕸️  Honeypot deployed: /old.zip| extra=asctime='2026-05-14 16:09:02,190'
2026-05-14 16:10:54,981 - DEBUG - 🕸️  Honeypot deployed: /admin| extra=asctime='2026-05-14 16:10:54,981'
2026-05-14 16:10:54,981 - DEBUG - 🕸️  Honeypot deployed: /administrator| extra=asctime='2026-05-14 16:10:54,981'
2026-05-14 16:10:54,991 - DEBUG - 🕸️  Honeypot deployed: /admin.php| extra=asctime='2026-05-14 16:10:54,991'
2026-05-14 16:10:54,991 - DEBUG - 🕸️  Honeypot deployed: /admin/login| extra=asctime='2026-05-14 16:10:54,991'
2026-05-14 16:10:54,991 - DEBUG - 🕸️  Honeypot deployed: /wp-admin| extra=asctime='2026-05-14 16:10:54,991'
2026-05-14 16:10:54,991 - DEBUG - 🕸️  Honeypot deployed: /wp-login.php| extra=asctime='2026-05-14 16:10:54,991'
2026-05-14 16:10:55,000 - DEBUG - 🕸️  Honeypot deployed: /wp-admin/admin-ajax.php| extra=asctime='2026-05-14 16:10:55,000'
2026-05-14 16:10:55,002 - DEBUG - 🕸️  Honeypot deployed: /phpmyadmin| extra=asctime='2026-05-14 16:10:55,002'
2026-05-14 16:10:55,002 - DEBUG - 🕸️  Honeypot deployed: /pma| extra=asctime='2026-05-14 16:10:55,002'
2026-05-14 16:10:55,002 - DEBUG - 🕸️  Honeypot deployed: /phpMyAdmin| extra=asctime='2026-05-14 16:10:55,002'
2026-05-14 16:10:55,010 - DEBUG - 🕸️  Honeypot deployed: /mysql| extra=asctime='2026-05-14 16:10:55,010'
2026-05-14 16:10:55,012 - DEBUG - 🕸️  Honeypot deployed: /adminer| extra=asctime='2026-05-14 16:10:55,012'
2026-05-14 16:10:55,012 - DEBUG - 🕸️  Honeypot deployed: /adminer.php| extra=asctime='2026-05-14 16:10:55,012'
2026-05-14 16:10:55,012 - DEBUG - 🕸️  Honeypot deployed: /db| extra=asctime='2026-05-14 16:10:55,012'
2026-05-14 16:10:55,012 - DEBUG - 🕸️  Honeypot deployed: /database| extra=asctime='2026-05-14 16:10:55,012'
2026-05-14 16:10:55,020 - DEBUG - 🕸️  Honeypot deployed: /.env| extra=asctime='2026-05-14 16:10:55,020'
2026-05-14 16:10:55,022 - DEBUG - 🕸️  Honeypot deployed: /.env.local| extra=asctime='2026-05-14 16:10:55,022'
2026-05-14 16:10:55,022 - DEBUG - 🕸️  Honeypot deployed: /.env.production| extra=asctime='2026-05-14 16:10:55,022'
2026-05-14 16:10:55,022 - DEBUG - 🕸️  Honeypot deployed: /config.php| extra=asctime='2026-05-14 16:10:55,022'
2026-05-14 16:10:55,022 - DEBUG - 🕸️  Honeypot deployed: /configuration.php| extra=asctime='2026-05-14 16:10:55,022'
2026-05-14 16:10:55,030 - DEBUG - 🕸️  Honeypot deployed: /wp-config.php| extra=asctime='2026-05-14 16:10:55,030'
2026-05-14 16:10:55,032 - DEBUG - 🕸️  Honeypot deployed: /.git/config| extra=asctime='2026-05-14 16:10:55,032'
2026-05-14 16:10:55,032 - DEBUG - 🕸️  Honeypot deployed: /.git/HEAD| extra=asctime='2026-05-14 16:10:55,032'
2026-05-14 16:10:55,032 - DEBUG - 🕸️  Honeypot deployed: /.aws/credentials| extra=asctime='2026-05-14 16:10:55,032'
2026-05-14 16:10:55,032 - DEBUG - 🕸️  Honeypot deployed: /xmlrpc.php| extra=asctime='2026-05-14 16:10:55,032'
2026-05-14 16:10:55,040 - DEBUG - 🕸️  Honeypot deployed: /phpinfo.php| extra=asctime='2026-05-14 16:10:55,040'
2026-05-14 16:10:55,042 - DEBUG - 🕸️  Honeypot deployed: /info.php| extra=asctime='2026-05-14 16:10:55,042'
2026-05-14 16:10:55,042 - DEBUG - 🕸️  Honeypot deployed: /shell.php| extra=asctime='2026-05-14 16:10:55,042'
2026-05-14 16:10:55,042 - DEBUG - 🕸️  Honeypot deployed: /c99.php| extra=asctime='2026-05-14 16:10:55,042'
2026-05-14 16:10:55,042 - DEBUG - 🕸️  Honeypot deployed: /r57.php| extra=asctime='2026-05-14 16:10:55,042'
2026-05-14 16:10:55,050 - DEBUG - 🕸️  Honeypot deployed: /backup.sql| extra=asctime='2026-05-14 16:10:55,050'
2026-05-14 16:10:55,052 - DEBUG - 🕸️  Honeypot deployed: /backup.zip| extra=asctime='2026-05-14 16:10:55,052'
2026-05-14 16:10:55,052 - DEBUG - 🕸️  Honeypot deployed: /database.sql| extra=asctime='2026-05-14 16:10:55,052'
2026-05-14 16:10:55,052 - DEBUG - 🕸️  Honeypot deployed: /dump.sql| extra=asctime='2026-05-14 16:10:55,052'
2026-05-14 16:10:55,052 - DEBUG - 🕸️  Honeypot deployed: /old| extra=asctime='2026-05-14 16:10:55,052'
2026-05-14 16:10:55,061 - DEBUG - 🕸️  Honeypot deployed: /old.zip| extra=asctime='2026-05-14 16:10:55,061'
2026-05-14 16:18:38,777 - DEBUG - 🕸️  Honeypot deployed: /admin| extra=asctime='2026-05-14 16:18:38,777'
2026-05-14 16:18:38,788 - DEBUG - 🕸️  Honeypot deployed: /administrator| extra=asctime='2026-05-14 16:18:38,788'
2026-05-14 16:18:38,788 - DEBUG - 🕸️  Honeypot deployed: /admin.php| extra=asctime='2026-05-14 16:18:38,788'
2026-05-14 16:18:38,788 - DEBUG - 🕸️  Honeypot deployed: /admin/login| extra=asctime='2026-05-14 16:18:38,788'
2026-05-14 16:18:38,798 - DEBUG - 🕸️  Honeypot deployed: /wp-admin| extra=asctime='2026-05-14 16:18:38,798'
2026-05-14 16:18:38,798 - DEBUG - 🕸️  Honeypot deployed: /wp-login.php| extra=asctime='2026-05-14 16:18:38,798'
2026-05-14 16:18:38,798 - DEBUG - 🕸️  Honeypot deployed: /wp-admin/admin-ajax.php| extra=asctime='2026-05-14 16:18:38,798'
2026-05-14 16:18:38,798 - DEBUG - 🕸️  Honeypot deployed: /phpmyadmin| extra=asctime='2026-05-14 16:18:38,798'
2026-05-14 16:18:38,806 - DEBUG - 🕸️  Honeypot deployed: /pma| extra=asctime='2026-05-14 16:18:38,806'
2026-05-14 16:18:38,808 - DEBUG - 🕸️  Honeypot deployed: /phpMyAdmin| extra=asctime='2026-05-14 16:18:38,808'
2026-05-14 16:18:38,808 - DEBUG - 🕸️  Honeypot deployed: /mysql| extra=asctime='2026-05-14 16:18:38,808'
2026-05-14 16:18:38,808 - DEBUG - 🕸️  Honeypot deployed: /adminer| extra=asctime='2026-05-14 16:18:38,808'
2026-05-14 16:18:38,808 - DEBUG - 🕸️  Honeypot deployed: /adminer.php| extra=asctime='2026-05-14 16:18:38,808'
2026-05-14 16:18:38,818 - DEBUG - 🕸️  Honeypot deployed: /db| extra=asctime='2026-05-14 16:18:38,818'
2026-05-14 16:18:38,818 - DEBUG - 🕸️  Honeypot deployed: /database| extra=asctime='2026-05-14 16:18:38,818'
2026-05-14 16:18:38,818 - DEBUG - 🕸️  Honeypot deployed: /.env| extra=asctime='2026-05-14 16:18:38,818'
2026-05-14 16:18:38,818 - DEBUG - 🕸️  Honeypot deployed: /.env.local| extra=asctime='2026-05-14 16:18:38,818'
2026-05-14 16:18:38,828 - DEBUG - 🕸️  Honeypot deployed: /.env.production| extra=asctime='2026-05-14 16:18:38,828'
2026-05-14 16:18:38,828 - DEBUG - 🕸️  Honeypot deployed: /config.php| extra=asctime='2026-05-14 16:18:38,828'
2026-05-14 16:18:38,828 - DEBUG - 🕸️  Honeypot deployed: /configuration.php| extra=asctime='2026-05-14 16:18:38,828'
2026-05-14 16:18:38,836 - DEBUG - 🕸️  Honeypot deployed: /wp-config.php| extra=asctime='2026-05-14 16:18:38,836'
2026-05-14 16:18:38,838 - DEBUG - 🕸️  Honeypot deployed: /.git/config| extra=asctime='2026-05-14 16:18:38,838'
2026-05-14 16:18:38,838 - DEBUG - 🕸️  Honeypot deployed: /.git/HEAD| extra=asctime='2026-05-14 16:18:38,838'
2026-05-14 16:18:38,838 - DEBUG - 🕸️  Honeypot deployed: /.aws/credentials| extra=asctime='2026-05-14 16:18:38,838'
2026-05-14 16:18:38,846 - DEBUG - 🕸️  Honeypot deployed: /xmlrpc.php| extra=asctime='2026-05-14 16:18:38,846'
2026-05-14 16:18:38,848 - DEBUG - 🕸️  Honeypot deployed: /phpinfo.php| extra=asctime='2026-05-14 16:18:38,848'
2026-05-14 16:18:38,848 - DEBUG - 🕸️  Honeypot deployed: /info.php| extra=asctime='2026-05-14 16:18:38,848'
2026-05-14 16:18:38,848 - DEBUG - 🕸️  Honeypot deployed: /shell.php| extra=asctime='2026-05-14 16:18:38,848'
2026-05-14 16:18:38,848 - DEBUG - 🕸️  Honeypot deployed: /c99.php| extra=asctime='2026-05-14 16:18:38,848'
2026-05-14 16:18:38,857 - DEBUG - 🕸️  Honeypot deployed: /r57.php| extra=asctime='2026-05-14 16:18:38,857'
2026-05-14 16:18:38,859 - DEBUG - 🕸️  Honeypot deployed: /backup.sql| extra=asctime='2026-05-14 16:18:38,859'
2026-05-14 16:18:38,859 - DEBUG - 🕸️  Honeypot deployed: /backup.zip| extra=asctime='2026-05-14 16:18:38,859'
2026-05-14 16:18:38,859 - DEBUG - 🕸️  Honeypot deployed: /database.sql| extra=asctime='2026-05-14 16:18:38,859'
2026-05-14 16:18:38,859 - DEBUG - 🕸️  Honeypot deployed: /dump.sql| extra=asctime='2026-05-14 16:18:38,859'
2026-05-14 16:18:38,877 - DEBUG - 🕸️  Honeypot deployed: /old| extra=asctime='2026-05-14 16:18:38,877'
2026-05-14 16:18:38,879 - DEBUG - 🕸️  Honeypot deployed: /old.zip| extra=asctime='2026-05-14 16:18:38,879'
2026-05-14 16:19:33,873 - DEBUG - 🕸️  Honeypot deployed: /admin| extra=asctime='2026-05-14 16:19:33,873'
2026-05-14 16:19:33,873 - DEBUG - 🕸️  Honeypot deployed: /administrator| extra=asctime='2026-05-14 16:19:33,873'
2026-05-14 16:19:33,873 - DEBUG - 🕸️  Honeypot deployed: /admin.php| extra=asctime='2026-05-14 16:19:33,873'
2026-05-14 16:19:33,881 - DEBUG - 🕸️  Honeypot deployed: /admin/login| extra=asctime='2026-05-14 16:19:33,881'
2026-05-14 16:19:33,881 - DEBUG - 🕸️  Honeypot deployed: /wp-admin| extra=asctime='2026-05-14 16:19:33,881'
2026-05-14 16:19:33,883 - DEBUG - 🕸️  Honeypot deployed: /wp-login.php| extra=asctime='2026-05-14 16:19:33,883'
2026-05-14 16:19:33,883 - DEBUG - 🕸️  Honeypot deployed: /wp-admin/admin-ajax.php| extra=asctime='2026-05-14 16:19:33,883'
2026-05-14 16:19:33,883 - DEBUG - 🕸️  Honeypot deployed: /phpmyadmin| extra=asctime='2026-05-14 16:19:33,883'
2026-05-14 16:19:33,883 - DEBUG - 🕸️  Honeypot deployed: /pma| extra=asctime='2026-05-14 16:19:33,883'
2026-05-14 16:19:33,883 - DEBUG - 🕸️  Honeypot deployed: /phpMyAdmin| extra=asctime='2026-05-14 16:19:33,883'
2026-05-14 16:19:33,883 - DEBUG - 🕸️  Honeypot deployed: /mysql| extra=asctime='2026-05-14 16:19:33,883'
2026-05-14 16:19:33,891 - DEBUG - 🕸️  Honeypot deployed: /adminer| extra=asctime='2026-05-14 16:19:33,891'
2026-05-14 16:19:33,891 - DEBUG - 🕸️  Honeypot deployed: /adminer.php| extra=asctime='2026-05-14 16:19:33,891'
2026-05-14 16:19:33,893 - DEBUG - 🕸️  Honeypot deployed: /db| extra=asctime='2026-05-14 16:19:33,893'
2026-05-14 16:19:33,893 - DEBUG - 🕸️  Honeypot deployed: /database| extra=asctime='2026-05-14 16:19:33,893'
2026-05-14 16:19:33,893 - DEBUG - 🕸️  Honeypot deployed: /.env| extra=asctime='2026-05-14 16:19:33,893'
2026-05-14 16:19:33,893 - DEBUG - 🕸️  Honeypot deployed: /.env.local| extra=asctime='2026-05-14 16:19:33,893'
2026-05-14 16:19:33,893 - DEBUG - 🕸️  Honeypot deployed: /.env.production| extra=asctime='2026-05-14 16:19:33,893'
2026-05-14 16:19:33,901 - DEBUG - 🕸️  Honeypot deployed: /config.php| extra=asctime='2026-05-14 16:19:33,901'
2026-05-14 16:19:33,901 - DEBUG - 🕸️  Honeypot deployed: /configuration.php| extra=asctime='2026-05-14 16:19:33,901'
2026-05-14 16:19:33,903 - DEBUG - 🕸️  Honeypot deployed: /wp-config.php| extra=asctime='2026-05-14 16:19:33,903'
2026-05-14 16:19:33,903 - DEBUG - 🕸️  Honeypot deployed: /.git/config| extra=asctime='2026-05-14 16:19:33,903'
2026-05-14 16:19:33,903 - DEBUG - 🕸️  Honeypot deployed: /.git/HEAD| extra=asctime='2026-05-14 16:19:33,903'
2026-05-14 16:19:33,903 - DEBUG - 🕸️  Honeypot deployed: /.aws/credentials| extra=asctime='2026-05-14 16:19:33,903'
2026-05-14 16:19:33,903 - DEBUG - 🕸️  Honeypot deployed: /xmlrpc.php| extra=asctime='2026-05-14 16:19:33,903'
2026-05-14 16:19:33,903 - DEBUG - 🕸️  Honeypot deployed: /phpinfo.php| extra=asctime='2026-05-14 16:19:33,903'
2026-05-14 16:19:33,912 - DEBUG - 🕸️  Honeypot deployed: /info.php| extra=asctime='2026-05-14 16:19:33,912'
2026-05-14 16:19:33,914 - DEBUG - 🕸️  Honeypot deployed: /shell.php| extra=asctime='2026-05-14 16:19:33,914'
2026-05-14 16:19:33,914 - DEBUG - 🕸️  Honeypot deployed: /c99.php| extra=asctime='2026-05-14 16:19:33,914'
2026-05-14 16:19:33,914 - DEBUG - 🕸️  Honeypot deployed: /r57.php| extra=asctime='2026-05-14 16:19:33,914'
2026-05-14 16:19:33,914 - DEBUG - 🕸️  Honeypot deployed: /backup.sql| extra=asctime='2026-05-14 16:19:33,914'
2026-05-14 16:19:33,914 - DEBUG - 🕸️  Honeypot deployed: /backup.zip| extra=asctime='2026-05-14 16:19:33,914'
2026-05-14 16:19:33,914 - DEBUG - 🕸️  Honeypot deployed: /database.sql| extra=asctime='2026-05-14 16:19:33,914'
2026-05-14 16:19:33,914 - DEBUG - 🕸️  Honeypot deployed: /dump.sql| extra=asctime='2026-05-14 16:19:33,914'
2026-05-14 16:19:33,914 - DEBUG - 🕸️  Honeypot deployed: /old| extra=asctime='2026-05-14 16:19:33,914'
2026-05-14 16:19:33,922 - DEBUG - 🕸️  Honeypot deployed: /old.zip| extra=asctime='2026-05-14 16:19:33,922'
2026-05-14 16:22:15,061 - DEBUG - 🕸️  Honeypot deployed: /admin| extra=asctime='2026-05-14 16:22:15,061'
2026-05-14 16:22:15,061 - DEBUG - 🕸️  Honeypot deployed: /administrator| extra=asctime='2026-05-14 16:22:15,061'
2026-05-14 16:22:15,071 - DEBUG - 🕸️  Honeypot deployed: /admin.php| extra=asctime='2026-05-14 16:22:15,071'
2026-05-14 16:22:15,071 - DEBUG - 🕸️  Honeypot deployed: /admin/login| extra=asctime='2026-05-14 16:22:15,071'
2026-05-14 16:22:15,071 - DEBUG - 🕸️  Honeypot deployed: /wp-admin| extra=asctime='2026-05-14 16:22:15,071'
2026-05-14 16:22:15,071 - DEBUG - 🕸️  Honeypot deployed: /wp-login.php| extra=asctime='2026-05-14 16:22:15,071'
2026-05-14 16:22:15,071 - DEBUG - 🕸️  Honeypot deployed: /wp-admin/admin-ajax.php| extra=asctime='2026-05-14 16:22:15,071'
2026-05-14 16:22:15,071 - DEBUG - 🕸️  Honeypot deployed: /phpmyadmin| extra=asctime='2026-05-14 16:22:15,071'
2026-05-14 16:22:15,080 - DEBUG - 🕸️  Honeypot deployed: /pma| extra=asctime='2026-05-14 16:22:15,080'
2026-05-14 16:22:15,080 - DEBUG - 🕸️  Honeypot deployed: /phpMyAdmin| extra=asctime='2026-05-14 16:22:15,080'
2026-05-14 16:22:15,082 - DEBUG - 🕸️  Honeypot deployed: /mysql| extra=asctime='2026-05-14 16:22:15,082'
2026-05-14 16:22:15,082 - DEBUG - 🕸️  Honeypot deployed: /adminer| extra=asctime='2026-05-14 16:22:15,082'
2026-05-14 16:22:15,082 - DEBUG - 🕸️  Honeypot deployed: /adminer.php| extra=asctime='2026-05-14 16:22:15,082'
2026-05-14 16:22:15,082 - DEBUG - 🕸️  Honeypot deployed: /db| extra=asctime='2026-05-14 16:22:15,082'
2026-05-14 16:22:15,082 - DEBUG - 🕸️  Honeypot deployed: /database| extra=asctime='2026-05-14 16:22:15,082'
2026-05-14 16:22:15,082 - DEBUG - 🕸️  Honeypot deployed: /.env| extra=asctime='2026-05-14 16:22:15,082'
2026-05-14 16:22:15,090 - DEBUG - 🕸️  Honeypot deployed: /.env.local| extra=asctime='2026-05-14 16:22:15,090'
2026-05-14 16:22:15,090 - DEBUG - 🕸️  Honeypot deployed: /.env.production| extra=asctime='2026-05-14 16:22:15,090'
2026-05-14 16:22:15,092 - DEBUG - 🕸️  Honeypot deployed: /config.php| extra=asctime='2026-05-14 16:22:15,092'
2026-05-14 16:22:15,092 - DEBUG - 🕸️  Honeypot deployed: /configuration.php| extra=asctime='2026-05-14 16:22:15,092'
2026-05-14 16:22:15,092 - DEBUG - 🕸️  Honeypot deployed: /wp-config.php| extra=asctime='2026-05-14 16:22:15,092'
2026-05-14 16:22:15,092 - DEBUG - 🕸️  Honeypot deployed: /.git/config| extra=asctime='2026-05-14 16:22:15,092'
2026-05-14 16:22:15,092 - DEBUG - 🕸️  Honeypot deployed: /.git/HEAD| extra=asctime='2026-05-14 16:22:15,092'
2026-05-14 16:22:15,092 - DEBUG - 🕸️  Honeypot deployed: /.aws/credentials| extra=asctime='2026-05-14 16:22:15,092'
2026-05-14 16:22:15,100 - DEBUG - 🕸️  Honeypot deployed: /xmlrpc.php| extra=asctime='2026-05-14 16:22:15,100'
2026-05-14 16:22:15,102 - DEBUG - 🕸️  Honeypot deployed: /phpinfo.php| extra=asctime='2026-05-14 16:22:15,102'
2026-05-14 16:22:15,102 - DEBUG - 🕸️  Honeypot deployed: /info.php| extra=asctime='2026-05-14 16:22:15,102'
2026-05-14 16:22:15,102 - DEBUG - 🕸️  Honeypot deployed: /shell.php| extra=asctime='2026-05-14 16:22:15,102'
2026-05-14 16:22:15,102 - DEBUG - 🕸️  Honeypot deployed: /c99.php| extra=asctime='2026-05-14 16:22:15,102'
2026-05-14 16:22:15,102 - DEBUG - 🕸️  Honeypot deployed: /r57.php| extra=asctime='2026-05-14 16:22:15,102'
2026-05-14 16:22:15,102 - DEBUG - 🕸️  Honeypot deployed: /backup.sql| extra=asctime='2026-05-14 16:22:15,102'
2026-05-14 16:22:15,102 - DEBUG - 🕸️  Honeypot deployed: /backup.zip| extra=asctime='2026-05-14 16:22:15,102'
2026-05-14 16:22:15,110 - DEBUG - 🕸️  Honeypot deployed: /database.sql| extra=asctime='2026-05-14 16:22:15,110'
2026-05-14 16:22:15,110 - DEBUG - 🕸️  Honeypot deployed: /dump.sql| extra=asctime='2026-05-14 16:22:15,110'
2026-05-14 16:22:15,112 - DEBUG - 🕸️  Honeypot deployed: /old| extra=asctime='2026-05-14 16:22:15,112'
2026-05-14 16:22:15,112 - DEBUG - 🕸️  Honeypot deployed: /old.zip| extra=asctime='2026-05-14 16:22:15,112'
2026-05-14 16:22:24,446 - DEBUG - 🕸️  Honeypot deployed: /admin| extra=asctime='2026-05-14 16:22:24,446'
2026-05-14 16:22:24,446 - DEBUG - 🕸️  Honeypot deployed: /administrator| extra=asctime='2026-05-14 16:22:24,446'
2026-05-14 16:22:24,446 - DEBUG - 🕸️  Honeypot deployed: /admin.php| extra=asctime='2026-05-14 16:22:24,446'
2026-05-14 16:22:24,454 - DEBUG - 🕸️  Honeypot deployed: /admin/login| extra=asctime='2026-05-14 16:22:24,454'
2026-05-14 16:22:24,456 - DEBUG - 🕸️  Honeypot deployed: /wp-admin| extra=asctime='2026-05-14 16:22:24,456'
2026-05-14 16:22:24,456 - DEBUG - 🕸️  Honeypot deployed: /wp-login.php| extra=asctime='2026-05-14 16:22:24,456'
2026-05-14 16:22:24,456 - DEBUG - 🕸️  Honeypot deployed: /wp-admin/admin-ajax.php| extra=asctime='2026-05-14 16:22:24,456'
2026-05-14 16:22:24,456 - DEBUG - 🕸️  Honeypot deployed: /phpmyadmin| extra=asctime='2026-05-14 16:22:24,456'
2026-05-14 16:22:24,456 - DEBUG - 🕸️  Honeypot deployed: /pma| extra=asctime='2026-05-14 16:22:24,456'
2026-05-14 16:22:24,456 - DEBUG - 🕸️  Honeypot deployed: /phpMyAdmin| extra=asctime='2026-05-14 16:22:24,456'
2026-05-14 16:22:24,456 - DEBUG - 🕸️  Honeypot deployed: /mysql| extra=asctime='2026-05-14 16:22:24,456'
2026-05-14 16:22:24,456 - DEBUG - 🕸️  Honeypot deployed: /adminer| extra=asctime='2026-05-14 16:22:24,456'
2026-05-14 16:22:24,464 - DEBUG - 🕸️  Honeypot deployed: /adminer.php| extra=asctime='2026-05-14 16:22:24,464'
2026-05-14 16:22:24,464 - DEBUG - 🕸️  Honeypot deployed: /db| extra=asctime='2026-05-14 16:22:24,464'
2026-05-14 16:22:24,466 - DEBUG - 🕸️  Honeypot deployed: /database| extra=asctime='2026-05-14 16:22:24,466'
2026-05-14 16:22:24,466 - DEBUG - 🕸️  Honeypot deployed: /.env| extra=asctime='2026-05-14 16:22:24,466'
2026-05-14 16:22:24,466 - DEBUG - 🕸️  Honeypot deployed: /.env.local| extra=asctime='2026-05-14 16:22:24,466'
2026-05-14 16:22:24,466 - DEBUG - 🕸️  Honeypot deployed: /.env.production| extra=asctime='2026-05-14 16:22:24,466'
2026-05-14 16:22:24,466 - DEBUG - 🕸️  Honeypot deployed: /config.php| extra=asctime='2026-05-14 16:22:24,466'
2026-05-14 16:22:24,466 - DEBUG - 🕸️  Honeypot deployed: /configuration.php| extra=asctime='2026-05-14 16:22:24,466'
2026-05-14 16:22:24,466 - DEBUG - 🕸️  Honeypot deployed: /wp-config.php| extra=asctime='2026-05-14 16:22:24,466'
2026-05-14 16:22:24,474 - DEBUG - 🕸️  Honeypot deployed: /.git/config| extra=asctime='2026-05-14 16:22:24,474'
2026-05-14 16:22:24,474 - DEBUG - 🕸️  Honeypot deployed: /.git/HEAD| extra=asctime='2026-05-14 16:22:24,474'
2026-05-14 16:22:24,476 - DEBUG - 🕸️  Honeypot deployed: /.aws/credentials| extra=asctime='2026-05-14 16:22:24,476'
2026-05-14 16:22:24,476 - DEBUG - 🕸️  Honeypot deployed: /xmlrpc.php| extra=asctime='2026-05-14 16:22:24,476'
2026-05-14 16:22:24,476 - DEBUG - 🕸️  Honeypot deployed: /phpinfo.php| extra=asctime='2026-05-14 16:22:24,476'
2026-05-14 16:22:24,476 - DEBUG - 🕸️  Honeypot deployed: /info.php| extra=asctime='2026-05-14 16:22:24,476'
2026-05-14 16:22:24,476 - DEBUG - 🕸️  Honeypot deployed: /shell.php| extra=asctime='2026-05-14 16:22:24,476'
2026-05-14 16:22:24,476 - DEBUG - 🕸️  Honeypot deployed: /c99.php| extra=asctime='2026-05-14 16:22:24,476'
2026-05-14 16:22:24,476 - DEBUG - 🕸️  Honeypot deployed: /r57.php| extra=asctime='2026-05-14 16:22:24,476'
2026-05-14 16:22:24,476 - DEBUG - 🕸️  Honeypot deployed: /backup.sql| extra=asctime='2026-05-14 16:22:24,476'
2026-05-14 16:22:24,484 - DEBUG - 🕸️  Honeypot deployed: /backup.zip| extra=asctime='2026-05-14 16:22:24,484'
2026-05-14 16:22:24,484 - DEBUG - 🕸️  Honeypot deployed: /database.sql| extra=asctime='2026-05-14 16:22:24,484'
2026-05-14 16:22:24,486 - DEBUG - 🕸️  Honeypot deployed: /dump.sql| extra=asctime='2026-05-14 16:22:24,486'
2026-05-14 16:22:24,486 - DEBUG - 🕸️  Honeypot deployed: /old| extra=asctime='2026-05-14 16:22:24,486'
2026-05-14 16:22:24,486 - DEBUG - 🕸️  Honeypot deployed: /old.zip| extra=asctime='2026-05-14 16:22:24,486'
2026-05-14 16:27:20,817 - DEBUG - 🕸️  Honeypot deployed: /admin| extra=asctime='2026-05-14 16:27:20,817'
2026-05-14 16:27:20,819 - DEBUG - 🕸️  Honeypot deployed: /administrator| extra=asctime='2026-05-14 16:27:20,819'
2026-05-14 16:27:20,846 - DEBUG - 🕸️  Honeypot deployed: /admin.php| extra=asctime='2026-05-14 16:27:20,846'
2026-05-14 16:27:20,935 - DEBUG - 🕸️  Honeypot deployed: /admin/login| extra=asctime='2026-05-14 16:27:20,935'
2026-05-14 16:27:20,943 - DEBUG - 🕸️  Honeypot deployed: /wp-admin| extra=asctime='2026-05-14 16:27:20,943'
2026-05-14 16:27:20,949 - DEBUG - 🕸️  Honeypot deployed: /wp-login.php| extra=asctime='2026-05-14 16:27:20,949'
2026-05-14 16:27:20,952 - DEBUG - 🕸️  Honeypot deployed: /wp-admin/admin-ajax.php| extra=asctime='2026-05-14 16:27:20,952'
2026-05-14 16:27:20,955 - DEBUG - 🕸️  Honeypot deployed: /phpmyadmin| extra=asctime='2026-05-14 16:27:20,955'
2026-05-14 16:27:20,969 - DEBUG - 🕸️  Honeypot deployed: /pma| extra=asctime='2026-05-14 16:27:20,969'
2026-05-14 16:27:20,998 - DEBUG - 🕸️  Honeypot deployed: /phpMyAdmin| extra=asctime='2026-05-14 16:27:20,998'
2026-05-14 16:27:21,000 - DEBUG - 🕸️  Honeypot deployed: /mysql| extra=asctime='2026-05-14 16:27:21,000'
2026-05-14 16:27:21,004 - DEBUG - 🕸️  Honeypot deployed: /adminer| extra=asctime='2026-05-14 16:27:21,004'
2026-05-14 16:27:21,006 - DEBUG - 🕸️  Honeypot deployed: /adminer.php| extra=asctime='2026-05-14 16:27:21,006'
2026-05-14 16:27:21,016 - DEBUG - 🕸️  Honeypot deployed: /db| extra=asctime='2026-05-14 16:27:21,016'
2026-05-14 16:27:21,020 - DEBUG - 🕸️  Honeypot deployed: /database| extra=asctime='2026-05-14 16:27:21,020'
2026-05-14 16:27:21,032 - DEBUG - 🕸️  Honeypot deployed: /.env| extra=asctime='2026-05-14 16:27:21,032'
2026-05-14 16:27:21,075 - DEBUG - 🕸️  Honeypot deployed: /.env.local| extra=asctime='2026-05-14 16:27:21,075'
2026-05-14 16:27:21,077 - DEBUG - 🕸️  Honeypot deployed: /.env.production| extra=asctime='2026-05-14 16:27:21,077'
2026-05-14 16:27:21,355 - DEBUG - 🕸️  Honeypot deployed: /config.php| extra=asctime='2026-05-14 16:27:21,355'
2026-05-14 16:27:21,361 - DEBUG - 🕸️  Honeypot deployed: /configuration.php| extra=asctime='2026-05-14 16:27:21,361'
2026-05-14 16:27:21,363 - DEBUG - 🕸️  Honeypot deployed: /wp-config.php| extra=asctime='2026-05-14 16:27:21,363'
2026-05-14 16:27:21,372 - DEBUG - 🕸️  Honeypot deployed: /.git/config| extra=asctime='2026-05-14 16:27:21,372'
2026-05-14 16:27:21,377 - DEBUG - 🕸️  Honeypot deployed: /.git/HEAD| extra=asctime='2026-05-14 16:27:21,377'
2026-05-14 16:27:21,379 - DEBUG - 🕸️  Honeypot deployed: /.aws/credentials| extra=asctime='2026-05-14 16:27:21,379'
2026-05-14 16:27:21,388 - DEBUG - 🕸️  Honeypot deployed: /xmlrpc.php| extra=asctime='2026-05-14 16:27:21,388'
2026-05-14 16:27:21,394 - DEBUG - 🕸️  Honeypot deployed: /phpinfo.php| extra=asctime='2026-05-14 16:27:21,394'
2026-05-14 16:27:21,400 - DEBUG - 🕸️  Honeypot deployed: /info.php| extra=asctime='2026-05-14 16:27:21,400'
2026-05-14 16:27:21,403 - DEBUG - 🕸️  Honeypot deployed: /shell.php| extra=asctime='2026-05-14 16:27:21,403'
2026-05-14 16:27:21,452 - DEBUG - 🕸️  Honeypot deployed: /c99.php| extra=asctime='2026-05-14 16:27:21,452'
2026-05-14 16:27:21,454 - DEBUG - 🕸️  Honeypot deployed: /r57.php| extra=asctime='2026-05-14 16:27:21,454'
2026-05-14 16:27:21,492 - DEBUG - 🕸️  Honeypot deployed: /backup.sql| extra=asctime='2026-05-14 16:27:21,492'
2026-05-14 16:27:21,497 - DEBUG - 🕸️  Honeypot deployed: /backup.zip| extra=asctime='2026-05-14 16:27:21,497'
2026-05-14 16:27:21,517 - DEBUG - 🕸️  Honeypot deployed: /database.sql| extra=asctime='2026-05-14 16:27:21,517'
2026-05-14 16:27:21,519 - DEBUG - 🕸️  Honeypot deployed: /dump.sql| extra=asctime='2026-05-14 16:27:21,519'
2026-05-14 16:27:21,521 - DEBUG - 🕸️  Honeypot deployed: /old| extra=asctime='2026-05-14 16:27:21,521'
2026-05-14 16:27:21,595 - DEBUG - 🕸️  Honeypot deployed: /old.zip| extra=asctime='2026-05-14 16:27:21,595'
2026-05-14 16:27:43,772 - DEBUG - 🚨 BAD UA detected: curl/8.12.1... from 127.0.0.1| extra=asctime='2026-05-14 16:27:43,772'
2026-05-14 17:28:42,294 - DEBUG - 🕸️  Honeypot deployed: /admin| extra=asctime='2026-05-14 17:28:42,294'
2026-05-14 17:28:42,296 - DEBUG - 🕸️  Honeypot deployed: /administrator| extra=asctime='2026-05-14 17:28:42,296'
2026-05-14 17:28:42,296 - DEBUG - 🕸️  Honeypot deployed: /admin.php| extra=asctime='2026-05-14 17:28:42,296'
2026-05-14 17:28:42,296 - DEBUG - 🕸️  Honeypot deployed: /admin/login| extra=asctime='2026-05-14 17:28:42,296'
2026-05-14 17:28:42,296 - DEBUG - 🕸️  Honeypot deployed: /wp-admin| extra=asctime='2026-05-14 17:28:42,296'
2026-05-14 17:28:42,304 - DEBUG - 🕸️  Honeypot deployed: /wp-login.php| extra=asctime='2026-05-14 17:28:42,304'
2026-05-14 17:28:42,304 - DEBUG - 🕸️  Honeypot deployed: /wp-admin/admin-ajax.php| extra=asctime='2026-05-14 17:28:42,304'
2026-05-14 17:28:42,306 - DEBUG - 🕸️  Honeypot deployed: /phpmyadmin| extra=asctime='2026-05-14 17:28:42,306'
2026-05-14 17:28:42,306 - DEBUG - 🕸️  Honeypot deployed: /pma| extra=asctime='2026-05-14 17:28:42,306'
2026-05-14 17:28:42,306 - DEBUG - 🕸️  Honeypot deployed: /phpMyAdmin| extra=asctime='2026-05-14 17:28:42,306'
2026-05-14 17:28:42,306 - DEBUG - 🕸️  Honeypot deployed: /mysql| extra=asctime='2026-05-14 17:28:42,306'
2026-05-14 17:28:42,306 - DEBUG - 🕸️  Honeypot deployed: /adminer| extra=asctime='2026-05-14 17:28:42,306'
2026-05-14 17:28:42,306 - DEBUG - 🕸️  Honeypot deployed: /adminer.php| extra=asctime='2026-05-14 17:28:42,306'
2026-05-14 17:28:42,306 - DEBUG - 🕸️  Honeypot deployed: /db| extra=asctime='2026-05-14 17:28:42,306'
2026-05-14 17:28:42,314 - DEBUG - 🕸️  Honeypot deployed: /database| extra=asctime='2026-05-14 17:28:42,314'
2026-05-14 17:28:42,314 - DEBUG - 🕸️  Honeypot deployed: /.env| extra=asctime='2026-05-14 17:28:42,314'
2026-05-14 17:28:42,317 - DEBUG - 🕸️  Honeypot deployed: /.env.local| extra=asctime='2026-05-14 17:28:42,317'
2026-05-14 17:28:42,317 - DEBUG - 🕸️  Honeypot deployed: /.env.production| extra=asctime='2026-05-14 17:28:42,317'
2026-05-14 17:28:42,317 - DEBUG - 🕸️  Honeypot deployed: /config.php| extra=asctime='2026-05-14 17:28:42,317'
2026-05-14 17:28:42,317 - DEBUG - 🕸️  Honeypot deployed: /configuration.php| extra=asctime='2026-05-14 17:28:42,317'
2026-05-14 17:28:42,317 - DEBUG - 🕸️  Honeypot deployed: /wp-config.php| extra=asctime='2026-05-14 17:28:42,317'
2026-05-14 17:28:42,317 - DEBUG - 🕸️  Honeypot deployed: /.git/config| extra=asctime='2026-05-14 17:28:42,317'
2026-05-14 17:28:42,317 - DEBUG - 🕸️  Honeypot deployed: /.git/HEAD| extra=asctime='2026-05-14 17:28:42,317'
2026-05-14 17:28:42,325 - DEBUG - 🕸️  Honeypot deployed: /.aws/credentials| extra=asctime='2026-05-14 17:28:42,325'
2026-05-14 17:28:42,327 - DEBUG - 🕸️  Honeypot deployed: /xmlrpc.php| extra=asctime='2026-05-14 17:28:42,327'
2026-05-14 17:28:42,327 - DEBUG - 🕸️  Honeypot deployed: /phpinfo.php| extra=asctime='2026-05-14 17:28:42,327'
2026-05-14 17:28:42,327 - DEBUG - 🕸️  Honeypot deployed: /info.php| extra=asctime='2026-05-14 17:28:42,327'
2026-05-14 17:28:42,327 - DEBUG - 🕸️  Honeypot deployed: /shell.php| extra=asctime='2026-05-14 17:28:42,327'
2026-05-14 17:28:42,327 - DEBUG - 🕸️  Honeypot deployed: /c99.php| extra=asctime='2026-05-14 17:28:42,327'
2026-05-14 17:28:42,327 - DEBUG - 🕸️  Honeypot deployed: /r57.php| extra=asctime='2026-05-14 17:28:42,327'
2026-05-14 17:28:42,327 - DEBUG - 🕸️  Honeypot deployed: /backup.sql| extra=asctime='2026-05-14 17:28:42,327'
2026-05-14 17:28:42,327 - DEBUG - 🕸️  Honeypot deployed: /backup.zip| extra=asctime='2026-05-14 17:28:42,327'
2026-05-14 17:28:42,335 - DEBUG - 🕸️  Honeypot deployed: /database.sql| extra=asctime='2026-05-14 17:28:42,335'
2026-05-14 17:28:42,335 - DEBUG - 🕸️  Honeypot deployed: /dump.sql| extra=asctime='2026-05-14 17:28:42,335'
2026-05-14 17:28:42,337 - DEBUG - 🕸️  Honeypot deployed: /old| extra=asctime='2026-05-14 17:28:42,337'
2026-05-14 17:28:42,337 - DEBUG - 🕸️  Honeypot deployed: /old.zip| extra=asctime='2026-05-14 17:28:42,337'
2026-05-14 21:42:29,765 - DEBUG - 🕸️  Honeypot deployed: /admin| extra=asctime='2026-05-14 21:42:29,765'
2026-05-14 21:42:29,781 - DEBUG - 🕸️  Honeypot deployed: /administrator| extra=asctime='2026-05-14 21:42:29,781'
2026-05-14 21:42:29,781 - DEBUG - 🕸️  Honeypot deployed: /admin.php| extra=asctime='2026-05-14 21:42:29,781'
2026-05-14 21:42:29,781 - DEBUG - 🕸️  Honeypot deployed: /admin/login| extra=asctime='2026-05-14 21:42:29,781'
2026-05-14 21:42:29,781 - DEBUG - 🕸️  Honeypot deployed: /wp-admin| extra=asctime='2026-05-14 21:42:29,781'
2026-05-14 21:42:29,781 - DEBUG - 🕸️  Honeypot deployed: /wp-login.php| extra=asctime='2026-05-14 21:42:29,781'
2026-05-14 21:42:29,796 - DEBUG - 🕸️  Honeypot deployed: /wp-admin/admin-ajax.php| extra=asctime='2026-05-14 21:42:29,796'
2026-05-14 21:42:29,796 - DEBUG - 🕸️  Honeypot deployed: /phpmyadmin| extra=asctime='2026-05-14 21:42:29,796'
2026-05-14 21:42:29,796 - DEBUG - 🕸️  Honeypot deployed: /pma| extra=asctime='2026-05-14 21:42:29,796'
2026-05-14 21:42:29,796 - DEBUG - 🕸️  Honeypot deployed: /phpMyAdmin| extra=asctime='2026-05-14 21:42:29,796'
2026-05-14 21:42:29,796 - DEBUG - 🕸️  Honeypot deployed: /mysql| extra=asctime='2026-05-14 21:42:29,796'
2026-05-14 21:42:29,796 - DEBUG - 🕸️  Honeypot deployed: /adminer| extra=asctime='2026-05-14 21:42:29,796'
2026-05-14 21:42:29,796 - DEBUG - 🕸️  Honeypot deployed: /adminer.php| extra=asctime='2026-05-14 21:42:29,796'
2026-05-14 21:42:29,796 - DEBUG - 🕸️  Honeypot deployed: /db| extra=asctime='2026-05-14 21:42:29,796'
2026-05-14 21:42:29,796 - DEBUG - 🕸️  Honeypot deployed: /database| extra=asctime='2026-05-14 21:42:29,796'
2026-05-14 21:42:29,796 - DEBUG - 🕸️  Honeypot deployed: /.env| extra=asctime='2026-05-14 21:42:29,796'
2026-05-14 21:42:29,796 - DEBUG - 🕸️  Honeypot deployed: /.env.local| extra=asctime='2026-05-14 21:42:29,796'
2026-05-14 21:42:29,796 - DEBUG - 🕸️  Honeypot deployed: /.env.production| extra=asctime='2026-05-14 21:42:29,796'
2026-05-14 21:42:29,812 - DEBUG - 🕸️  Honeypot deployed: /config.php| extra=asctime='2026-05-14 21:42:29,812'
2026-05-14 21:42:29,812 - DEBUG - 🕸️  Honeypot deployed: /configuration.php| extra=asctime='2026-05-14 21:42:29,812'
2026-05-14 21:42:29,812 - DEBUG - 🕸️  Honeypot deployed: /wp-config.php| extra=asctime='2026-05-14 21:42:29,812'
2026-05-14 21:42:29,812 - DEBUG - 🕸️  Honeypot deployed: /.git/config| extra=asctime='2026-05-14 21:42:29,812'
2026-05-14 21:42:29,812 - DEBUG - 🕸️  Honeypot deployed: /.git/HEAD| extra=asctime='2026-05-14 21:42:29,812'
2026-05-14 21:42:29,812 - DEBUG - 🕸️  Honeypot deployed: /.aws/credentials| extra=asctime='2026-05-14 21:42:29,812'
2026-05-14 21:42:29,812 - DEBUG - 🕸️  Honeypot deployed: /xmlrpc.php| extra=asctime='2026-05-14 21:42:29,812'
2026-05-14 21:42:29,812 - DEBUG - 🕸️  Honeypot deployed: /phpinfo.php| extra=asctime='2026-05-14 21:42:29,812'
2026-05-14 21:42:29,812 - DEBUG - 🕸️  Honeypot deployed: /info.php| extra=asctime='2026-05-14 21:42:29,812'
2026-05-14 21:42:29,812 - DEBUG - 🕸️  Honeypot deployed: /shell.php| extra=asctime='2026-05-14 21:42:29,812'
2026-05-14 21:42:29,812 - DEBUG - 🕸️  Honeypot deployed: /c99.php| extra=asctime='2026-05-14 21:42:29,812'
2026-05-14 21:42:29,812 - DEBUG - 🕸️  Honeypot deployed: /r57.php| extra=asctime='2026-05-14 21:42:29,812'
2026-05-14 21:42:29,828 - DEBUG - 🕸️  Honeypot deployed: /backup.sql| extra=asctime='2026-05-14 21:42:29,828'
2026-05-14 21:42:29,828 - DEBUG - 🕸️  Honeypot deployed: /backup.zip| extra=asctime='2026-05-14 21:42:29,828'
2026-05-14 21:42:29,828 - DEBUG - 🕸️  Honeypot deployed: /database.sql| extra=asctime='2026-05-14 21:42:29,828'
2026-05-14 21:42:29,828 - DEBUG - 🕸️  Honeypot deployed: /dump.sql| extra=asctime='2026-05-14 21:42:29,828'
2026-05-14 21:42:29,828 - DEBUG - 🕸️  Honeypot deployed: /old| extra=asctime='2026-05-14 21:42:29,828'
2026-05-14 21:42:29,828 - DEBUG - 🕸️  Honeypot deployed: /old.zip| extra=asctime='2026-05-14 21:42:29,828'
